Archive member included because of file (symbol)

G:\Ingeniously\I_P-A-S-V-t-tenCI_\Atmel\Librari\MyLibs\PWM_lib\Debug\libPWM_lib.a(PWM_lib.o)
                              Test2_atmega324PA.o (changePwm_MotorLF)
G:\Ingeniously\I_P-A-S-V-t-tenCI_\Atmel\Librari\MyLibs\Sensors\Debug\libSensors.a(Sensors.o)
                              Test2_atmega324PA.o (getDistance)
G:\Ingeniously\I_P-A-S-V-t-tenCI_\Atmel\Librari\MyLibs\Communication\Debug\libCommunication.a(Communication.o)
                              Test2_atmega324PA.o (initUSART1)
G:\Ingeniously\I_P-A-S-V-t-tenCI_\Atmel\Librari\MyLibs\Time\Debug\libTime.a(Time.o)
                              G:\Ingeniously\I_P-A-S-V-t-tenCI_\Atmel\Librari\MyLibs\PWM_lib\Debug\libPWM_lib.a(PWM_lib.o) (executeCommandForTime)
c:/program files (x86)/atmel/atmel toolchain/avr8 gcc/native/3.4.1061/avr8-gnu-toolchain/bin/../lib/gcc/avr/4.8.1/../../../../avr/lib/avr5\libm.a(addsf3.o)
                              G:\Ingeniously\I_P-A-S-V-t-tenCI_\Atmel\Librari\MyLibs\Sensors\Debug\libSensors.a(Sensors.o) (__subsf3)
c:/program files (x86)/atmel/atmel toolchain/avr8 gcc/native/3.4.1061/avr8-gnu-toolchain/bin/../lib/gcc/avr/4.8.1/../../../../avr/lib/avr5\libm.a(addsf3x.o)
                              c:/program files (x86)/atmel/atmel toolchain/avr8 gcc/native/3.4.1061/avr8-gnu-toolchain/bin/../lib/gcc/avr/4.8.1/../../../../avr/lib/avr5\libm.a(addsf3.o) (__addsf3x)
c:/program files (x86)/atmel/atmel toolchain/avr8 gcc/native/3.4.1061/avr8-gnu-toolchain/bin/../lib/gcc/avr/4.8.1/../../../../avr/lib/avr5\libm.a(divsf3.o)
                              G:\Ingeniously\I_P-A-S-V-t-tenCI_\Atmel\Librari\MyLibs\PWM_lib\Debug\libPWM_lib.a(PWM_lib.o) (__divsf3)
c:/program files (x86)/atmel/atmel toolchain/avr8 gcc/native/3.4.1061/avr8-gnu-toolchain/bin/../lib/gcc/avr/4.8.1/../../../../avr/lib/avr5\libm.a(divsf3x.o)
                              c:/program files (x86)/atmel/atmel toolchain/avr8 gcc/native/3.4.1061/avr8-gnu-toolchain/bin/../lib/gcc/avr/4.8.1/../../../../avr/lib/avr5\libm.a(divsf3.o) (__divsf3x)
c:/program files (x86)/atmel/atmel toolchain/avr8 gcc/native/3.4.1061/avr8-gnu-toolchain/bin/../lib/gcc/avr/4.8.1/../../../../avr/lib/avr5\libm.a(fixunssfsi.o)
                              G:\Ingeniously\I_P-A-S-V-t-tenCI_\Atmel\Librari\MyLibs\PWM_lib\Debug\libPWM_lib.a(PWM_lib.o) (__fixunssfsi)
c:/program files (x86)/atmel/atmel toolchain/avr8 gcc/native/3.4.1061/avr8-gnu-toolchain/bin/../lib/gcc/avr/4.8.1/../../../../avr/lib/avr5\libm.a(floatsisf.o)
                              G:\Ingeniously\I_P-A-S-V-t-tenCI_\Atmel\Librari\MyLibs\Sensors\Debug\libSensors.a(Sensors.o) (__floatunsisf)
c:/program files (x86)/atmel/atmel toolchain/avr8 gcc/native/3.4.1061/avr8-gnu-toolchain/bin/../lib/gcc/avr/4.8.1/../../../../avr/lib/avr5\libm.a(floor.o)
                              G:\Ingeniously\I_P-A-S-V-t-tenCI_\Atmel\Librari\MyLibs\Sensors\Debug\libSensors.a(Sensors.o) (floor)
c:/program files (x86)/atmel/atmel toolchain/avr8 gcc/native/3.4.1061/avr8-gnu-toolchain/bin/../lib/gcc/avr/4.8.1/../../../../avr/lib/avr5\libm.a(fp_inf.o)
                              c:/program files (x86)/atmel/atmel toolchain/avr8 gcc/native/3.4.1061/avr8-gnu-toolchain/bin/../lib/gcc/avr/4.8.1/../../../../avr/lib/avr5\libm.a(addsf3x.o) (__fp_inf)
c:/program files (x86)/atmel/atmel toolchain/avr8 gcc/native/3.4.1061/avr8-gnu-toolchain/bin/../lib/gcc/avr/4.8.1/../../../../avr/lib/avr5\libm.a(fp_mintl.o)
                              c:/program files (x86)/atmel/atmel toolchain/avr8 gcc/native/3.4.1061/avr8-gnu-toolchain/bin/../lib/gcc/avr/4.8.1/../../../../avr/lib/avr5\libm.a(floor.o) (__fp_mintl)
c:/program files (x86)/atmel/atmel toolchain/avr8 gcc/native/3.4.1061/avr8-gnu-toolchain/bin/../lib/gcc/avr/4.8.1/../../../../avr/lib/avr5\libm.a(fp_mpack.o)
                              c:/program files (x86)/atmel/atmel toolchain/avr8 gcc/native/3.4.1061/avr8-gnu-toolchain/bin/../lib/gcc/avr/4.8.1/../../../../avr/lib/avr5\libm.a(floor.o) (__fp_mpack)
c:/program files (x86)/atmel/atmel toolchain/avr8 gcc/native/3.4.1061/avr8-gnu-toolchain/bin/../lib/gcc/avr/4.8.1/../../../../avr/lib/avr5\libm.a(fp_nan.o)
                              c:/program files (x86)/atmel/atmel toolchain/avr8 gcc/native/3.4.1061/avr8-gnu-toolchain/bin/../lib/gcc/avr/4.8.1/../../../../avr/lib/avr5\libm.a(addsf3x.o) (__fp_nan)
c:/program files (x86)/atmel/atmel toolchain/avr8 gcc/native/3.4.1061/avr8-gnu-toolchain/bin/../lib/gcc/avr/4.8.1/../../../../avr/lib/avr5\libm.a(fp_pscA.o)
                              c:/program files (x86)/atmel/atmel toolchain/avr8 gcc/native/3.4.1061/avr8-gnu-toolchain/bin/../lib/gcc/avr/4.8.1/../../../../avr/lib/avr5\libm.a(addsf3x.o) (__fp_pscA)
c:/program files (x86)/atmel/atmel toolchain/avr8 gcc/native/3.4.1061/avr8-gnu-toolchain/bin/../lib/gcc/avr/4.8.1/../../../../avr/lib/avr5\libm.a(fp_pscB.o)
                              c:/program files (x86)/atmel/atmel toolchain/avr8 gcc/native/3.4.1061/avr8-gnu-toolchain/bin/../lib/gcc/avr/4.8.1/../../../../avr/lib/avr5\libm.a(addsf3x.o) (__fp_pscB)
c:/program files (x86)/atmel/atmel toolchain/avr8 gcc/native/3.4.1061/avr8-gnu-toolchain/bin/../lib/gcc/avr/4.8.1/../../../../avr/lib/avr5\libm.a(fp_round.o)
                              c:/program files (x86)/atmel/atmel toolchain/avr8 gcc/native/3.4.1061/avr8-gnu-toolchain/bin/../lib/gcc/avr/4.8.1/../../../../avr/lib/avr5\libm.a(addsf3.o) (__fp_round)
c:/program files (x86)/atmel/atmel toolchain/avr8 gcc/native/3.4.1061/avr8-gnu-toolchain/bin/../lib/gcc/avr/4.8.1/../../../../avr/lib/avr5\libm.a(fp_split3.o)
                              c:/program files (x86)/atmel/atmel toolchain/avr8 gcc/native/3.4.1061/avr8-gnu-toolchain/bin/../lib/gcc/avr/4.8.1/../../../../avr/lib/avr5\libm.a(addsf3x.o) (__fp_split3)
c:/program files (x86)/atmel/atmel toolchain/avr8 gcc/native/3.4.1061/avr8-gnu-toolchain/bin/../lib/gcc/avr/4.8.1/../../../../avr/lib/avr5\libm.a(fp_trunc.o)
                              c:/program files (x86)/atmel/atmel toolchain/avr8 gcc/native/3.4.1061/avr8-gnu-toolchain/bin/../lib/gcc/avr/4.8.1/../../../../avr/lib/avr5\libm.a(floor.o) (__fp_trunc)
c:/program files (x86)/atmel/atmel toolchain/avr8 gcc/native/3.4.1061/avr8-gnu-toolchain/bin/../lib/gcc/avr/4.8.1/../../../../avr/lib/avr5\libm.a(fp_zero.o)
                              c:/program files (x86)/atmel/atmel toolchain/avr8 gcc/native/3.4.1061/avr8-gnu-toolchain/bin/../lib/gcc/avr/4.8.1/../../../../avr/lib/avr5\libm.a(addsf3x.o) (__fp_zero)
c:/program files (x86)/atmel/atmel toolchain/avr8 gcc/native/3.4.1061/avr8-gnu-toolchain/bin/../lib/gcc/avr/4.8.1/../../../../avr/lib/avr5\libm.a(lrint.o)
                              G:\Ingeniously\I_P-A-S-V-t-tenCI_\Atmel\Librari\MyLibs\Sensors\Debug\libSensors.a(Sensors.o) (lrint)
c:/program files (x86)/atmel/atmel toolchain/avr8 gcc/native/3.4.1061/avr8-gnu-toolchain/bin/../lib/gcc/avr/4.8.1/../../../../avr/lib/avr5\libm.a(mulsf3.o)
                              G:\Ingeniously\I_P-A-S-V-t-tenCI_\Atmel\Librari\MyLibs\PWM_lib\Debug\libPWM_lib.a(PWM_lib.o) (__mulsf3)
c:/program files (x86)/atmel/atmel toolchain/avr8 gcc/native/3.4.1061/avr8-gnu-toolchain/bin/../lib/gcc/avr/4.8.1/../../../../avr/lib/avr5\libm.a(mulsf3x.o)
                              c:/program files (x86)/atmel/atmel toolchain/avr8 gcc/native/3.4.1061/avr8-gnu-toolchain/bin/../lib/gcc/avr/4.8.1/../../../../avr/lib/avr5\libm.a(mulsf3.o) (__mulsf3x)
c:/program files (x86)/atmel/atmel toolchain/avr8 gcc/native/3.4.1061/avr8-gnu-toolchain/bin/../lib/gcc/avr/4.8.1/avr5\libgcc.a(_udivmodsi4.o)
                              G:\Ingeniously\I_P-A-S-V-t-tenCI_\Atmel\Librari\MyLibs\Sensors\Debug\libSensors.a(Sensors.o) (__udivmodsi4)
c:/program files (x86)/atmel/atmel toolchain/avr8 gcc/native/3.4.1061/avr8-gnu-toolchain/bin/../lib/gcc/avr/4.8.1/avr5\libgcc.a(_divmodsi4.o)
                              G:\Ingeniously\I_P-A-S-V-t-tenCI_\Atmel\Librari\MyLibs\Sensors\Debug\libSensors.a(Sensors.o) (__divmodsi4)
c:/program files (x86)/atmel/atmel toolchain/avr8 gcc/native/3.4.1061/avr8-gnu-toolchain/bin/../lib/gcc/avr/4.8.1/avr5\libgcc.a(_negsi2.o)
                              c:/program files (x86)/atmel/atmel toolchain/avr8 gcc/native/3.4.1061/avr8-gnu-toolchain/bin/../lib/gcc/avr/4.8.1/avr5\libgcc.a(_divmodsi4.o) (__negsi2)
c:/program files (x86)/atmel/atmel toolchain/avr8 gcc/native/3.4.1061/avr8-gnu-toolchain/bin/../lib/gcc/avr/4.8.1/avr5\libgcc.a(_exit.o)
                              c:/program files (x86)/atmel/atmel toolchain/avr8 gcc/native/3.4.1061/avr8-gnu-toolchain/bin/../lib/gcc/avr/4.8.1/../../../../avr/lib/avr5/crtm324pa.o (exit)
c:/program files (x86)/atmel/atmel toolchain/avr8 gcc/native/3.4.1061/avr8-gnu-toolchain/bin/../lib/gcc/avr/4.8.1/avr5\libgcc.a(_copy_data.o)
                              Test2_atmega324PA.o (__do_copy_data)
c:/program files (x86)/atmel/atmel toolchain/avr8 gcc/native/3.4.1061/avr8-gnu-toolchain/bin/../lib/gcc/avr/4.8.1/avr5\libgcc.a(_clear_bss.o)
                              Test2_atmega324PA.o (__do_clear_bss)
c:/program files (x86)/atmel/atmel toolchain/avr8 gcc/native/3.4.1061/avr8-gnu-toolchain/bin/../lib/gcc/avr/4.8.1/avr5\libgcc.a(_umulhisi3.o)
                              G:\Ingeniously\I_P-A-S-V-t-tenCI_\Atmel\Librari\MyLibs\Sensors\Debug\libSensors.a(Sensors.o) (__umulhisi3)

Allocating common symbols
Common symbol       size              file

UltraSonicValues    0x20              G:\Ingeniously\I_P-A-S-V-t-tenCI_\Atmel\Librari\MyLibs\Sensors\Debug\libSensors.a(Sensors.o)
rxBuffer            0x100             G:\Ingeniously\I_P-A-S-V-t-tenCI_\Atmel\Librari\MyLibs\Communication\Debug\libCommunication.a(Communication.o)
txBuffer            0x100             G:\Ingeniously\I_P-A-S-V-t-tenCI_\Atmel\Librari\MyLibs\Communication\Debug\libCommunication.a(Communication.o)
ultrasonicDataPack  0x4               G:\Ingeniously\I_P-A-S-V-t-tenCI_\Atmel\Librari\MyLibs\Sensors\Debug\libSensors.a(Sensors.o)
argv2               0x14              G:\Ingeniously\I_P-A-S-V-t-tenCI_\Atmel\Librari\MyLibs\Time\Debug\libTime.a(Time.o)
dis                 0x5               G:\Ingeniously\I_P-A-S-V-t-tenCI_\Atmel\Librari\MyLibs\Sensors\Debug\libSensors.a(Sensors.o)

Discarded input sections

 .data          0x00000000        0x0 c:/program files (x86)/atmel/atmel toolchain/avr8 gcc/native/3.4.1061/avr8-gnu-toolchain/bin/../lib/gcc/avr/4.8.1/../../../../avr/lib/avr5/crtm324pa.o
 .bss           0x00000000        0x0 c:/program files (x86)/atmel/atmel toolchain/avr8 gcc/native/3.4.1061/avr8-gnu-toolchain/bin/../lib/gcc/avr/4.8.1/../../../../avr/lib/avr5/crtm324pa.o
 .text          0x00000000        0x0 Test2_atmega324PA.o
 .data          0x00000000        0x0 Test2_atmega324PA.o
 .bss           0x00000000        0x0 Test2_atmega324PA.o
 .bss.bune      0x00000000        0x2 Test2_atmega324PA.o
 .data.enableLeft
                0x00000000        0x2 Test2_atmega324PA.o
 .data.enableRight
                0x00000000        0x2 Test2_atmega324PA.o
 .bss.read      0x00000000        0x2 Test2_atmega324PA.o
 .text          0x00000000        0x0 G:\Ingeniously\I_P-A-S-V-t-tenCI_\Atmel\Librari\MyLibs\PWM_lib\Debug\libPWM_lib.a(PWM_lib.o)
 .data          0x00000000        0x0 G:\Ingeniously\I_P-A-S-V-t-tenCI_\Atmel\Librari\MyLibs\PWM_lib\Debug\libPWM_lib.a(PWM_lib.o)
 .bss           0x00000000        0x0 G:\Ingeniously\I_P-A-S-V-t-tenCI_\Atmel\Librari\MyLibs\PWM_lib\Debug\libPWM_lib.a(PWM_lib.o)
 .text.driveLeft
                0x00000000       0x94 G:\Ingeniously\I_P-A-S-V-t-tenCI_\Atmel\Librari\MyLibs\PWM_lib\Debug\libPWM_lib.a(PWM_lib.o)
 .text.driveRight
                0x00000000       0x96 G:\Ingeniously\I_P-A-S-V-t-tenCI_\Atmel\Librari\MyLibs\PWM_lib\Debug\libPWM_lib.a(PWM_lib.o)
 .text.turnRight_90degrees
                0x00000000       0x7e G:\Ingeniously\I_P-A-S-V-t-tenCI_\Atmel\Librari\MyLibs\PWM_lib\Debug\libPWM_lib.a(PWM_lib.o)
 .text.turnLeft_90degrees
                0x00000000       0x7e G:\Ingeniously\I_P-A-S-V-t-tenCI_\Atmel\Librari\MyLibs\PWM_lib\Debug\libPWM_lib.a(PWM_lib.o)
 .text.turnRight
                0x00000000        0xa G:\Ingeniously\I_P-A-S-V-t-tenCI_\Atmel\Librari\MyLibs\PWM_lib\Debug\libPWM_lib.a(PWM_lib.o)
 .text.breakLeft
                0x00000000        0x6 G:\Ingeniously\I_P-A-S-V-t-tenCI_\Atmel\Librari\MyLibs\PWM_lib\Debug\libPWM_lib.a(PWM_lib.o)
 .text.breakRight
                0x00000000        0xa G:\Ingeniously\I_P-A-S-V-t-tenCI_\Atmel\Librari\MyLibs\PWM_lib\Debug\libPWM_lib.a(PWM_lib.o)
 .text          0x00000000        0x0 G:\Ingeniously\I_P-A-S-V-t-tenCI_\Atmel\Librari\MyLibs\Sensors\Debug\libSensors.a(Sensors.o)
 .data          0x00000000        0x0 G:\Ingeniously\I_P-A-S-V-t-tenCI_\Atmel\Librari\MyLibs\Sensors\Debug\libSensors.a(Sensors.o)
 .bss           0x00000000        0x0 G:\Ingeniously\I_P-A-S-V-t-tenCI_\Atmel\Librari\MyLibs\Sensors\Debug\libSensors.a(Sensors.o)
 .text.getLastUltrasonicValue
                0x00000000       0x14 G:\Ingeniously\I_P-A-S-V-t-tenCI_\Atmel\Librari\MyLibs\Sensors\Debug\libSensors.a(Sensors.o)
 .text.setUltrasonicManualMeasure
                0x00000000       0x16 G:\Ingeniously\I_P-A-S-V-t-tenCI_\Atmel\Librari\MyLibs\Sensors\Debug\libSensors.a(Sensors.o)
 .text.startUltrasonicMeasure
                0x00000000        0xa G:\Ingeniously\I_P-A-S-V-t-tenCI_\Atmel\Librari\MyLibs\Sensors\Debug\libSensors.a(Sensors.o)
 .text          0x00000000        0x0 G:\Ingeniously\I_P-A-S-V-t-tenCI_\Atmel\Librari\MyLibs\Communication\Debug\libCommunication.a(Communication.o)
 .data          0x00000000        0x0 G:\Ingeniously\I_P-A-S-V-t-tenCI_\Atmel\Librari\MyLibs\Communication\Debug\libCommunication.a(Communication.o)
 .bss           0x00000000        0x0 G:\Ingeniously\I_P-A-S-V-t-tenCI_\Atmel\Librari\MyLibs\Communication\Debug\libCommunication.a(Communication.o)
 .text.sendByte
                0x00000000       0x46 G:\Ingeniously\I_P-A-S-V-t-tenCI_\Atmel\Librari\MyLibs\Communication\Debug\libCommunication.a(Communication.o)
 .text          0x00000000        0x0 G:\Ingeniously\I_P-A-S-V-t-tenCI_\Atmel\Librari\MyLibs\Time\Debug\libTime.a(Time.o)
 .data          0x00000000        0x0 G:\Ingeniously\I_P-A-S-V-t-tenCI_\Atmel\Librari\MyLibs\Time\Debug\libTime.a(Time.o)
 .bss           0x00000000        0x0 G:\Ingeniously\I_P-A-S-V-t-tenCI_\Atmel\Librari\MyLibs\Time\Debug\libTime.a(Time.o)
 .bss.lastCOMPARE
                0x00000000        0x2 G:\Ingeniously\I_P-A-S-V-t-tenCI_\Atmel\Librari\MyLibs\Time\Debug\libTime.a(Time.o)
 .text          0x00000000        0x0 c:/program files (x86)/atmel/atmel toolchain/avr8 gcc/native/3.4.1061/avr8-gnu-toolchain/bin/../lib/gcc/avr/4.8.1/../../../../avr/lib/avr5\libm.a(addsf3.o)
 .data          0x00000000        0x0 c:/program files (x86)/atmel/atmel toolchain/avr8 gcc/native/3.4.1061/avr8-gnu-toolchain/bin/../lib/gcc/avr/4.8.1/../../../../avr/lib/avr5\libm.a(addsf3.o)
 .bss           0x00000000        0x0 c:/program files (x86)/atmel/atmel toolchain/avr8 gcc/native/3.4.1061/avr8-gnu-toolchain/bin/../lib/gcc/avr/4.8.1/../../../../avr/lib/avr5\libm.a(addsf3.o)
 .text          0x00000000        0x0 c:/program files (x86)/atmel/atmel toolchain/avr8 gcc/native/3.4.1061/avr8-gnu-toolchain/bin/../lib/gcc/avr/4.8.1/../../../../avr/lib/avr5\libm.a(addsf3x.o)
 .data          0x00000000        0x0 c:/program files (x86)/atmel/atmel toolchain/avr8 gcc/native/3.4.1061/avr8-gnu-toolchain/bin/../lib/gcc/avr/4.8.1/../../../../avr/lib/avr5\libm.a(addsf3x.o)
 .bss           0x00000000        0x0 c:/program files (x86)/atmel/atmel toolchain/avr8 gcc/native/3.4.1061/avr8-gnu-toolchain/bin/../lib/gcc/avr/4.8.1/../../../../avr/lib/avr5\libm.a(addsf3x.o)
 .text          0x00000000        0x0 c:/program files (x86)/atmel/atmel toolchain/avr8 gcc/native/3.4.1061/avr8-gnu-toolchain/bin/../lib/gcc/avr/4.8.1/../../../../avr/lib/avr5\libm.a(divsf3.o)
 .data          0x00000000        0x0 c:/program files (x86)/atmel/atmel toolchain/avr8 gcc/native/3.4.1061/avr8-gnu-toolchain/bin/../lib/gcc/avr/4.8.1/../../../../avr/lib/avr5\libm.a(divsf3.o)
 .bss           0x00000000        0x0 c:/program files (x86)/atmel/atmel toolchain/avr8 gcc/native/3.4.1061/avr8-gnu-toolchain/bin/../lib/gcc/avr/4.8.1/../../../../avr/lib/avr5\libm.a(divsf3.o)
 .text          0x00000000        0x0 c:/program files (x86)/atmel/atmel toolchain/avr8 gcc/native/3.4.1061/avr8-gnu-toolchain/bin/../lib/gcc/avr/4.8.1/../../../../avr/lib/avr5\libm.a(divsf3x.o)
 .data          0x00000000        0x0 c:/program files (x86)/atmel/atmel toolchain/avr8 gcc/native/3.4.1061/avr8-gnu-toolchain/bin/../lib/gcc/avr/4.8.1/../../../../avr/lib/avr5\libm.a(divsf3x.o)
 .bss           0x00000000        0x0 c:/program files (x86)/atmel/atmel toolchain/avr8 gcc/native/3.4.1061/avr8-gnu-toolchain/bin/../lib/gcc/avr/4.8.1/../../../../avr/lib/avr5\libm.a(divsf3x.o)
 .text          0x00000000        0x0 c:/program files (x86)/atmel/atmel toolchain/avr8 gcc/native/3.4.1061/avr8-gnu-toolchain/bin/../lib/gcc/avr/4.8.1/../../../../avr/lib/avr5\libm.a(fixunssfsi.o)
 .data          0x00000000        0x0 c:/program files (x86)/atmel/atmel toolchain/avr8 gcc/native/3.4.1061/avr8-gnu-toolchain/bin/../lib/gcc/avr/4.8.1/../../../../avr/lib/avr5\libm.a(fixunssfsi.o)
 .bss           0x00000000        0x0 c:/program files (x86)/atmel/atmel toolchain/avr8 gcc/native/3.4.1061/avr8-gnu-toolchain/bin/../lib/gcc/avr/4.8.1/../../../../avr/lib/avr5\libm.a(fixunssfsi.o)
 .text          0x00000000        0x0 c:/program files (x86)/atmel/atmel toolchain/avr8 gcc/native/3.4.1061/avr8-gnu-toolchain/bin/../lib/gcc/avr/4.8.1/../../../../avr/lib/avr5\libm.a(floatsisf.o)
 .data          0x00000000        0x0 c:/program files (x86)/atmel/atmel toolchain/avr8 gcc/native/3.4.1061/avr8-gnu-toolchain/bin/../lib/gcc/avr/4.8.1/../../../../avr/lib/avr5\libm.a(floatsisf.o)
 .bss           0x00000000        0x0 c:/program files (x86)/atmel/atmel toolchain/avr8 gcc/native/3.4.1061/avr8-gnu-toolchain/bin/../lib/gcc/avr/4.8.1/../../../../avr/lib/avr5\libm.a(floatsisf.o)
 .text          0x00000000        0x0 c:/program files (x86)/atmel/atmel toolchain/avr8 gcc/native/3.4.1061/avr8-gnu-toolchain/bin/../lib/gcc/avr/4.8.1/../../../../avr/lib/avr5\libm.a(floor.o)
 .data          0x00000000        0x0 c:/program files (x86)/atmel/atmel toolchain/avr8 gcc/native/3.4.1061/avr8-gnu-toolchain/bin/../lib/gcc/avr/4.8.1/../../../../avr/lib/avr5\libm.a(floor.o)
 .bss           0x00000000        0x0 c:/program files (x86)/atmel/atmel toolchain/avr8 gcc/native/3.4.1061/avr8-gnu-toolchain/bin/../lib/gcc/avr/4.8.1/../../../../avr/lib/avr5\libm.a(floor.o)
 .text          0x00000000        0x0 c:/program files (x86)/atmel/atmel toolchain/avr8 gcc/native/3.4.1061/avr8-gnu-toolchain/bin/../lib/gcc/avr/4.8.1/../../../../avr/lib/avr5\libm.a(fp_inf.o)
 .data          0x00000000        0x0 c:/program files (x86)/atmel/atmel toolchain/avr8 gcc/native/3.4.1061/avr8-gnu-toolchain/bin/../lib/gcc/avr/4.8.1/../../../../avr/lib/avr5\libm.a(fp_inf.o)
 .bss           0x00000000        0x0 c:/program files (x86)/atmel/atmel toolchain/avr8 gcc/native/3.4.1061/avr8-gnu-toolchain/bin/../lib/gcc/avr/4.8.1/../../../../avr/lib/avr5\libm.a(fp_inf.o)
 .text          0x00000000        0x0 c:/program files (x86)/atmel/atmel toolchain/avr8 gcc/native/3.4.1061/avr8-gnu-toolchain/bin/../lib/gcc/avr/4.8.1/../../../../avr/lib/avr5\libm.a(fp_mintl.o)
 .data          0x00000000        0x0 c:/program files (x86)/atmel/atmel toolchain/avr8 gcc/native/3.4.1061/avr8-gnu-toolchain/bin/../lib/gcc/avr/4.8.1/../../../../avr/lib/avr5\libm.a(fp_mintl.o)
 .bss           0x00000000        0x0 c:/program files (x86)/atmel/atmel toolchain/avr8 gcc/native/3.4.1061/avr8-gnu-toolchain/bin/../lib/gcc/avr/4.8.1/../../../../avr/lib/avr5\libm.a(fp_mintl.o)
 .text          0x00000000        0x0 c:/program files (x86)/atmel/atmel toolchain/avr8 gcc/native/3.4.1061/avr8-gnu-toolchain/bin/../lib/gcc/avr/4.8.1/../../../../avr/lib/avr5\libm.a(fp_mpack.o)
 .data          0x00000000        0x0 c:/program files (x86)/atmel/atmel toolchain/avr8 gcc/native/3.4.1061/avr8-gnu-toolchain/bin/../lib/gcc/avr/4.8.1/../../../../avr/lib/avr5\libm.a(fp_mpack.o)
 .bss           0x00000000        0x0 c:/program files (x86)/atmel/atmel toolchain/avr8 gcc/native/3.4.1061/avr8-gnu-toolchain/bin/../lib/gcc/avr/4.8.1/../../../../avr/lib/avr5\libm.a(fp_mpack.o)
 .text          0x00000000        0x0 c:/program files (x86)/atmel/atmel toolchain/avr8 gcc/native/3.4.1061/avr8-gnu-toolchain/bin/../lib/gcc/avr/4.8.1/../../../../avr/lib/avr5\libm.a(fp_nan.o)
 .data          0x00000000        0x0 c:/program files (x86)/atmel/atmel toolchain/avr8 gcc/native/3.4.1061/avr8-gnu-toolchain/bin/../lib/gcc/avr/4.8.1/../../../../avr/lib/avr5\libm.a(fp_nan.o)
 .bss           0x00000000        0x0 c:/program files (x86)/atmel/atmel toolchain/avr8 gcc/native/3.4.1061/avr8-gnu-toolchain/bin/../lib/gcc/avr/4.8.1/../../../../avr/lib/avr5\libm.a(fp_nan.o)
 .text          0x00000000        0x0 c:/program files (x86)/atmel/atmel toolchain/avr8 gcc/native/3.4.1061/avr8-gnu-toolchain/bin/../lib/gcc/avr/4.8.1/../../../../avr/lib/avr5\libm.a(fp_pscA.o)
 .data          0x00000000        0x0 c:/program files (x86)/atmel/atmel toolchain/avr8 gcc/native/3.4.1061/avr8-gnu-toolchain/bin/../lib/gcc/avr/4.8.1/../../../../avr/lib/avr5\libm.a(fp_pscA.o)
 .bss           0x00000000        0x0 c:/program files (x86)/atmel/atmel toolchain/avr8 gcc/native/3.4.1061/avr8-gnu-toolchain/bin/../lib/gcc/avr/4.8.1/../../../../avr/lib/avr5\libm.a(fp_pscA.o)
 .text          0x00000000        0x0 c:/program files (x86)/atmel/atmel toolchain/avr8 gcc/native/3.4.1061/avr8-gnu-toolchain/bin/../lib/gcc/avr/4.8.1/../../../../avr/lib/avr5\libm.a(fp_pscB.o)
 .data          0x00000000        0x0 c:/program files (x86)/atmel/atmel toolchain/avr8 gcc/native/3.4.1061/avr8-gnu-toolchain/bin/../lib/gcc/avr/4.8.1/../../../../avr/lib/avr5\libm.a(fp_pscB.o)
 .bss           0x00000000        0x0 c:/program files (x86)/atmel/atmel toolchain/avr8 gcc/native/3.4.1061/avr8-gnu-toolchain/bin/../lib/gcc/avr/4.8.1/../../../../avr/lib/avr5\libm.a(fp_pscB.o)
 .text          0x00000000        0x0 c:/program files (x86)/atmel/atmel toolchain/avr8 gcc/native/3.4.1061/avr8-gnu-toolchain/bin/../lib/gcc/avr/4.8.1/../../../../avr/lib/avr5\libm.a(fp_round.o)
 .data          0x00000000        0x0 c:/program files (x86)/atmel/atmel toolchain/avr8 gcc/native/3.4.1061/avr8-gnu-toolchain/bin/../lib/gcc/avr/4.8.1/../../../../avr/lib/avr5\libm.a(fp_round.o)
 .bss           0x00000000        0x0 c:/program files (x86)/atmel/atmel toolchain/avr8 gcc/native/3.4.1061/avr8-gnu-toolchain/bin/../lib/gcc/avr/4.8.1/../../../../avr/lib/avr5\libm.a(fp_round.o)
 .text          0x00000000        0x0 c:/program files (x86)/atmel/atmel toolchain/avr8 gcc/native/3.4.1061/avr8-gnu-toolchain/bin/../lib/gcc/avr/4.8.1/../../../../avr/lib/avr5\libm.a(fp_split3.o)
 .data          0x00000000        0x0 c:/program files (x86)/atmel/atmel toolchain/avr8 gcc/native/3.4.1061/avr8-gnu-toolchain/bin/../lib/gcc/avr/4.8.1/../../../../avr/lib/avr5\libm.a(fp_split3.o)
 .bss           0x00000000        0x0 c:/program files (x86)/atmel/atmel toolchain/avr8 gcc/native/3.4.1061/avr8-gnu-toolchain/bin/../lib/gcc/avr/4.8.1/../../../../avr/lib/avr5\libm.a(fp_split3.o)
 .text          0x00000000        0x0 c:/program files (x86)/atmel/atmel toolchain/avr8 gcc/native/3.4.1061/avr8-gnu-toolchain/bin/../lib/gcc/avr/4.8.1/../../../../avr/lib/avr5\libm.a(fp_trunc.o)
 .data          0x00000000        0x0 c:/program files (x86)/atmel/atmel toolchain/avr8 gcc/native/3.4.1061/avr8-gnu-toolchain/bin/../lib/gcc/avr/4.8.1/../../../../avr/lib/avr5\libm.a(fp_trunc.o)
 .bss           0x00000000        0x0 c:/program files (x86)/atmel/atmel toolchain/avr8 gcc/native/3.4.1061/avr8-gnu-toolchain/bin/../lib/gcc/avr/4.8.1/../../../../avr/lib/avr5\libm.a(fp_trunc.o)
 .text          0x00000000        0x0 c:/program files (x86)/atmel/atmel toolchain/avr8 gcc/native/3.4.1061/avr8-gnu-toolchain/bin/../lib/gcc/avr/4.8.1/../../../../avr/lib/avr5\libm.a(fp_zero.o)
 .data          0x00000000        0x0 c:/program files (x86)/atmel/atmel toolchain/avr8 gcc/native/3.4.1061/avr8-gnu-toolchain/bin/../lib/gcc/avr/4.8.1/../../../../avr/lib/avr5\libm.a(fp_zero.o)
 .bss           0x00000000        0x0 c:/program files (x86)/atmel/atmel toolchain/avr8 gcc/native/3.4.1061/avr8-gnu-toolchain/bin/../lib/gcc/avr/4.8.1/../../../../avr/lib/avr5\libm.a(fp_zero.o)
 .text          0x00000000        0x0 c:/program files (x86)/atmel/atmel toolchain/avr8 gcc/native/3.4.1061/avr8-gnu-toolchain/bin/../lib/gcc/avr/4.8.1/../../../../avr/lib/avr5\libm.a(lrint.o)
 .data          0x00000000        0x0 c:/program files (x86)/atmel/atmel toolchain/avr8 gcc/native/3.4.1061/avr8-gnu-toolchain/bin/../lib/gcc/avr/4.8.1/../../../../avr/lib/avr5\libm.a(lrint.o)
 .bss           0x00000000        0x0 c:/program files (x86)/atmel/atmel toolchain/avr8 gcc/native/3.4.1061/avr8-gnu-toolchain/bin/../lib/gcc/avr/4.8.1/../../../../avr/lib/avr5\libm.a(lrint.o)
 .text          0x00000000        0x0 c:/program files (x86)/atmel/atmel toolchain/avr8 gcc/native/3.4.1061/avr8-gnu-toolchain/bin/../lib/gcc/avr/4.8.1/../../../../avr/lib/avr5\libm.a(mulsf3.o)
 .data          0x00000000        0x0 c:/program files (x86)/atmel/atmel toolchain/avr8 gcc/native/3.4.1061/avr8-gnu-toolchain/bin/../lib/gcc/avr/4.8.1/../../../../avr/lib/avr5\libm.a(mulsf3.o)
 .bss           0x00000000        0x0 c:/program files (x86)/atmel/atmel toolchain/avr8 gcc/native/3.4.1061/avr8-gnu-toolchain/bin/../lib/gcc/avr/4.8.1/../../../../avr/lib/avr5\libm.a(mulsf3.o)
 .text          0x00000000        0x0 c:/program files (x86)/atmel/atmel toolchain/avr8 gcc/native/3.4.1061/avr8-gnu-toolchain/bin/../lib/gcc/avr/4.8.1/../../../../avr/lib/avr5\libm.a(mulsf3x.o)
 .data          0x00000000        0x0 c:/program files (x86)/atmel/atmel toolchain/avr8 gcc/native/3.4.1061/avr8-gnu-toolchain/bin/../lib/gcc/avr/4.8.1/../../../../avr/lib/avr5\libm.a(mulsf3x.o)
 .bss           0x00000000        0x0 c:/program files (x86)/atmel/atmel toolchain/avr8 gcc/native/3.4.1061/avr8-gnu-toolchain/bin/../lib/gcc/avr/4.8.1/../../../../avr/lib/avr5\libm.a(mulsf3x.o)
 .text          0x00000000        0x0 c:/program files (x86)/atmel/atmel toolchain/avr8 gcc/native/3.4.1061/avr8-gnu-toolchain/bin/../lib/gcc/avr/4.8.1/avr5\libgcc.a(_udivmodsi4.o)
 .data          0x00000000        0x0 c:/program files (x86)/atmel/atmel toolchain/avr8 gcc/native/3.4.1061/avr8-gnu-toolchain/bin/../lib/gcc/avr/4.8.1/avr5\libgcc.a(_udivmodsi4.o)
 .bss           0x00000000        0x0 c:/program files (x86)/atmel/atmel toolchain/avr8 gcc/native/3.4.1061/avr8-gnu-toolchain/bin/../lib/gcc/avr/4.8.1/avr5\libgcc.a(_udivmodsi4.o)
 .text.libgcc.mul
                0x00000000        0x0 c:/program files (x86)/atmel/atmel toolchain/avr8 gcc/native/3.4.1061/avr8-gnu-toolchain/bin/../lib/gcc/avr/4.8.1/avr5\libgcc.a(_udivmodsi4.o)
 .text.libgcc   0x00000000        0x0 c:/program files (x86)/atmel/atmel toolchain/avr8 gcc/native/3.4.1061/avr8-gnu-toolchain/bin/../lib/gcc/avr/4.8.1/avr5\libgcc.a(_udivmodsi4.o)
 .text.libgcc.prologue
                0x00000000        0x0 c:/program files (x86)/atmel/atmel toolchain/avr8 gcc/native/3.4.1061/avr8-gnu-toolchain/bin/../lib/gcc/avr/4.8.1/avr5\libgcc.a(_udivmodsi4.o)
 .text.libgcc.builtins
                0x00000000        0x0 c:/program files (x86)/atmel/atmel toolchain/avr8 gcc/native/3.4.1061/avr8-gnu-toolchain/bin/../lib/gcc/avr/4.8.1/avr5\libgcc.a(_udivmodsi4.o)
 .text.libgcc.fmul
                0x00000000        0x0 c:/program files (x86)/atmel/atmel toolchain/avr8 gcc/native/3.4.1061/avr8-gnu-toolchain/bin/../lib/gcc/avr/4.8.1/avr5\libgcc.a(_udivmodsi4.o)
 .text.libgcc.fixed
                0x00000000        0x0 c:/program files (x86)/atmel/atmel toolchain/avr8 gcc/native/3.4.1061/avr8-gnu-toolchain/bin/../lib/gcc/avr/4.8.1/avr5\libgcc.a(_udivmodsi4.o)
 .text          0x00000000        0x0 c:/program files (x86)/atmel/atmel toolchain/avr8 gcc/native/3.4.1061/avr8-gnu-toolchain/bin/../lib/gcc/avr/4.8.1/avr5\libgcc.a(_divmodsi4.o)
 .data          0x00000000        0x0 c:/program files (x86)/atmel/atmel toolchain/avr8 gcc/native/3.4.1061/avr8-gnu-toolchain/bin/../lib/gcc/avr/4.8.1/avr5\libgcc.a(_divmodsi4.o)
 .bss           0x00000000        0x0 c:/program files (x86)/atmel/atmel toolchain/avr8 gcc/native/3.4.1061/avr8-gnu-toolchain/bin/../lib/gcc/avr/4.8.1/avr5\libgcc.a(_divmodsi4.o)
 .text.libgcc.mul
                0x00000000        0x0 c:/program files (x86)/atmel/atmel toolchain/avr8 gcc/native/3.4.1061/avr8-gnu-toolchain/bin/../lib/gcc/avr/4.8.1/avr5\libgcc.a(_divmodsi4.o)
 .text.libgcc   0x00000000        0x0 c:/program files (x86)/atmel/atmel toolchain/avr8 gcc/native/3.4.1061/avr8-gnu-toolchain/bin/../lib/gcc/avr/4.8.1/avr5\libgcc.a(_divmodsi4.o)
 .text.libgcc.prologue
                0x00000000        0x0 c:/program files (x86)/atmel/atmel toolchain/avr8 gcc/native/3.4.1061/avr8-gnu-toolchain/bin/../lib/gcc/avr/4.8.1/avr5\libgcc.a(_divmodsi4.o)
 .text.libgcc.builtins
                0x00000000        0x0 c:/program files (x86)/atmel/atmel toolchain/avr8 gcc/native/3.4.1061/avr8-gnu-toolchain/bin/../lib/gcc/avr/4.8.1/avr5\libgcc.a(_divmodsi4.o)
 .text.libgcc.fmul
                0x00000000        0x0 c:/program files (x86)/atmel/atmel toolchain/avr8 gcc/native/3.4.1061/avr8-gnu-toolchain/bin/../lib/gcc/avr/4.8.1/avr5\libgcc.a(_divmodsi4.o)
 .text.libgcc.fixed
                0x00000000        0x0 c:/program files (x86)/atmel/atmel toolchain/avr8 gcc/native/3.4.1061/avr8-gnu-toolchain/bin/../lib/gcc/avr/4.8.1/avr5\libgcc.a(_divmodsi4.o)
 .text          0x00000000        0x0 c:/program files (x86)/atmel/atmel toolchain/avr8 gcc/native/3.4.1061/avr8-gnu-toolchain/bin/../lib/gcc/avr/4.8.1/avr5\libgcc.a(_negsi2.o)
 .data          0x00000000        0x0 c:/program files (x86)/atmel/atmel toolchain/avr8 gcc/native/3.4.1061/avr8-gnu-toolchain/bin/../lib/gcc/avr/4.8.1/avr5\libgcc.a(_negsi2.o)
 .bss           0x00000000        0x0 c:/program files (x86)/atmel/atmel toolchain/avr8 gcc/native/3.4.1061/avr8-gnu-toolchain/bin/../lib/gcc/avr/4.8.1/avr5\libgcc.a(_negsi2.o)
 .text.libgcc.mul
                0x00000000        0x0 c:/program files (x86)/atmel/atmel toolchain/avr8 gcc/native/3.4.1061/avr8-gnu-toolchain/bin/../lib/gcc/avr/4.8.1/avr5\libgcc.a(_negsi2.o)
 .text.libgcc   0x00000000        0x0 c:/program files (x86)/atmel/atmel toolchain/avr8 gcc/native/3.4.1061/avr8-gnu-toolchain/bin/../lib/gcc/avr/4.8.1/avr5\libgcc.a(_negsi2.o)
 .text.libgcc.prologue
                0x00000000        0x0 c:/program files (x86)/atmel/atmel toolchain/avr8 gcc/native/3.4.1061/avr8-gnu-toolchain/bin/../lib/gcc/avr/4.8.1/avr5\libgcc.a(_negsi2.o)
 .text.libgcc.builtins
                0x00000000        0x0 c:/program files (x86)/atmel/atmel toolchain/avr8 gcc/native/3.4.1061/avr8-gnu-toolchain/bin/../lib/gcc/avr/4.8.1/avr5\libgcc.a(_negsi2.o)
 .text.libgcc.fmul
                0x00000000        0x0 c:/program files (x86)/atmel/atmel toolchain/avr8 gcc/native/3.4.1061/avr8-gnu-toolchain/bin/../lib/gcc/avr/4.8.1/avr5\libgcc.a(_negsi2.o)
 .text.libgcc.fixed
                0x00000000        0x0 c:/program files (x86)/atmel/atmel toolchain/avr8 gcc/native/3.4.1061/avr8-gnu-toolchain/bin/../lib/gcc/avr/4.8.1/avr5\libgcc.a(_negsi2.o)
 .text          0x00000000        0x0 c:/program files (x86)/atmel/atmel toolchain/avr8 gcc/native/3.4.1061/avr8-gnu-toolchain/bin/../lib/gcc/avr/4.8.1/avr5\libgcc.a(_exit.o)
 .data          0x00000000        0x0 c:/program files (x86)/atmel/atmel toolchain/avr8 gcc/native/3.4.1061/avr8-gnu-toolchain/bin/../lib/gcc/avr/4.8.1/avr5\libgcc.a(_exit.o)
 .bss           0x00000000        0x0 c:/program files (x86)/atmel/atmel toolchain/avr8 gcc/native/3.4.1061/avr8-gnu-toolchain/bin/../lib/gcc/avr/4.8.1/avr5\libgcc.a(_exit.o)
 .text.libgcc.mul
                0x00000000        0x0 c:/program files (x86)/atmel/atmel toolchain/avr8 gcc/native/3.4.1061/avr8-gnu-toolchain/bin/../lib/gcc/avr/4.8.1/avr5\libgcc.a(_exit.o)
 .text.libgcc.div
                0x00000000        0x0 c:/program files (x86)/atmel/atmel toolchain/avr8 gcc/native/3.4.1061/avr8-gnu-toolchain/bin/../lib/gcc/avr/4.8.1/avr5\libgcc.a(_exit.o)
 .text.libgcc   0x00000000        0x0 c:/program files (x86)/atmel/atmel toolchain/avr8 gcc/native/3.4.1061/avr8-gnu-toolchain/bin/../lib/gcc/avr/4.8.1/avr5\libgcc.a(_exit.o)
 .text.libgcc.prologue
                0x00000000        0x0 c:/program files (x86)/atmel/atmel toolchain/avr8 gcc/native/3.4.1061/avr8-gnu-toolchain/bin/../lib/gcc/avr/4.8.1/avr5\libgcc.a(_exit.o)
 .text.libgcc.builtins
                0x00000000        0x0 c:/program files (x86)/atmel/atmel toolchain/avr8 gcc/native/3.4.1061/avr8-gnu-toolchain/bin/../lib/gcc/avr/4.8.1/avr5\libgcc.a(_exit.o)
 .text.libgcc.fmul
                0x00000000        0x0 c:/program files (x86)/atmel/atmel toolchain/avr8 gcc/native/3.4.1061/avr8-gnu-toolchain/bin/../lib/gcc/avr/4.8.1/avr5\libgcc.a(_exit.o)
 .text.libgcc.fixed
                0x00000000        0x0 c:/program files (x86)/atmel/atmel toolchain/avr8 gcc/native/3.4.1061/avr8-gnu-toolchain/bin/../lib/gcc/avr/4.8.1/avr5\libgcc.a(_exit.o)
 .text          0x00000000        0x0 c:/program files (x86)/atmel/atmel toolchain/avr8 gcc/native/3.4.1061/avr8-gnu-toolchain/bin/../lib/gcc/avr/4.8.1/avr5\libgcc.a(_copy_data.o)
 .data          0x00000000        0x0 c:/program files (x86)/atmel/atmel toolchain/avr8 gcc/native/3.4.1061/avr8-gnu-toolchain/bin/../lib/gcc/avr/4.8.1/avr5\libgcc.a(_copy_data.o)
 .bss           0x00000000        0x0 c:/program files (x86)/atmel/atmel toolchain/avr8 gcc/native/3.4.1061/avr8-gnu-toolchain/bin/../lib/gcc/avr/4.8.1/avr5\libgcc.a(_copy_data.o)
 .text.libgcc.mul
                0x00000000        0x0 c:/program files (x86)/atmel/atmel toolchain/avr8 gcc/native/3.4.1061/avr8-gnu-toolchain/bin/../lib/gcc/avr/4.8.1/avr5\libgcc.a(_copy_data.o)
 .text.libgcc.div
                0x00000000        0x0 c:/program files (x86)/atmel/atmel toolchain/avr8 gcc/native/3.4.1061/avr8-gnu-toolchain/bin/../lib/gcc/avr/4.8.1/avr5\libgcc.a(_copy_data.o)
 .text.libgcc   0x00000000        0x0 c:/program files (x86)/atmel/atmel toolchain/avr8 gcc/native/3.4.1061/avr8-gnu-toolchain/bin/../lib/gcc/avr/4.8.1/avr5\libgcc.a(_copy_data.o)
 .text.libgcc.prologue
                0x00000000        0x0 c:/program files (x86)/atmel/atmel toolchain/avr8 gcc/native/3.4.1061/avr8-gnu-toolchain/bin/../lib/gcc/avr/4.8.1/avr5\libgcc.a(_copy_data.o)
 .text.libgcc.builtins
                0x00000000        0x0 c:/program files (x86)/atmel/atmel toolchain/avr8 gcc/native/3.4.1061/avr8-gnu-toolchain/bin/../lib/gcc/avr/4.8.1/avr5\libgcc.a(_copy_data.o)
 .text.libgcc.fmul
                0x00000000        0x0 c:/program files (x86)/atmel/atmel toolchain/avr8 gcc/native/3.4.1061/avr8-gnu-toolchain/bin/../lib/gcc/avr/4.8.1/avr5\libgcc.a(_copy_data.o)
 .text.libgcc.fixed
                0x00000000        0x0 c:/program files (x86)/atmel/atmel toolchain/avr8 gcc/native/3.4.1061/avr8-gnu-toolchain/bin/../lib/gcc/avr/4.8.1/avr5\libgcc.a(_copy_data.o)
 .text          0x00000000        0x0 c:/program files (x86)/atmel/atmel toolchain/avr8 gcc/native/3.4.1061/avr8-gnu-toolchain/bin/../lib/gcc/avr/4.8.1/avr5\libgcc.a(_clear_bss.o)
 .data          0x00000000        0x0 c:/program files (x86)/atmel/atmel toolchain/avr8 gcc/native/3.4.1061/avr8-gnu-toolchain/bin/../lib/gcc/avr/4.8.1/avr5\libgcc.a(_clear_bss.o)
 .bss           0x00000000        0x0 c:/program files (x86)/atmel/atmel toolchain/avr8 gcc/native/3.4.1061/avr8-gnu-toolchain/bin/../lib/gcc/avr/4.8.1/avr5\libgcc.a(_clear_bss.o)
 .text.libgcc.mul
                0x00000000        0x0 c:/program files (x86)/atmel/atmel toolchain/avr8 gcc/native/3.4.1061/avr8-gnu-toolchain/bin/../lib/gcc/avr/4.8.1/avr5\libgcc.a(_clear_bss.o)
 .text.libgcc.div
                0x00000000        0x0 c:/program files (x86)/atmel/atmel toolchain/avr8 gcc/native/3.4.1061/avr8-gnu-toolchain/bin/../lib/gcc/avr/4.8.1/avr5\libgcc.a(_clear_bss.o)
 .text.libgcc   0x00000000        0x0 c:/program files (x86)/atmel/atmel toolchain/avr8 gcc/native/3.4.1061/avr8-gnu-toolchain/bin/../lib/gcc/avr/4.8.1/avr5\libgcc.a(_clear_bss.o)
 .text.libgcc.prologue
                0x00000000        0x0 c:/program files (x86)/atmel/atmel toolchain/avr8 gcc/native/3.4.1061/avr8-gnu-toolchain/bin/../lib/gcc/avr/4.8.1/avr5\libgcc.a(_clear_bss.o)
 .text.libgcc.builtins
                0x00000000        0x0 c:/program files (x86)/atmel/atmel toolchain/avr8 gcc/native/3.4.1061/avr8-gnu-toolchain/bin/../lib/gcc/avr/4.8.1/avr5\libgcc.a(_clear_bss.o)
 .text.libgcc.fmul
                0x00000000        0x0 c:/program files (x86)/atmel/atmel toolchain/avr8 gcc/native/3.4.1061/avr8-gnu-toolchain/bin/../lib/gcc/avr/4.8.1/avr5\libgcc.a(_clear_bss.o)
 .text.libgcc.fixed
                0x00000000        0x0 c:/program files (x86)/atmel/atmel toolchain/avr8 gcc/native/3.4.1061/avr8-gnu-toolchain/bin/../lib/gcc/avr/4.8.1/avr5\libgcc.a(_clear_bss.o)
 .text          0x00000000        0x0 c:/program files (x86)/atmel/atmel toolchain/avr8 gcc/native/3.4.1061/avr8-gnu-toolchain/bin/../lib/gcc/avr/4.8.1/avr5\libgcc.a(_umulhisi3.o)
 .data          0x00000000        0x0 c:/program files (x86)/atmel/atmel toolchain/avr8 gcc/native/3.4.1061/avr8-gnu-toolchain/bin/../lib/gcc/avr/4.8.1/avr5\libgcc.a(_umulhisi3.o)
 .bss           0x00000000        0x0 c:/program files (x86)/atmel/atmel toolchain/avr8 gcc/native/3.4.1061/avr8-gnu-toolchain/bin/../lib/gcc/avr/4.8.1/avr5\libgcc.a(_umulhisi3.o)
 .text.libgcc.div
                0x00000000        0x0 c:/program files (x86)/atmel/atmel toolchain/avr8 gcc/native/3.4.1061/avr8-gnu-toolchain/bin/../lib/gcc/avr/4.8.1/avr5\libgcc.a(_umulhisi3.o)
 .text.libgcc   0x00000000        0x0 c:/program files (x86)/atmel/atmel toolchain/avr8 gcc/native/3.4.1061/avr8-gnu-toolchain/bin/../lib/gcc/avr/4.8.1/avr5\libgcc.a(_umulhisi3.o)
 .text.libgcc.prologue
                0x00000000        0x0 c:/program files (x86)/atmel/atmel toolchain/avr8 gcc/native/3.4.1061/avr8-gnu-toolchain/bin/../lib/gcc/avr/4.8.1/avr5\libgcc.a(_umulhisi3.o)
 .text.libgcc.builtins
                0x00000000        0x0 c:/program files (x86)/atmel/atmel toolchain/avr8 gcc/native/3.4.1061/avr8-gnu-toolchain/bin/../lib/gcc/avr/4.8.1/avr5\libgcc.a(_umulhisi3.o)
 .text.libgcc.fmul
                0x00000000        0x0 c:/program files (x86)/atmel/atmel toolchain/avr8 gcc/native/3.4.1061/avr8-gnu-toolchain/bin/../lib/gcc/avr/4.8.1/avr5\libgcc.a(_umulhisi3.o)
 .text.libgcc.fixed
                0x00000000        0x0 c:/program files (x86)/atmel/atmel toolchain/avr8 gcc/native/3.4.1061/avr8-gnu-toolchain/bin/../lib/gcc/avr/4.8.1/avr5\libgcc.a(_umulhisi3.o)

Memory Configuration

Name             Origin             Length             Attributes
text             0x00000000         0x00020000         xr
data             0x00800060         0x0000ffa0         rw !x
eeprom           0x00810000         0x00010000         rw !x
fuse             0x00820000         0x00000400         rw !x
lock             0x00830000         0x00000400         rw !x
signature        0x00840000         0x00000400         rw !x
user_signatures  0x00850000         0x00000400         rw !x
*default*        0x00000000         0xffffffff

Linker script and memory map

Address of section .data set to 0x800100
LOAD c:/program files (x86)/atmel/atmel toolchain/avr8 gcc/native/3.4.1061/avr8-gnu-toolchain/bin/../lib/gcc/avr/4.8.1/../../../../avr/lib/avr5/crtm324pa.o
LOAD Test2_atmega324PA.o
START GROUP
LOAD c:/program files (x86)/atmel/atmel toolchain/avr8 gcc/native/3.4.1061/avr8-gnu-toolchain/bin/../lib/gcc/avr/4.8.1/../../../../avr/lib/avr5\libm.a
LOAD G:\Ingeniously\I_P-A-S-V-t-tenCI_\Atmel\Librari\MyLibs\PWM_lib\Debug\libPWM_lib.a
LOAD G:\Ingeniously\I_P-A-S-V-t-tenCI_\Atmel\Librari\MyLibs\Sensors\Debug\libSensors.a
LOAD G:\Ingeniously\I_P-A-S-V-t-tenCI_\Atmel\Librari\MyLibs\Communication\Debug\libCommunication.a
LOAD G:\Ingeniously\I_P-A-S-V-t-tenCI_\Atmel\Librari\MyLibs\Time\Debug\libTime.a
END GROUP
START GROUP
LOAD c:/program files (x86)/atmel/atmel toolchain/avr8 gcc/native/3.4.1061/avr8-gnu-toolchain/bin/../lib/gcc/avr/4.8.1/avr5\libgcc.a
LOAD c:/program files (x86)/atmel/atmel toolchain/avr8 gcc/native/3.4.1061/avr8-gnu-toolchain/bin/../lib/gcc/avr/4.8.1/../../../../avr/lib/avr5\libm.a
LOAD c:/program files (x86)/atmel/atmel toolchain/avr8 gcc/native/3.4.1061/avr8-gnu-toolchain/bin/../lib/gcc/avr/4.8.1/../../../../avr/lib/avr5\libc.a
END GROUP

.hash
 *(.hash)

.dynsym
 *(.dynsym)

.dynstr
 *(.dynstr)

.gnu.version
 *(.gnu.version)

.gnu.version_d
 *(.gnu.version_d)

.gnu.version_r
 *(.gnu.version_r)

.rel.init
 *(.rel.init)

.rela.init
 *(.rela.init)

.rel.text
 *(.rel.text)
 *(.rel.text.*)
 *(.rel.gnu.linkonce.t*)

.rela.text
 *(.rela.text)
 *(.rela.text.*)
 *(.rela.gnu.linkonce.t*)

.rel.fini
 *(.rel.fini)

.rela.fini
 *(.rela.fini)

.rel.rodata
 *(.rel.rodata)
 *(.rel.rodata.*)
 *(.rel.gnu.linkonce.r*)

.rela.rodata
 *(.rela.rodata)
 *(.rela.rodata.*)
 *(.rela.gnu.linkonce.r*)

.rel.data
 *(.rel.data)
 *(.rel.data.*)
 *(.rel.gnu.linkonce.d*)

.rela.data
 *(.rela.data)
 *(.rela.data.*)
 *(.rela.gnu.linkonce.d*)

.rel.ctors
 *(.rel.ctors)

.rela.ctors
 *(.rela.ctors)

.rel.dtors
 *(.rel.dtors)

.rela.dtors
 *(.rela.dtors)

.rel.got
 *(.rel.got)

.rela.got
 *(.rela.got)

.rel.bss
 *(.rel.bss)

.rela.bss
 *(.rela.bss)

.rel.plt
 *(.rel.plt)

.rela.plt
 *(.rela.plt)

.text           0x00000000     0x1be6
 *(.vectors)
 .vectors       0x00000000       0x7c c:/program files (x86)/atmel/atmel toolchain/avr8 gcc/native/3.4.1061/avr8-gnu-toolchain/bin/../lib/gcc/avr/4.8.1/../../../../avr/lib/avr5/crtm324pa.o
                0x00000000                __vector_default
                0x00000000                __vectors
 *(.vectors)
 *(.progmem.gcc*)
                0x0000007c                . = ALIGN (0x2)
                0x0000007c                __trampolines_start = .
 *(.trampolines)
 .trampolines   0x0000007c        0x0 linker stubs
 *(.trampolines*)
                0x0000007c                __trampolines_end = .
 *(.progmem*)
                0x0000007c                . = ALIGN (0x2)
 *(.jumptables)
 *(.jumptables*)
 *(.lowtext)
 *(.lowtext*)
                0x0000007c                __ctors_start = .
 *(.ctors)
                0x0000007c                __ctors_end = .
                0x0000007c                __dtors_start = .
 *(.dtors)
                0x0000007c                __dtors_end = .
 SORT(*)(.ctors)
 SORT(*)(.dtors)
 *(.init0)
 .init0         0x0000007c        0x0 c:/program files (x86)/atmel/atmel toolchain/avr8 gcc/native/3.4.1061/avr8-gnu-toolchain/bin/../lib/gcc/avr/4.8.1/../../../../avr/lib/avr5/crtm324pa.o
                0x0000007c                __init
 *(.init0)
 *(.init1)
 *(.init1)
 *(.init2)
 .init2         0x0000007c        0xc c:/program files (x86)/atmel/atmel toolchain/avr8 gcc/native/3.4.1061/avr8-gnu-toolchain/bin/../lib/gcc/avr/4.8.1/../../../../avr/lib/avr5/crtm324pa.o
 *(.init2)
 *(.init3)
 *(.init3)
 *(.init4)
 .init4         0x00000088       0x16 c:/program files (x86)/atmel/atmel toolchain/avr8 gcc/native/3.4.1061/avr8-gnu-toolchain/bin/../lib/gcc/avr/4.8.1/avr5\libgcc.a(_copy_data.o)
                0x00000088                __do_copy_data
 .init4         0x0000009e       0x10 c:/program files (x86)/atmel/atmel toolchain/avr8 gcc/native/3.4.1061/avr8-gnu-toolchain/bin/../lib/gcc/avr/4.8.1/avr5\libgcc.a(_clear_bss.o)
                0x0000009e                __do_clear_bss
 *(.init4)
 *(.init5)
 *(.init5)
 *(.init6)
 *(.init6)
 *(.init7)
 *(.init7)
 *(.init8)
 *(.init8)
 *(.init9)
 .init9         0x000000ae        0x8 c:/program files (x86)/atmel/atmel toolchain/avr8 gcc/native/3.4.1061/avr8-gnu-toolchain/bin/../lib/gcc/avr/4.8.1/../../../../avr/lib/avr5/crtm324pa.o
 *(.init9)
 *(.text)
 .text          0x000000b6        0x4 c:/program files (x86)/atmel/atmel toolchain/avr8 gcc/native/3.4.1061/avr8-gnu-toolchain/bin/../lib/gcc/avr/4.8.1/../../../../avr/lib/avr5/crtm324pa.o
                0x000000b6                __vector_22
                0x000000b6                __vector_1
                0x000000b6                __vector_12
                0x000000b6                __bad_interrupt
                0x000000b6                __vector_6
                0x000000b6                __vector_3
                0x000000b6                __vector_23
                0x000000b6                __vector_25
                0x000000b6                __vector_11
                0x000000b6                __vector_17
                0x000000b6                __vector_19
                0x000000b6                __vector_7
                0x000000b6                __vector_27
                0x000000b6                __vector_5
                0x000000b6                __vector_4
                0x000000b6                __vector_9
                0x000000b6                __vector_2
                0x000000b6                __vector_21
                0x000000b6                __vector_15
                0x000000b6                __vector_29
                0x000000b6                __vector_8
                0x000000b6                __vector_26
                0x000000b6                __vector_14
                0x000000b6                __vector_10
                0x000000b6                __vector_16
                0x000000b6                __vector_18
                0x000000ba                . = ALIGN (0x2)
 *(.text.*)
 .text.initAll  0x000000ba       0x1a Test2_atmega324PA.o
                0x000000ba                initAll
 .text.executeCommands
                0x000000d4      0x1c0 Test2_atmega324PA.o
                0x000000d4                executeCommands
 .text.main     0x00000294       0x12 Test2_atmega324PA.o
                0x00000294                main
 .text.changePwm_MotorLF
                0x000002a6       0x2e G:\Ingeniously\I_P-A-S-V-t-tenCI_\Atmel\Librari\MyLibs\PWM_lib\Debug\libPWM_lib.a(PWM_lib.o)
                0x000002a6                changePwm_MotorLF
 .text.changePwm_MotorLB
                0x000002d4       0x2e G:\Ingeniously\I_P-A-S-V-t-tenCI_\Atmel\Librari\MyLibs\PWM_lib\Debug\libPWM_lib.a(PWM_lib.o)
                0x000002d4                changePwm_MotorLB
 .text.changePwm_MotorRF
                0x00000302       0x30 G:\Ingeniously\I_P-A-S-V-t-tenCI_\Atmel\Librari\MyLibs\PWM_lib\Debug\libPWM_lib.a(PWM_lib.o)
                0x00000302                changePwm_MotorRF
 .text.changePwm_MotorRB
                0x00000332       0x30 G:\Ingeniously\I_P-A-S-V-t-tenCI_\Atmel\Librari\MyLibs\PWM_lib\Debug\libPWM_lib.a(PWM_lib.o)
                0x00000332                changePwm_MotorRB
 .text.driveBackwardForTime
                0x00000362       0x86 G:\Ingeniously\I_P-A-S-V-t-tenCI_\Atmel\Librari\MyLibs\PWM_lib\Debug\libPWM_lib.a(PWM_lib.o)
                0x00000362                driveBackwardForTime
 .text.driveForwardForTime
                0x000003e8       0x84 G:\Ingeniously\I_P-A-S-V-t-tenCI_\Atmel\Librari\MyLibs\PWM_lib\Debug\libPWM_lib.a(PWM_lib.o)
                0x000003e8                driveForwardForTime
 .text.driveLeftForTime
                0x0000046c       0x98 G:\Ingeniously\I_P-A-S-V-t-tenCI_\Atmel\Librari\MyLibs\PWM_lib\Debug\libPWM_lib.a(PWM_lib.o)
                0x0000046c                driveLeftForTime
 .text.driveRightForTime
                0x00000504       0x98 G:\Ingeniously\I_P-A-S-V-t-tenCI_\Atmel\Librari\MyLibs\PWM_lib\Debug\libPWM_lib.a(PWM_lib.o)
                0x00000504                driveRightForTime
 .text.stopTurning
                0x0000059c       0x12 G:\Ingeniously\I_P-A-S-V-t-tenCI_\Atmel\Librari\MyLibs\PWM_lib\Debug\libPWM_lib.a(PWM_lib.o)
                0x0000059c                stopTurning
 .text.changeMotorDirectionLF
                0x000005ae        0x6 G:\Ingeniously\I_P-A-S-V-t-tenCI_\Atmel\Librari\MyLibs\PWM_lib\Debug\libPWM_lib.a(PWM_lib.o)
                0x000005ae                changeMotorDirectionLF
 .text.changeMotorDirectionLB
                0x000005b4        0x6 G:\Ingeniously\I_P-A-S-V-t-tenCI_\Atmel\Librari\MyLibs\PWM_lib\Debug\libPWM_lib.a(PWM_lib.o)
                0x000005b4                changeMotorDirectionLB
 .text.turnLeft
                0x000005ba        0xa G:\Ingeniously\I_P-A-S-V-t-tenCI_\Atmel\Librari\MyLibs\PWM_lib\Debug\libPWM_lib.a(PWM_lib.o)
                0x000005ba                turnLeft
 .text.changeMotorDirectionRF
                0x000005c4        0x6 G:\Ingeniously\I_P-A-S-V-t-tenCI_\Atmel\Librari\MyLibs\PWM_lib\Debug\libPWM_lib.a(PWM_lib.o)
                0x000005c4                changeMotorDirectionRF
 .text.changeMotorDirectionRB
                0x000005ca        0x6 G:\Ingeniously\I_P-A-S-V-t-tenCI_\Atmel\Librari\MyLibs\PWM_lib\Debug\libPWM_lib.a(PWM_lib.o)
                0x000005ca                changeMotorDirectionRB
 .text.reverse  0x000005d0       0x12 G:\Ingeniously\I_P-A-S-V-t-tenCI_\Atmel\Librari\MyLibs\PWM_lib\Debug\libPWM_lib.a(PWM_lib.o)
                0x000005d0                reverse
 .text.move     0x000005e2      0x196 G:\Ingeniously\I_P-A-S-V-t-tenCI_\Atmel\Librari\MyLibs\PWM_lib\Debug\libPWM_lib.a(PWM_lib.o)
                0x000005e2                move
 .text.breakAll
                0x00000778        0xe G:\Ingeniously\I_P-A-S-V-t-tenCI_\Atmel\Librari\MyLibs\PWM_lib\Debug\libPWM_lib.a(PWM_lib.o)
                0x00000778                breakAll
 .text.initTimer0
                0x00000786       0x3e G:\Ingeniously\I_P-A-S-V-t-tenCI_\Atmel\Librari\MyLibs\PWM_lib\Debug\libPWM_lib.a(PWM_lib.o)
                0x00000786                initTimer0
 .text.initTimer2
                0x000007c4       0x54 G:\Ingeniously\I_P-A-S-V-t-tenCI_\Atmel\Librari\MyLibs\PWM_lib\Debug\libPWM_lib.a(PWM_lib.o)
                0x000007c4                initTimer2
 .text.getDistance
                0x00000818       0x3a G:\Ingeniously\I_P-A-S-V-t-tenCI_\Atmel\Librari\MyLibs\Sensors\Debug\libSensors.a(Sensors.o)
                0x00000818                getDistance
 .text.getAverageUltrasonicValue
                0x00000852       0x90 G:\Ingeniously\I_P-A-S-V-t-tenCI_\Atmel\Librari\MyLibs\Sensors\Debug\libSensors.a(Sensors.o)
                0x00000852                getAverageUltrasonicValue
 .text.initUSART0
                0x000008e2       0xd6 G:\Ingeniously\I_P-A-S-V-t-tenCI_\Atmel\Librari\MyLibs\Sensors\Debug\libSensors.a(Sensors.o)
                0x000008e2                initUSART0
 .text.initADC  0x000009b8       0x3e G:\Ingeniously\I_P-A-S-V-t-tenCI_\Atmel\Librari\MyLibs\Sensors\Debug\libSensors.a(Sensors.o)
                0x000009b8                initADC
 .text.initSensors
                0x000009f6       0x16 G:\Ingeniously\I_P-A-S-V-t-tenCI_\Atmel\Librari\MyLibs\Sensors\Debug\libSensors.a(Sensors.o)
                0x000009f6                initSensors
 .text.__vector_24
                0x00000a0c      0x1ca G:\Ingeniously\I_P-A-S-V-t-tenCI_\Atmel\Librari\MyLibs\Sensors\Debug\libSensors.a(Sensors.o)
                0x00000a0c                __vector_24
 .text.__vector_20
                0x00000bd6      0x1d8 G:\Ingeniously\I_P-A-S-V-t-tenCI_\Atmel\Librari\MyLibs\Sensors\Debug\libSensors.a(Sensors.o)
                0x00000bd6                __vector_20
 .text.checkPackIsFullLength
                0x00000dae       0x9a G:\Ingeniously\I_P-A-S-V-t-tenCI_\Atmel\Librari\MyLibs\Communication\Debug\libCommunication.a(Communication.o)
                0x00000dae                checkPackIsFullLength
 .text.fetchCommand
                0x00000e48      0x176 G:\Ingeniously\I_P-A-S-V-t-tenCI_\Atmel\Librari\MyLibs\Communication\Debug\libCommunication.a(Communication.o)
                0x00000e48                fetchCommand
 .text.__clearBuffers
                0x00000fbe       0x38 G:\Ingeniously\I_P-A-S-V-t-tenCI_\Atmel\Librari\MyLibs\Communication\Debug\libCommunication.a(Communication.o)
                0x00000fbe                __clearBuffers
 .text.initUSART1
                0x00000ff6       0xba G:\Ingeniously\I_P-A-S-V-t-tenCI_\Atmel\Librari\MyLibs\Communication\Debug\libCommunication.a(Communication.o)
                0x00000ff6                initUSART1
 .text.__tryToSend
                0x000010b0       0x6c G:\Ingeniously\I_P-A-S-V-t-tenCI_\Atmel\Librari\MyLibs\Communication\Debug\libCommunication.a(Communication.o)
                0x000010b0                __tryToSend
 .text.sendResponse
                0x0000111c      0x15a G:\Ingeniously\I_P-A-S-V-t-tenCI_\Atmel\Librari\MyLibs\Communication\Debug\libCommunication.a(Communication.o)
                0x0000111c                sendResponse
 .text.getLastCommand
                0x00001276       0xf0 G:\Ingeniously\I_P-A-S-V-t-tenCI_\Atmel\Librari\MyLibs\Communication\Debug\libCommunication.a(Communication.o)
                0x00001276                getLastCommand
 .text.__vector_28
                0x00001366       0xb2 G:\Ingeniously\I_P-A-S-V-t-tenCI_\Atmel\Librari\MyLibs\Communication\Debug\libCommunication.a(Communication.o)
                0x00001366                __vector_28
 .text.__vector_30
                0x00001418       0x7e G:\Ingeniously\I_P-A-S-V-t-tenCI_\Atmel\Librari\MyLibs\Communication\Debug\libCommunication.a(Communication.o)
                0x00001418                __vector_30
 .text.executeCommandForTime
                0x00001496       0x8c G:\Ingeniously\I_P-A-S-V-t-tenCI_\Atmel\Librari\MyLibs\Time\Debug\libTime.a(Time.o)
                0x00001496                executeCommandForTime
 .text.initTimer1
                0x00001522       0x4c G:\Ingeniously\I_P-A-S-V-t-tenCI_\Atmel\Librari\MyLibs\Time\Debug\libTime.a(Time.o)
                0x00001522                initTimer1
 .text.__vector_13
                0x0000156e       0xe6 G:\Ingeniously\I_P-A-S-V-t-tenCI_\Atmel\Librari\MyLibs\Time\Debug\libTime.a(Time.o)
                0x0000156e                __vector_13
 .text.avr-libc.fplib
                0x00001654        0xa c:/program files (x86)/atmel/atmel toolchain/avr8 gcc/native/3.4.1061/avr8-gnu-toolchain/bin/../lib/gcc/avr/4.8.1/../../../../avr/lib/avr5\libm.a(addsf3.o)
                0x00001654                __subsf3
                0x00001656                __addsf3
 .text.avr-libc.fplib
                0x0000165e       0xc0 c:/program files (x86)/atmel/atmel toolchain/avr8 gcc/native/3.4.1061/avr8-gnu-toolchain/bin/../lib/gcc/avr/4.8.1/../../../../avr/lib/avr5\libm.a(addsf3x.o)
                0x00001678                __addsf3x
 .text.avr-libc.fplib
                0x0000171e        0x4 c:/program files (x86)/atmel/atmel toolchain/avr8 gcc/native/3.4.1061/avr8-gnu-toolchain/bin/../lib/gcc/avr/4.8.1/../../../../avr/lib/avr5\libm.a(divsf3.o)
                0x0000171e                __divsf3
 .text.avr-libc.fplib
                0x00001722       0xcc c:/program files (x86)/atmel/atmel toolchain/avr8 gcc/native/3.4.1061/avr8-gnu-toolchain/bin/../lib/gcc/avr/4.8.1/../../../../avr/lib/avr5\libm.a(divsf3x.o)
                0x00001738                __divsf3x
                0x0000173c                __divsf3_pse
 .text.avr-libc.fplib
                0x000017ee       0x58 c:/program files (x86)/atmel/atmel toolchain/avr8 gcc/native/3.4.1061/avr8-gnu-toolchain/bin/../lib/gcc/avr/4.8.1/../../../../avr/lib/avr5\libm.a(fixunssfsi.o)
                0x000017ee                __fixunssfsi
 .text.avr-libc.fplib
                0x00001846       0x7a c:/program files (x86)/atmel/atmel toolchain/avr8 gcc/native/3.4.1061/avr8-gnu-toolchain/bin/../lib/gcc/avr/4.8.1/../../../../avr/lib/avr5\libm.a(floatsisf.o)
                0x00001846                __floatunsisf
                0x0000184a                __floatsisf
 .text.avr-libc.fplib
                0x000018c0       0x26 c:/program files (x86)/atmel/atmel toolchain/avr8 gcc/native/3.4.1061/avr8-gnu-toolchain/bin/../lib/gcc/avr/4.8.1/../../../../avr/lib/avr5\libm.a(floor.o)
                0x000018c0                floor
 .text.avr-libc.fplib
                0x000018e6        0xc c:/program files (x86)/atmel/atmel toolchain/avr8 gcc/native/3.4.1061/avr8-gnu-toolchain/bin/../lib/gcc/avr/4.8.1/../../../../avr/lib/avr5\libm.a(fp_inf.o)
                0x000018e6                __fp_inf
 .text.avr-libc.fplib
                0x000018f2       0x36 c:/program files (x86)/atmel/atmel toolchain/avr8 gcc/native/3.4.1061/avr8-gnu-toolchain/bin/../lib/gcc/avr/4.8.1/../../../../avr/lib/avr5\libm.a(fp_mintl.o)
                0x000018f2                __fp_mintl
 .text.avr-libc.fplib
                0x00001928       0x1c c:/program files (x86)/atmel/atmel toolchain/avr8 gcc/native/3.4.1061/avr8-gnu-toolchain/bin/../lib/gcc/avr/4.8.1/../../../../avr/lib/avr5\libm.a(fp_mpack.o)
                0x00001928                __fp_mpack
                0x0000192c                __fp_mpack_finite
 .text.avr-libc.fplib
                0x00001944        0x6 c:/program files (x86)/atmel/atmel toolchain/avr8 gcc/native/3.4.1061/avr8-gnu-toolchain/bin/../lib/gcc/avr/4.8.1/../../../../avr/lib/avr5\libm.a(fp_nan.o)
                0x00001944                __fp_nan
 .text.avr-libc.fplib
                0x0000194a        0xe c:/program files (x86)/atmel/atmel toolchain/avr8 gcc/native/3.4.1061/avr8-gnu-toolchain/bin/../lib/gcc/avr/4.8.1/../../../../avr/lib/avr5\libm.a(fp_pscA.o)
                0x0000194a                __fp_pscA
 .text.avr-libc.fplib
                0x00001958        0xe c:/program files (x86)/atmel/atmel toolchain/avr8 gcc/native/3.4.1061/avr8-gnu-toolchain/bin/../lib/gcc/avr/4.8.1/../../../../avr/lib/avr5\libm.a(fp_pscB.o)
                0x00001958                __fp_pscB
 .text.avr-libc.fplib
                0x00001966       0x22 c:/program files (x86)/atmel/atmel toolchain/avr8 gcc/native/3.4.1061/avr8-gnu-toolchain/bin/../lib/gcc/avr/4.8.1/../../../../avr/lib/avr5\libm.a(fp_round.o)
                0x00001966                __fp_round
 .text.avr-libc.fplib
                0x00001988       0x44 c:/program files (x86)/atmel/atmel toolchain/avr8 gcc/native/3.4.1061/avr8-gnu-toolchain/bin/../lib/gcc/avr/4.8.1/../../../../avr/lib/avr5\libm.a(fp_split3.o)
                0x00001988                __fp_split3
                0x00001998                __fp_splitA
 .text.avr-libc.fplib
                0x000019cc       0x2e c:/program files (x86)/atmel/atmel toolchain/avr8 gcc/native/3.4.1061/avr8-gnu-toolchain/bin/../lib/gcc/avr/4.8.1/../../../../avr/lib/avr5\libm.a(fp_trunc.o)
                0x000019cc                __fp_trunc
 .text.avr-libc.fplib
                0x000019fa        0xe c:/program files (x86)/atmel/atmel toolchain/avr8 gcc/native/3.4.1061/avr8-gnu-toolchain/bin/../lib/gcc/avr/4.8.1/../../../../avr/lib/avr5\libm.a(fp_zero.o)
                0x000019fa                __fp_zero
                0x000019fc                __fp_szero
 .text.avr-libc.fplib
                0x00001a08       0x74 c:/program files (x86)/atmel/atmel toolchain/avr8 gcc/native/3.4.1061/avr8-gnu-toolchain/bin/../lib/gcc/avr/4.8.1/../../../../avr/lib/avr5\libm.a(lrint.o)
                0x00001a08                lrint
 .text.avr-libc.fplib
                0x00001a7c        0x4 c:/program files (x86)/atmel/atmel toolchain/avr8 gcc/native/3.4.1061/avr8-gnu-toolchain/bin/../lib/gcc/avr/4.8.1/../../../../avr/lib/avr5\libm.a(mulsf3.o)
                0x00001a7c                __mulsf3
 .text.avr-libc.fplib
                0x00001a80       0xc2 c:/program files (x86)/atmel/atmel toolchain/avr8 gcc/native/3.4.1061/avr8-gnu-toolchain/bin/../lib/gcc/avr/4.8.1/../../../../avr/lib/avr5\libm.a(mulsf3x.o)
                0x00001a94                __mulsf3x
                0x00001a98                __mulsf3_pse
 .text.libgcc.div
                0x00001b42       0x44 c:/program files (x86)/atmel/atmel toolchain/avr8 gcc/native/3.4.1061/avr8-gnu-toolchain/bin/../lib/gcc/avr/4.8.1/avr5\libgcc.a(_udivmodsi4.o)
                0x00001b42                __udivmodsi4
 .text.libgcc.div
                0x00001b86       0x2e c:/program files (x86)/atmel/atmel toolchain/avr8 gcc/native/3.4.1061/avr8-gnu-toolchain/bin/../lib/gcc/avr/4.8.1/avr5\libgcc.a(_divmodsi4.o)
                0x00001b86                __divmodsi4
 .text.libgcc.div
                0x00001bb4       0x10 c:/program files (x86)/atmel/atmel toolchain/avr8 gcc/native/3.4.1061/avr8-gnu-toolchain/bin/../lib/gcc/avr/4.8.1/avr5\libgcc.a(_negsi2.o)
                0x00001bb4                __negsi2
 .text.libgcc.mul
                0x00001bc4       0x1e c:/program files (x86)/atmel/atmel toolchain/avr8 gcc/native/3.4.1061/avr8-gnu-toolchain/bin/../lib/gcc/avr/4.8.1/avr5\libgcc.a(_umulhisi3.o)
                0x00001bc4                __umulhisi3
                0x00001be2                . = ALIGN (0x2)
 *(.fini9)
 .fini9         0x00001be2        0x0 c:/program files (x86)/atmel/atmel toolchain/avr8 gcc/native/3.4.1061/avr8-gnu-toolchain/bin/../lib/gcc/avr/4.8.1/avr5\libgcc.a(_exit.o)
                0x00001be2                _exit
                0x00001be2                exit
 *(.fini9)
 *(.fini8)
 *(.fini8)
 *(.fini7)
 *(.fini7)
 *(.fini6)
 *(.fini6)
 *(.fini5)
 *(.fini5)
 *(.fini4)
 *(.fini4)
 *(.fini3)
 *(.fini3)
 *(.fini2)
 *(.fini2)
 *(.fini1)
 *(.fini1)
 *(.fini0)
 .fini0         0x00001be2        0x4 c:/program files (x86)/atmel/atmel toolchain/avr8 gcc/native/3.4.1061/avr8-gnu-toolchain/bin/../lib/gcc/avr/4.8.1/avr5\libgcc.a(_exit.o)
 *(.fini0)
                0x00001be6                _etext = .

.data           0x00800100        0x4 load address 0x00001be6
                0x00800100                PROVIDE (__data_start, .)
 *(.data)
 *(.data*)
 .data.ticks    0x00800100        0x4 G:\Ingeniously\I_P-A-S-V-t-tenCI_\Atmel\Librari\MyLibs\Time\Debug\libTime.a(Time.o)
                0x00800100                ticks
 *(.rodata)
 *(.rodata*)
 *(.gnu.linkonce.d*)
                0x00800104                . = ALIGN (0x2)
                0x00800104                _edata = .
                0x00800104                PROVIDE (__data_end, .)

.bss            0x00800104      0x258
                0x00800104                PROVIDE (__bss_start, .)
 *(.bss)
 *(.bss*)
 .bss.car_speed
                0x00800104        0x1 Test2_atmega324PA.o
                0x00800104                car_speed
 .bss.mm_US     0x00800105        0x2 Test2_atmega324PA.o
                0x00800105                mm_US
 .bss.cm_IR     0x00800107        0x1 Test2_atmega324PA.o
                0x00800107                cm_IR
 .bss.isAutonomous
                0x00800108        0x2 Test2_atmega324PA.o
                0x00800108                isAutonomous
 .bss.turning   0x0080010a        0x2 Test2_atmega324PA.o
                0x0080010a                turning
 .bss.US_manual_start
                0x0080010c        0x1 G:\Ingeniously\I_P-A-S-V-t-tenCI_\Atmel\Librari\MyLibs\Sensors\Debug\libSensors.a(Sensors.o)
                0x0080010c                US_manual_start
 .bss.US_pos_in_buffer
                0x0080010d        0x1 G:\Ingeniously\I_P-A-S-V-t-tenCI_\Atmel\Librari\MyLibs\Sensors\Debug\libSensors.a(Sensors.o)
                0x0080010d                US_pos_in_buffer
 .bss.US_data_part_no
                0x0080010e        0x1 G:\Ingeniously\I_P-A-S-V-t-tenCI_\Atmel\Librari\MyLibs\Sensors\Debug\libSensors.a(Sensors.o)
                0x0080010e                US_data_part_no
 .bss.lastUSonicValue
                0x0080010f        0x2 G:\Ingeniously\I_P-A-S-V-t-tenCI_\Atmel\Librari\MyLibs\Sensors\Debug\libSensors.a(Sensors.o)
                0x0080010f                lastUSonicValue
 .bss.distance  0x00800111        0x1 G:\Ingeniously\I_P-A-S-V-t-tenCI_\Atmel\Librari\MyLibs\Sensors\Debug\libSensors.a(Sensors.o)
                0x00800111                distance
 .bss.iter      0x00800112        0x2 G:\Ingeniously\I_P-A-S-V-t-tenCI_\Atmel\Librari\MyLibs\Sensors\Debug\libSensors.a(Sensors.o)
                0x00800112                iter
 .bss.txWritePos
                0x00800114        0x1 G:\Ingeniously\I_P-A-S-V-t-tenCI_\Atmel\Librari\MyLibs\Communication\Debug\libCommunication.a(Communication.o)
                0x00800114                txWritePos
 .bss.txReadPos
                0x00800115        0x1 G:\Ingeniously\I_P-A-S-V-t-tenCI_\Atmel\Librari\MyLibs\Communication\Debug\libCommunication.a(Communication.o)
                0x00800115                txReadPos
 .bss.lastPackPosInBuff
                0x00800116        0x1 G:\Ingeniously\I_P-A-S-V-t-tenCI_\Atmel\Librari\MyLibs\Communication\Debug\libCommunication.a(Communication.o)
                0x00800116                lastPackPosInBuff
 .bss.lastPackNo
                0x00800117        0x1 G:\Ingeniously\I_P-A-S-V-t-tenCI_\Atmel\Librari\MyLibs\Communication\Debug\libCommunication.a(Communication.o)
                0x00800117                lastPackNo
 .bss.packStarted
                0x00800118        0x1 G:\Ingeniously\I_P-A-S-V-t-tenCI_\Atmel\Librari\MyLibs\Communication\Debug\libCommunication.a(Communication.o)
                0x00800118                packStarted
 .bss.rxWritePos
                0x00800119        0x1 G:\Ingeniously\I_P-A-S-V-t-tenCI_\Atmel\Librari\MyLibs\Communication\Debug\libCommunication.a(Communication.o)
                0x00800119                rxWritePos
 .bss.rxReadPos
                0x0080011a        0x1 G:\Ingeniously\I_P-A-S-V-t-tenCI_\Atmel\Librari\MyLibs\Communication\Debug\libCommunication.a(Communication.o)
                0x0080011a                rxReadPos
 .bss.argc2     0x0080011b        0x2 G:\Ingeniously\I_P-A-S-V-t-tenCI_\Atmel\Librari\MyLibs\Time\Debug\libTime.a(Time.o)
                0x0080011b                argc2
 .bss.stopFunction
                0x0080011d        0x2 G:\Ingeniously\I_P-A-S-V-t-tenCI_\Atmel\Librari\MyLibs\Time\Debug\libTime.a(Time.o)
                0x0080011d                stopFunction
 *(COMMON)
 COMMON         0x0080011f       0x29 G:\Ingeniously\I_P-A-S-V-t-tenCI_\Atmel\Librari\MyLibs\Sensors\Debug\libSensors.a(Sensors.o)
                0x0080011f                UltraSonicValues
                0x0080013f                ultrasonicDataPack
                0x00800143                dis
 COMMON         0x00800148      0x200 G:\Ingeniously\I_P-A-S-V-t-tenCI_\Atmel\Librari\MyLibs\Communication\Debug\libCommunication.a(Communication.o)
                0x00800148                rxBuffer
                0x00800248                txBuffer
 COMMON         0x00800348       0x14 G:\Ingeniously\I_P-A-S-V-t-tenCI_\Atmel\Librari\MyLibs\Time\Debug\libTime.a(Time.o)
                0x00800348                argv2
                0x0080035c                PROVIDE (__bss_end, .)
                0x00001be6                __data_load_start = LOADADDR (.data)
                0x00001bea                __data_load_end = (__data_load_start + SIZEOF (.data))

.noinit         0x0080035c        0x0
                0x0080035c                PROVIDE (__noinit_start, .)
 *(.noinit*)
                0x0080035c                PROVIDE (__noinit_end, .)
                0x0080035c                _end = .
                0x0080035c                PROVIDE (__heap_start, .)

.eeprom         0x00810000        0x0
 *(.eeprom*)
                0x00810000                __eeprom_end = .

.fuse
 *(.fuse)
 *(.lfuse)
 *(.hfuse)
 *(.efuse)

.lock
 *(.lock*)

.signature
 *(.signature*)

.user_signatures
 *(.user_signatures*)

.stab
 *(.stab)

.stabstr
 *(.stabstr)

.stab.excl
 *(.stab.excl)

.stab.exclstr
 *(.stab.exclstr)

.stab.index
 *(.stab.index)

.stab.indexstr
 *(.stab.indexstr)

.comment        0x00000000       0x30
 *(.comment)
 .comment       0x00000000       0x30 Test2_atmega324PA.o
                                 0x31 (size before relaxing)
 .comment       0x00000000       0x31 G:\Ingeniously\I_P-A-S-V-t-tenCI_\Atmel\Librari\MyLibs\PWM_lib\Debug\libPWM_lib.a(PWM_lib.o)
 .comment       0x00000000       0x31 G:\Ingeniously\I_P-A-S-V-t-tenCI_\Atmel\Librari\MyLibs\Sensors\Debug\libSensors.a(Sensors.o)
 .comment       0x00000000       0x31 G:\Ingeniously\I_P-A-S-V-t-tenCI_\Atmel\Librari\MyLibs\Communication\Debug\libCommunication.a(Communication.o)
 .comment       0x00000000       0x31 G:\Ingeniously\I_P-A-S-V-t-tenCI_\Atmel\Librari\MyLibs\Time\Debug\libTime.a(Time.o)

.note.gnu.build-id
 *(.note.gnu.build-id)

.debug
 *(.debug)

.line
 *(.line)

.debug_srcinfo
 *(.debug_srcinfo)

.debug_sfnames
 *(.debug_sfnames)

.debug_aranges  0x00000000      0x218
 *(.debug_aranges)
 .debug_aranges
                0x00000000       0x30 Test2_atmega324PA.o
 .debug_aranges
                0x00000030       0xe8 G:\Ingeniously\I_P-A-S-V-t-tenCI_\Atmel\Librari\MyLibs\PWM_lib\Debug\libPWM_lib.a(PWM_lib.o)
 .debug_aranges
                0x00000118       0x68 G:\Ingeniously\I_P-A-S-V-t-tenCI_\Atmel\Librari\MyLibs\Sensors\Debug\libSensors.a(Sensors.o)
 .debug_aranges
                0x00000180       0x68 G:\Ingeniously\I_P-A-S-V-t-tenCI_\Atmel\Librari\MyLibs\Communication\Debug\libCommunication.a(Communication.o)
 .debug_aranges
                0x000001e8       0x30 G:\Ingeniously\I_P-A-S-V-t-tenCI_\Atmel\Librari\MyLibs\Time\Debug\libTime.a(Time.o)

.debug_pubnames
 *(.debug_pubnames)

.debug_info     0x00000000     0x1e1a
 *(.debug_info .gnu.linkonce.wi.*)
 .debug_info    0x00000000      0x508 Test2_atmega324PA.o
 .debug_info    0x00000508      0xcf0 G:\Ingeniously\I_P-A-S-V-t-tenCI_\Atmel\Librari\MyLibs\PWM_lib\Debug\libPWM_lib.a(PWM_lib.o)
 .debug_info    0x000011f8      0x42a G:\Ingeniously\I_P-A-S-V-t-tenCI_\Atmel\Librari\MyLibs\Sensors\Debug\libSensors.a(Sensors.o)
 .debug_info    0x00001622      0x5d5 G:\Ingeniously\I_P-A-S-V-t-tenCI_\Atmel\Librari\MyLibs\Communication\Debug\libCommunication.a(Communication.o)
 .debug_info    0x00001bf7      0x223 G:\Ingeniously\I_P-A-S-V-t-tenCI_\Atmel\Librari\MyLibs\Time\Debug\libTime.a(Time.o)

.debug_abbrev   0x00000000      0x99f
 *(.debug_abbrev)
 .debug_abbrev  0x00000000      0x1b1 Test2_atmega324PA.o
 .debug_abbrev  0x000001b1      0x211 G:\Ingeniously\I_P-A-S-V-t-tenCI_\Atmel\Librari\MyLibs\PWM_lib\Debug\libPWM_lib.a(PWM_lib.o)
 .debug_abbrev  0x000003c2      0x22b G:\Ingeniously\I_P-A-S-V-t-tenCI_\Atmel\Librari\MyLibs\Sensors\Debug\libSensors.a(Sensors.o)
 .debug_abbrev  0x000005ed      0x2bc G:\Ingeniously\I_P-A-S-V-t-tenCI_\Atmel\Librari\MyLibs\Communication\Debug\libCommunication.a(Communication.o)
 .debug_abbrev  0x000008a9       0xf6 G:\Ingeniously\I_P-A-S-V-t-tenCI_\Atmel\Librari\MyLibs\Time\Debug\libTime.a(Time.o)

.debug_line     0x00000000      0xab9
 *(.debug_line .debug_line.* .debug_line_end)
 .debug_line    0x00000000      0x1ed Test2_atmega324PA.o
 .debug_line    0x000001ed      0x32e G:\Ingeniously\I_P-A-S-V-t-tenCI_\Atmel\Librari\MyLibs\PWM_lib\Debug\libPWM_lib.a(PWM_lib.o)
 .debug_line    0x0000051b      0x1d3 G:\Ingeniously\I_P-A-S-V-t-tenCI_\Atmel\Librari\MyLibs\Sensors\Debug\libSensors.a(Sensors.o)
 .debug_line    0x000006ee      0x2d3 G:\Ingeniously\I_P-A-S-V-t-tenCI_\Atmel\Librari\MyLibs\Communication\Debug\libCommunication.a(Communication.o)
 .debug_line    0x000009c1       0xf8 G:\Ingeniously\I_P-A-S-V-t-tenCI_\Atmel\Librari\MyLibs\Time\Debug\libTime.a(Time.o)

.debug_frame    0x00000000      0x7a8
 *(.debug_frame)
 .debug_frame   0x00000000       0x78 Test2_atmega324PA.o
 .debug_frame   0x00000078      0x364 G:\Ingeniously\I_P-A-S-V-t-tenCI_\Atmel\Librari\MyLibs\PWM_lib\Debug\libPWM_lib.a(PWM_lib.o)
 .debug_frame   0x000003dc      0x1a0 G:\Ingeniously\I_P-A-S-V-t-tenCI_\Atmel\Librari\MyLibs\Sensors\Debug\libSensors.a(Sensors.o)
 .debug_frame   0x0000057c      0x16c G:\Ingeniously\I_P-A-S-V-t-tenCI_\Atmel\Librari\MyLibs\Communication\Debug\libCommunication.a(Communication.o)
 .debug_frame   0x000006e8       0xc0 G:\Ingeniously\I_P-A-S-V-t-tenCI_\Atmel\Librari\MyLibs\Time\Debug\libTime.a(Time.o)

.debug_str      0x00000000      0x8fc
 *(.debug_str)
 .debug_str     0x00000000      0x30d Test2_atmega324PA.o
                                0x348 (size before relaxing)
 .debug_str     0x0000030d      0x206 G:\Ingeniously\I_P-A-S-V-t-tenCI_\Atmel\Librari\MyLibs\PWM_lib\Debug\libPWM_lib.a(PWM_lib.o)
                                0x345 (size before relaxing)
 .debug_str     0x00000513      0x1aa G:\Ingeniously\I_P-A-S-V-t-tenCI_\Atmel\Librari\MyLibs\Sensors\Debug\libSensors.a(Sensors.o)
                                0x2f8 (size before relaxing)
 .debug_str     0x000006bd      0x183 G:\Ingeniously\I_P-A-S-V-t-tenCI_\Atmel\Librari\MyLibs\Communication\Debug\libCommunication.a(Communication.o)
                                0x323 (size before relaxing)
 .debug_str     0x00000840       0xbc G:\Ingeniously\I_P-A-S-V-t-tenCI_\Atmel\Librari\MyLibs\Time\Debug\libTime.a(Time.o)
                                0x20a (size before relaxing)

.debug_loc      0x00000000     0x1d96
 *(.debug_loc)
 .debug_loc     0x00000000      0x123 Test2_atmega324PA.o
 .debug_loc     0x00000123      0xb9d G:\Ingeniously\I_P-A-S-V-t-tenCI_\Atmel\Librari\MyLibs\PWM_lib\Debug\libPWM_lib.a(PWM_lib.o)
 .debug_loc     0x00000cc0      0x5df G:\Ingeniously\I_P-A-S-V-t-tenCI_\Atmel\Librari\MyLibs\Sensors\Debug\libSensors.a(Sensors.o)
 .debug_loc     0x0000129f      0x828 G:\Ingeniously\I_P-A-S-V-t-tenCI_\Atmel\Librari\MyLibs\Communication\Debug\libCommunication.a(Communication.o)
 .debug_loc     0x00001ac7      0x2cf G:\Ingeniously\I_P-A-S-V-t-tenCI_\Atmel\Librari\MyLibs\Time\Debug\libTime.a(Time.o)

.debug_macinfo
 *(.debug_macinfo)

.debug_weaknames
 *(.debug_weaknames)

.debug_funcnames
 *(.debug_funcnames)

.debug_typenames
 *(.debug_typenames)

.debug_varnames
 *(.debug_varnames)

.debug_pubtypes
 *(.debug_pubtypes)

.debug_ranges   0x00000000      0x1e0
 *(.debug_ranges)
 .debug_ranges  0x00000000       0x20 Test2_atmega324PA.o
 .debug_ranges  0x00000020       0xd8 G:\Ingeniously\I_P-A-S-V-t-tenCI_\Atmel\Librari\MyLibs\PWM_lib\Debug\libPWM_lib.a(PWM_lib.o)
 .debug_ranges  0x000000f8       0x70 G:\Ingeniously\I_P-A-S-V-t-tenCI_\Atmel\Librari\MyLibs\Sensors\Debug\libSensors.a(Sensors.o)
 .debug_ranges  0x00000168       0x58 G:\Ingeniously\I_P-A-S-V-t-tenCI_\Atmel\Librari\MyLibs\Communication\Debug\libCommunication.a(Communication.o)
 .debug_ranges  0x000001c0       0x20 G:\Ingeniously\I_P-A-S-V-t-tenCI_\Atmel\Librari\MyLibs\Time\Debug\libTime.a(Time.o)

.debug_macro
 *(.debug_macro)
OUTPUT(Test2_atmega324PA.elf elf32-avr)
LOAD linker stubs
