Archive member included because of file (symbol)

G:\Ingeniously\I_P-A-S-V-t-tenCI_\Atmel\Librari\MyLibs\PWM_lib\Debug\libPWM_lib.a(PWM_lib.o)
                              Test2_atmega324PA.o (breakAll)
G:\Ingeniously\I_P-A-S-V-t-tenCI_\Atmel\Librari\MyLibs\Sensors\Debug\libSensors.a(Sensors.o)
                              Test2_atmega324PA.o (initSensors)
G:\Ingeniously\I_P-A-S-V-t-tenCI_\Atmel\Librari\MyLibs\Communication\Debug\libCommunication.a(Communication.o)
                              Test2_atmega324PA.o (initUSART1)
G:\Ingeniously\I_P-A-S-V-t-tenCI_\Atmel\Librari\MyLibs\Time\Debug\libTime.a(Time.o)
                              G:\Ingeniously\I_P-A-S-V-t-tenCI_\Atmel\Librari\MyLibs\PWM_lib\Debug\libPWM_lib.a(PWM_lib.o) (executeCommandForTime)
G:\Ingeniously\I_P-A-S-V-t-tenCI_\Atmel\Librari\MyLibs\Algoritm\Debug\libAlgoritm.a(Algoritm.o)
                              Test2_atmega324PA.o (interpretCommands)
c:/program files (x86)/atmel/atmel toolchain/avr8 gcc/native/3.4.1061/avr8-gnu-toolchain/bin/../lib/gcc/avr/4.8.1/../../../../avr/lib/avr5\libm.a(addsf3.o)
                              G:\Ingeniously\I_P-A-S-V-t-tenCI_\Atmel\Librari\MyLibs\Sensors\Debug\libSensors.a(Sensors.o) (__subsf3)
c:/program files (x86)/atmel/atmel toolchain/avr8 gcc/native/3.4.1061/avr8-gnu-toolchain/bin/../lib/gcc/avr/4.8.1/../../../../avr/lib/avr5\libm.a(addsf3x.o)
                              c:/program files (x86)/atmel/atmel toolchain/avr8 gcc/native/3.4.1061/avr8-gnu-toolchain/bin/../lib/gcc/avr/4.8.1/../../../../avr/lib/avr5\libm.a(addsf3.o) (__addsf3x)
c:/program files (x86)/atmel/atmel toolchain/avr8 gcc/native/3.4.1061/avr8-gnu-toolchain/bin/../lib/gcc/avr/4.8.1/../../../../avr/lib/avr5\libm.a(divsf3.o)
                              G:\Ingeniously\I_P-A-S-V-t-tenCI_\Atmel\Librari\MyLibs\PWM_lib\Debug\libPWM_lib.a(PWM_lib.o) (__divsf3)
c:/program files (x86)/atmel/atmel toolchain/avr8 gcc/native/3.4.1061/avr8-gnu-toolchain/bin/../lib/gcc/avr/4.8.1/../../../../avr/lib/avr5\libm.a(divsf3x.o)
                              c:/program files (x86)/atmel/atmel toolchain/avr8 gcc/native/3.4.1061/avr8-gnu-toolchain/bin/../lib/gcc/avr/4.8.1/../../../../avr/lib/avr5\libm.a(divsf3.o) (__divsf3x)
c:/program files (x86)/atmel/atmel toolchain/avr8 gcc/native/3.4.1061/avr8-gnu-toolchain/bin/../lib/gcc/avr/4.8.1/../../../../avr/lib/avr5\libm.a(fixunssfsi.o)
                              G:\Ingeniously\I_P-A-S-V-t-tenCI_\Atmel\Librari\MyLibs\PWM_lib\Debug\libPWM_lib.a(PWM_lib.o) (__fixunssfsi)
c:/program files (x86)/atmel/atmel toolchain/avr8 gcc/native/3.4.1061/avr8-gnu-toolchain/bin/../lib/gcc/avr/4.8.1/../../../../avr/lib/avr5\libm.a(floatsisf.o)
                              G:\Ingeniously\I_P-A-S-V-t-tenCI_\Atmel\Librari\MyLibs\Sensors\Debug\libSensors.a(Sensors.o) (__floatunsisf)
c:/program files (x86)/atmel/atmel toolchain/avr8 gcc/native/3.4.1061/avr8-gnu-toolchain/bin/../lib/gcc/avr/4.8.1/../../../../avr/lib/avr5\libm.a(floor.o)
                              G:\Ingeniously\I_P-A-S-V-t-tenCI_\Atmel\Librari\MyLibs\Sensors\Debug\libSensors.a(Sensors.o) (floor)
c:/program files (x86)/atmel/atmel toolchain/avr8 gcc/native/3.4.1061/avr8-gnu-toolchain/bin/../lib/gcc/avr/4.8.1/../../../../avr/lib/avr5\libm.a(fp_inf.o)
                              c:/program files (x86)/atmel/atmel toolchain/avr8 gcc/native/3.4.1061/avr8-gnu-toolchain/bin/../lib/gcc/avr/4.8.1/../../../../avr/lib/avr5\libm.a(addsf3x.o) (__fp_inf)
c:/program files (x86)/atmel/atmel toolchain/avr8 gcc/native/3.4.1061/avr8-gnu-toolchain/bin/../lib/gcc/avr/4.8.1/../../../../avr/lib/avr5\libm.a(fp_mintl.o)
                              c:/program files (x86)/atmel/atmel toolchain/avr8 gcc/native/3.4.1061/avr8-gnu-toolchain/bin/../lib/gcc/avr/4.8.1/../../../../avr/lib/avr5\libm.a(floor.o) (__fp_mintl)
c:/program files (x86)/atmel/atmel toolchain/avr8 gcc/native/3.4.1061/avr8-gnu-toolchain/bin/../lib/gcc/avr/4.8.1/../../../../avr/lib/avr5\libm.a(fp_mpack.o)
                              c:/program files (x86)/atmel/atmel toolchain/avr8 gcc/native/3.4.1061/avr8-gnu-toolchain/bin/../lib/gcc/avr/4.8.1/../../../../avr/lib/avr5\libm.a(floor.o) (__fp_mpack)
c:/program files (x86)/atmel/atmel toolchain/avr8 gcc/native/3.4.1061/avr8-gnu-toolchain/bin/../lib/gcc/avr/4.8.1/../../../../avr/lib/avr5\libm.a(fp_nan.o)
                              c:/program files (x86)/atmel/atmel toolchain/avr8 gcc/native/3.4.1061/avr8-gnu-toolchain/bin/../lib/gcc/avr/4.8.1/../../../../avr/lib/avr5\libm.a(addsf3x.o) (__fp_nan)
c:/program files (x86)/atmel/atmel toolchain/avr8 gcc/native/3.4.1061/avr8-gnu-toolchain/bin/../lib/gcc/avr/4.8.1/../../../../avr/lib/avr5\libm.a(fp_pscA.o)
                              c:/program files (x86)/atmel/atmel toolchain/avr8 gcc/native/3.4.1061/avr8-gnu-toolchain/bin/../lib/gcc/avr/4.8.1/../../../../avr/lib/avr5\libm.a(addsf3x.o) (__fp_pscA)
c:/program files (x86)/atmel/atmel toolchain/avr8 gcc/native/3.4.1061/avr8-gnu-toolchain/bin/../lib/gcc/avr/4.8.1/../../../../avr/lib/avr5\libm.a(fp_pscB.o)
                              c:/program files (x86)/atmel/atmel toolchain/avr8 gcc/native/3.4.1061/avr8-gnu-toolchain/bin/../lib/gcc/avr/4.8.1/../../../../avr/lib/avr5\libm.a(addsf3x.o) (__fp_pscB)
c:/program files (x86)/atmel/atmel toolchain/avr8 gcc/native/3.4.1061/avr8-gnu-toolchain/bin/../lib/gcc/avr/4.8.1/../../../../avr/lib/avr5\libm.a(fp_round.o)
                              c:/program files (x86)/atmel/atmel toolchain/avr8 gcc/native/3.4.1061/avr8-gnu-toolchain/bin/../lib/gcc/avr/4.8.1/../../../../avr/lib/avr5\libm.a(addsf3.o) (__fp_round)
c:/program files (x86)/atmel/atmel toolchain/avr8 gcc/native/3.4.1061/avr8-gnu-toolchain/bin/../lib/gcc/avr/4.8.1/../../../../avr/lib/avr5\libm.a(fp_split3.o)
                              c:/program files (x86)/atmel/atmel toolchain/avr8 gcc/native/3.4.1061/avr8-gnu-toolchain/bin/../lib/gcc/avr/4.8.1/../../../../avr/lib/avr5\libm.a(addsf3x.o) (__fp_split3)
c:/program files (x86)/atmel/atmel toolchain/avr8 gcc/native/3.4.1061/avr8-gnu-toolchain/bin/../lib/gcc/avr/4.8.1/../../../../avr/lib/avr5\libm.a(fp_trunc.o)
                              c:/program files (x86)/atmel/atmel toolchain/avr8 gcc/native/3.4.1061/avr8-gnu-toolchain/bin/../lib/gcc/avr/4.8.1/../../../../avr/lib/avr5\libm.a(floor.o) (__fp_trunc)
c:/program files (x86)/atmel/atmel toolchain/avr8 gcc/native/3.4.1061/avr8-gnu-toolchain/bin/../lib/gcc/avr/4.8.1/../../../../avr/lib/avr5\libm.a(fp_zero.o)
                              c:/program files (x86)/atmel/atmel toolchain/avr8 gcc/native/3.4.1061/avr8-gnu-toolchain/bin/../lib/gcc/avr/4.8.1/../../../../avr/lib/avr5\libm.a(addsf3x.o) (__fp_zero)
c:/program files (x86)/atmel/atmel toolchain/avr8 gcc/native/3.4.1061/avr8-gnu-toolchain/bin/../lib/gcc/avr/4.8.1/../../../../avr/lib/avr5\libm.a(lrint.o)
                              G:\Ingeniously\I_P-A-S-V-t-tenCI_\Atmel\Librari\MyLibs\Sensors\Debug\libSensors.a(Sensors.o) (lrint)
c:/program files (x86)/atmel/atmel toolchain/avr8 gcc/native/3.4.1061/avr8-gnu-toolchain/bin/../lib/gcc/avr/4.8.1/../../../../avr/lib/avr5\libm.a(mulsf3.o)
                              G:\Ingeniously\I_P-A-S-V-t-tenCI_\Atmel\Librari\MyLibs\PWM_lib\Debug\libPWM_lib.a(PWM_lib.o) (__mulsf3)
c:/program files (x86)/atmel/atmel toolchain/avr8 gcc/native/3.4.1061/avr8-gnu-toolchain/bin/../lib/gcc/avr/4.8.1/../../../../avr/lib/avr5\libm.a(mulsf3x.o)
                              c:/program files (x86)/atmel/atmel toolchain/avr8 gcc/native/3.4.1061/avr8-gnu-toolchain/bin/../lib/gcc/avr/4.8.1/../../../../avr/lib/avr5\libm.a(mulsf3.o) (__mulsf3x)
c:/program files (x86)/atmel/atmel toolchain/avr8 gcc/native/3.4.1061/avr8-gnu-toolchain/bin/../lib/gcc/avr/4.8.1/avr5\libgcc.a(_divmodhi4.o)
                              G:\Ingeniously\I_P-A-S-V-t-tenCI_\Atmel\Librari\MyLibs\Algoritm\Debug\libAlgoritm.a(Algoritm.o) (__divmodhi4)
c:/program files (x86)/atmel/atmel toolchain/avr8 gcc/native/3.4.1061/avr8-gnu-toolchain/bin/../lib/gcc/avr/4.8.1/avr5\libgcc.a(_udivmodsi4.o)
                              G:\Ingeniously\I_P-A-S-V-t-tenCI_\Atmel\Librari\MyLibs\Sensors\Debug\libSensors.a(Sensors.o) (__udivmodsi4)
c:/program files (x86)/atmel/atmel toolchain/avr8 gcc/native/3.4.1061/avr8-gnu-toolchain/bin/../lib/gcc/avr/4.8.1/avr5\libgcc.a(_divmodsi4.o)
                              G:\Ingeniously\I_P-A-S-V-t-tenCI_\Atmel\Librari\MyLibs\Sensors\Debug\libSensors.a(Sensors.o) (__divmodsi4)
c:/program files (x86)/atmel/atmel toolchain/avr8 gcc/native/3.4.1061/avr8-gnu-toolchain/bin/../lib/gcc/avr/4.8.1/avr5\libgcc.a(_negsi2.o)
                              c:/program files (x86)/atmel/atmel toolchain/avr8 gcc/native/3.4.1061/avr8-gnu-toolchain/bin/../lib/gcc/avr/4.8.1/avr5\libgcc.a(_divmodsi4.o) (__negsi2)
c:/program files (x86)/atmel/atmel toolchain/avr8 gcc/native/3.4.1061/avr8-gnu-toolchain/bin/../lib/gcc/avr/4.8.1/avr5\libgcc.a(_exit.o)
                              c:/program files (x86)/atmel/atmel toolchain/avr8 gcc/native/3.4.1061/avr8-gnu-toolchain/bin/../lib/gcc/avr/4.8.1/../../../../avr/lib/avr5/crtm324pa.o (exit)
c:/program files (x86)/atmel/atmel toolchain/avr8 gcc/native/3.4.1061/avr8-gnu-toolchain/bin/../lib/gcc/avr/4.8.1/avr5\libgcc.a(_copy_data.o)
                              Test2_atmega324PA.o (__do_copy_data)
c:/program files (x86)/atmel/atmel toolchain/avr8 gcc/native/3.4.1061/avr8-gnu-toolchain/bin/../lib/gcc/avr/4.8.1/avr5\libgcc.a(_clear_bss.o)
                              Test2_atmega324PA.o (__do_clear_bss)
c:/program files (x86)/atmel/atmel toolchain/avr8 gcc/native/3.4.1061/avr8-gnu-toolchain/bin/../lib/gcc/avr/4.8.1/avr5\libgcc.a(_umulhisi3.o)
                              G:\Ingeniously\I_P-A-S-V-t-tenCI_\Atmel\Librari\MyLibs\Time\Debug\libTime.a(Time.o) (__umulhisi3)
c:/program files (x86)/atmel/atmel toolchain/avr8 gcc/native/3.4.1061/avr8-gnu-toolchain/bin/../lib/gcc/avr/4.8.1/avr5\libgcc.a(_udivmodhi4.o)
                              c:/program files (x86)/atmel/atmel toolchain/avr8 gcc/native/3.4.1061/avr8-gnu-toolchain/bin/../lib/gcc/avr/4.8.1/avr5\libgcc.a(_divmodhi4.o) (__udivmodhi4)

Allocating common symbols
Common symbol       size              file

UltraSonicValues    0x20              G:\Ingeniously\I_P-A-S-V-t-tenCI_\Atmel\Librari\MyLibs\Sensors\Debug\libSensors.a(Sensors.o)
rxBuffer            0x100             G:\Ingeniously\I_P-A-S-V-t-tenCI_\Atmel\Librari\MyLibs\Communication\Debug\libCommunication.a(Communication.o)
txBuffer            0x100             G:\Ingeniously\I_P-A-S-V-t-tenCI_\Atmel\Librari\MyLibs\Communication\Debug\libCommunication.a(Communication.o)
InfraredValues      0x10              G:\Ingeniously\I_P-A-S-V-t-tenCI_\Atmel\Librari\MyLibs\Sensors\Debug\libSensors.a(Sensors.o)
ultrasonicDataPack  0x4               G:\Ingeniously\I_P-A-S-V-t-tenCI_\Atmel\Librari\MyLibs\Sensors\Debug\libSensors.a(Sensors.o)
argv2               0x14              G:\Ingeniously\I_P-A-S-V-t-tenCI_\Atmel\Librari\MyLibs\Time\Debug\libTime.a(Time.o)

Discarded input sections

 .data          0x00000000        0x0 c:/program files (x86)/atmel/atmel toolchain/avr8 gcc/native/3.4.1061/avr8-gnu-toolchain/bin/../lib/gcc/avr/4.8.1/../../../../avr/lib/avr5/crtm324pa.o
 .bss           0x00000000        0x0 c:/program files (x86)/atmel/atmel toolchain/avr8 gcc/native/3.4.1061/avr8-gnu-toolchain/bin/../lib/gcc/avr/4.8.1/../../../../avr/lib/avr5/crtm324pa.o
 .text          0x00000000        0x0 Test2_atmega324PA.o
 .data          0x00000000        0x0 Test2_atmega324PA.o
 .bss           0x00000000        0x0 Test2_atmega324PA.o
 .text.executeCommands
                0x00000000       0x6a Test2_atmega324PA.o
 .bss.bune      0x00000000        0x2 Test2_atmega324PA.o
 .bss.car_speed
                0x00000000        0x1 Test2_atmega324PA.o
 .bss.mm_US     0x00000000        0x2 Test2_atmega324PA.o
 .bss.cm_IR     0x00000000        0x1 Test2_atmega324PA.o
 .bss.isAutonomous
                0x00000000        0x2 Test2_atmega324PA.o
 .bss.turning   0x00000000        0x2 Test2_atmega324PA.o
 .data.enableLeft
                0x00000000        0x2 Test2_atmega324PA.o
 .data.enableRight
                0x00000000        0x2 Test2_atmega324PA.o
 .bss.read      0x00000000        0x2 Test2_atmega324PA.o
 .text          0x00000000        0x0 G:\Ingeniously\I_P-A-S-V-t-tenCI_\Atmel\Librari\MyLibs\PWM_lib\Debug\libPWM_lib.a(PWM_lib.o)
 .data          0x00000000        0x0 G:\Ingeniously\I_P-A-S-V-t-tenCI_\Atmel\Librari\MyLibs\PWM_lib\Debug\libPWM_lib.a(PWM_lib.o)
 .bss           0x00000000        0x0 G:\Ingeniously\I_P-A-S-V-t-tenCI_\Atmel\Librari\MyLibs\PWM_lib\Debug\libPWM_lib.a(PWM_lib.o)
 .text.changePwm_MotorLF
                0x00000000       0x2e G:\Ingeniously\I_P-A-S-V-t-tenCI_\Atmel\Librari\MyLibs\PWM_lib\Debug\libPWM_lib.a(PWM_lib.o)
 .text.changePwm_MotorLB
                0x00000000       0x2e G:\Ingeniously\I_P-A-S-V-t-tenCI_\Atmel\Librari\MyLibs\PWM_lib\Debug\libPWM_lib.a(PWM_lib.o)
 .text.changePwm_MotorRF
                0x00000000       0x30 G:\Ingeniously\I_P-A-S-V-t-tenCI_\Atmel\Librari\MyLibs\PWM_lib\Debug\libPWM_lib.a(PWM_lib.o)
 .text.changePwm_MotorRB
                0x00000000       0x30 G:\Ingeniously\I_P-A-S-V-t-tenCI_\Atmel\Librari\MyLibs\PWM_lib\Debug\libPWM_lib.a(PWM_lib.o)
 .text.driveLeftForTime
                0x00000000       0xa4 G:\Ingeniously\I_P-A-S-V-t-tenCI_\Atmel\Librari\MyLibs\PWM_lib\Debug\libPWM_lib.a(PWM_lib.o)
 .text.driveRightForTime
                0x00000000       0xa4 G:\Ingeniously\I_P-A-S-V-t-tenCI_\Atmel\Librari\MyLibs\PWM_lib\Debug\libPWM_lib.a(PWM_lib.o)
 .text.driveLeft
                0x00000000       0xa0 G:\Ingeniously\I_P-A-S-V-t-tenCI_\Atmel\Librari\MyLibs\PWM_lib\Debug\libPWM_lib.a(PWM_lib.o)
 .text.driveRight
                0x00000000       0xa2 G:\Ingeniously\I_P-A-S-V-t-tenCI_\Atmel\Librari\MyLibs\PWM_lib\Debug\libPWM_lib.a(PWM_lib.o)
 .text.turnRight_90degrees
                0x00000000       0x8a G:\Ingeniously\I_P-A-S-V-t-tenCI_\Atmel\Librari\MyLibs\PWM_lib\Debug\libPWM_lib.a(PWM_lib.o)
 .text.turnLeft_90degrees
                0x00000000       0x8a G:\Ingeniously\I_P-A-S-V-t-tenCI_\Atmel\Librari\MyLibs\PWM_lib\Debug\libPWM_lib.a(PWM_lib.o)
 .text.stopTurning
                0x00000000        0xa G:\Ingeniously\I_P-A-S-V-t-tenCI_\Atmel\Librari\MyLibs\PWM_lib\Debug\libPWM_lib.a(PWM_lib.o)
 .text.turnLeft
                0x00000000        0x6 G:\Ingeniously\I_P-A-S-V-t-tenCI_\Atmel\Librari\MyLibs\PWM_lib\Debug\libPWM_lib.a(PWM_lib.o)
 .text.reverse  0x00000000        0xa G:\Ingeniously\I_P-A-S-V-t-tenCI_\Atmel\Librari\MyLibs\PWM_lib\Debug\libPWM_lib.a(PWM_lib.o)
 .text.turnRight
                0x00000000        0x6 G:\Ingeniously\I_P-A-S-V-t-tenCI_\Atmel\Librari\MyLibs\PWM_lib\Debug\libPWM_lib.a(PWM_lib.o)
 .text.breakLeft
                0x00000000        0x6 G:\Ingeniously\I_P-A-S-V-t-tenCI_\Atmel\Librari\MyLibs\PWM_lib\Debug\libPWM_lib.a(PWM_lib.o)
 .text.breakRight
                0x00000000        0xa G:\Ingeniously\I_P-A-S-V-t-tenCI_\Atmel\Librari\MyLibs\PWM_lib\Debug\libPWM_lib.a(PWM_lib.o)
 .text.setTurningSpeed
                0x00000000        0xa G:\Ingeniously\I_P-A-S-V-t-tenCI_\Atmel\Librari\MyLibs\PWM_lib\Debug\libPWM_lib.a(PWM_lib.o)
 .text.setTurningTime
                0x00000000        0xa G:\Ingeniously\I_P-A-S-V-t-tenCI_\Atmel\Librari\MyLibs\PWM_lib\Debug\libPWM_lib.a(PWM_lib.o)
 .text.getTurningTime
                0x00000000        0xa G:\Ingeniously\I_P-A-S-V-t-tenCI_\Atmel\Librari\MyLibs\PWM_lib\Debug\libPWM_lib.a(PWM_lib.o)
 .text.getTurningSpeed
                0x00000000        0xa G:\Ingeniously\I_P-A-S-V-t-tenCI_\Atmel\Librari\MyLibs\PWM_lib\Debug\libPWM_lib.a(PWM_lib.o)
 .data.TURN_SPEED
                0x00000000        0x2 G:\Ingeniously\I_P-A-S-V-t-tenCI_\Atmel\Librari\MyLibs\PWM_lib\Debug\libPWM_lib.a(PWM_lib.o)
 .data.TIME_TO_TURN_MS
                0x00000000        0x2 G:\Ingeniously\I_P-A-S-V-t-tenCI_\Atmel\Librari\MyLibs\PWM_lib\Debug\libPWM_lib.a(PWM_lib.o)
 .text          0x00000000        0x0 G:\Ingeniously\I_P-A-S-V-t-tenCI_\Atmel\Librari\MyLibs\Sensors\Debug\libSensors.a(Sensors.o)
 .data          0x00000000        0x0 G:\Ingeniously\I_P-A-S-V-t-tenCI_\Atmel\Librari\MyLibs\Sensors\Debug\libSensors.a(Sensors.o)
 .bss           0x00000000        0x0 G:\Ingeniously\I_P-A-S-V-t-tenCI_\Atmel\Librari\MyLibs\Sensors\Debug\libSensors.a(Sensors.o)
 .text.getLastUltrasonicValue
                0x00000000       0x14 G:\Ingeniously\I_P-A-S-V-t-tenCI_\Atmel\Librari\MyLibs\Sensors\Debug\libSensors.a(Sensors.o)
 .text.setUltrasonicManualMeasure
                0x00000000       0x16 G:\Ingeniously\I_P-A-S-V-t-tenCI_\Atmel\Librari\MyLibs\Sensors\Debug\libSensors.a(Sensors.o)
 .text.startUltrasonicMeasure
                0x00000000        0xa G:\Ingeniously\I_P-A-S-V-t-tenCI_\Atmel\Librari\MyLibs\Sensors\Debug\libSensors.a(Sensors.o)
 .text          0x00000000        0x0 G:\Ingeniously\I_P-A-S-V-t-tenCI_\Atmel\Librari\MyLibs\Communication\Debug\libCommunication.a(Communication.o)
 .data          0x00000000        0x0 G:\Ingeniously\I_P-A-S-V-t-tenCI_\Atmel\Librari\MyLibs\Communication\Debug\libCommunication.a(Communication.o)
 .bss           0x00000000        0x0 G:\Ingeniously\I_P-A-S-V-t-tenCI_\Atmel\Librari\MyLibs\Communication\Debug\libCommunication.a(Communication.o)
 .text.sendByte
                0x00000000       0x46 G:\Ingeniously\I_P-A-S-V-t-tenCI_\Atmel\Librari\MyLibs\Communication\Debug\libCommunication.a(Communication.o)
 .text          0x00000000        0x0 G:\Ingeniously\I_P-A-S-V-t-tenCI_\Atmel\Librari\MyLibs\Time\Debug\libTime.a(Time.o)
 .data          0x00000000        0x0 G:\Ingeniously\I_P-A-S-V-t-tenCI_\Atmel\Librari\MyLibs\Time\Debug\libTime.a(Time.o)
 .bss           0x00000000        0x0 G:\Ingeniously\I_P-A-S-V-t-tenCI_\Atmel\Librari\MyLibs\Time\Debug\libTime.a(Time.o)
 .text.setTimeForCommandToBeExecuted
                0x00000000        0x2 G:\Ingeniously\I_P-A-S-V-t-tenCI_\Atmel\Librari\MyLibs\Time\Debug\libTime.a(Time.o)
 .text          0x00000000        0x0 G:\Ingeniously\I_P-A-S-V-t-tenCI_\Atmel\Librari\MyLibs\Algoritm\Debug\libAlgoritm.a(Algoritm.o)
 .data          0x00000000        0x0 G:\Ingeniously\I_P-A-S-V-t-tenCI_\Atmel\Librari\MyLibs\Algoritm\Debug\libAlgoritm.a(Algoritm.o)
 .bss           0x00000000        0x0 G:\Ingeniously\I_P-A-S-V-t-tenCI_\Atmel\Librari\MyLibs\Algoritm\Debug\libAlgoritm.a(Algoritm.o)
 .text          0x00000000        0x0 c:/program files (x86)/atmel/atmel toolchain/avr8 gcc/native/3.4.1061/avr8-gnu-toolchain/bin/../lib/gcc/avr/4.8.1/../../../../avr/lib/avr5\libm.a(addsf3.o)
 .data          0x00000000        0x0 c:/program files (x86)/atmel/atmel toolchain/avr8 gcc/native/3.4.1061/avr8-gnu-toolchain/bin/../lib/gcc/avr/4.8.1/../../../../avr/lib/avr5\libm.a(addsf3.o)
 .bss           0x00000000        0x0 c:/program files (x86)/atmel/atmel toolchain/avr8 gcc/native/3.4.1061/avr8-gnu-toolchain/bin/../lib/gcc/avr/4.8.1/../../../../avr/lib/avr5\libm.a(addsf3.o)
 .text          0x00000000        0x0 c:/program files (x86)/atmel/atmel toolchain/avr8 gcc/native/3.4.1061/avr8-gnu-toolchain/bin/../lib/gcc/avr/4.8.1/../../../../avr/lib/avr5\libm.a(addsf3x.o)
 .data          0x00000000        0x0 c:/program files (x86)/atmel/atmel toolchain/avr8 gcc/native/3.4.1061/avr8-gnu-toolchain/bin/../lib/gcc/avr/4.8.1/../../../../avr/lib/avr5\libm.a(addsf3x.o)
 .bss           0x00000000        0x0 c:/program files (x86)/atmel/atmel toolchain/avr8 gcc/native/3.4.1061/avr8-gnu-toolchain/bin/../lib/gcc/avr/4.8.1/../../../../avr/lib/avr5\libm.a(addsf3x.o)
 .text          0x00000000        0x0 c:/program files (x86)/atmel/atmel toolchain/avr8 gcc/native/3.4.1061/avr8-gnu-toolchain/bin/../lib/gcc/avr/4.8.1/../../../../avr/lib/avr5\libm.a(divsf3.o)
 .data          0x00000000        0x0 c:/program files (x86)/atmel/atmel toolchain/avr8 gcc/native/3.4.1061/avr8-gnu-toolchain/bin/../lib/gcc/avr/4.8.1/../../../../avr/lib/avr5\libm.a(divsf3.o)
 .bss           0x00000000        0x0 c:/program files (x86)/atmel/atmel toolchain/avr8 gcc/native/3.4.1061/avr8-gnu-toolchain/bin/../lib/gcc/avr/4.8.1/../../../../avr/lib/avr5\libm.a(divsf3.o)
 .text          0x00000000        0x0 c:/program files (x86)/atmel/atmel toolchain/avr8 gcc/native/3.4.1061/avr8-gnu-toolchain/bin/../lib/gcc/avr/4.8.1/../../../../avr/lib/avr5\libm.a(divsf3x.o)
 .data          0x00000000        0x0 c:/program files (x86)/atmel/atmel toolchain/avr8 gcc/native/3.4.1061/avr8-gnu-toolchain/bin/../lib/gcc/avr/4.8.1/../../../../avr/lib/avr5\libm.a(divsf3x.o)
 .bss           0x00000000        0x0 c:/program files (x86)/atmel/atmel toolchain/avr8 gcc/native/3.4.1061/avr8-gnu-toolchain/bin/../lib/gcc/avr/4.8.1/../../../../avr/lib/avr5\libm.a(divsf3x.o)
 .text          0x00000000        0x0 c:/program files (x86)/atmel/atmel toolchain/avr8 gcc/native/3.4.1061/avr8-gnu-toolchain/bin/../lib/gcc/avr/4.8.1/../../../../avr/lib/avr5\libm.a(fixunssfsi.o)
 .data          0x00000000        0x0 c:/program files (x86)/atmel/atmel toolchain/avr8 gcc/native/3.4.1061/avr8-gnu-toolchain/bin/../lib/gcc/avr/4.8.1/../../../../avr/lib/avr5\libm.a(fixunssfsi.o)
 .bss           0x00000000        0x0 c:/program files (x86)/atmel/atmel toolchain/avr8 gcc/native/3.4.1061/avr8-gnu-toolchain/bin/../lib/gcc/avr/4.8.1/../../../../avr/lib/avr5\libm.a(fixunssfsi.o)
 .text          0x00000000        0x0 c:/program files (x86)/atmel/atmel toolchain/avr8 gcc/native/3.4.1061/avr8-gnu-toolchain/bin/../lib/gcc/avr/4.8.1/../../../../avr/lib/avr5\libm.a(floatsisf.o)
 .data          0x00000000        0x0 c:/program files (x86)/atmel/atmel toolchain/avr8 gcc/native/3.4.1061/avr8-gnu-toolchain/bin/../lib/gcc/avr/4.8.1/../../../../avr/lib/avr5\libm.a(floatsisf.o)
 .bss           0x00000000        0x0 c:/program files (x86)/atmel/atmel toolchain/avr8 gcc/native/3.4.1061/avr8-gnu-toolchain/bin/../lib/gcc/avr/4.8.1/../../../../avr/lib/avr5\libm.a(floatsisf.o)
 .text          0x00000000        0x0 c:/program files (x86)/atmel/atmel toolchain/avr8 gcc/native/3.4.1061/avr8-gnu-toolchain/bin/../lib/gcc/avr/4.8.1/../../../../avr/lib/avr5\libm.a(floor.o)
 .data          0x00000000        0x0 c:/program files (x86)/atmel/atmel toolchain/avr8 gcc/native/3.4.1061/avr8-gnu-toolchain/bin/../lib/gcc/avr/4.8.1/../../../../avr/lib/avr5\libm.a(floor.o)
 .bss           0x00000000        0x0 c:/program files (x86)/atmel/atmel toolchain/avr8 gcc/native/3.4.1061/avr8-gnu-toolchain/bin/../lib/gcc/avr/4.8.1/../../../../avr/lib/avr5\libm.a(floor.o)
 .text          0x00000000        0x0 c:/program files (x86)/atmel/atmel toolchain/avr8 gcc/native/3.4.1061/avr8-gnu-toolchain/bin/../lib/gcc/avr/4.8.1/../../../../avr/lib/avr5\libm.a(fp_inf.o)
 .data          0x00000000        0x0 c:/program files (x86)/atmel/atmel toolchain/avr8 gcc/native/3.4.1061/avr8-gnu-toolchain/bin/../lib/gcc/avr/4.8.1/../../../../avr/lib/avr5\libm.a(fp_inf.o)
 .bss           0x00000000        0x0 c:/program files (x86)/atmel/atmel toolchain/avr8 gcc/native/3.4.1061/avr8-gnu-toolchain/bin/../lib/gcc/avr/4.8.1/../../../../avr/lib/avr5\libm.a(fp_inf.o)
 .text          0x00000000        0x0 c:/program files (x86)/atmel/atmel toolchain/avr8 gcc/native/3.4.1061/avr8-gnu-toolchain/bin/../lib/gcc/avr/4.8.1/../../../../avr/lib/avr5\libm.a(fp_mintl.o)
 .data          0x00000000        0x0 c:/program files (x86)/atmel/atmel toolchain/avr8 gcc/native/3.4.1061/avr8-gnu-toolchain/bin/../lib/gcc/avr/4.8.1/../../../../avr/lib/avr5\libm.a(fp_mintl.o)
 .bss           0x00000000        0x0 c:/program files (x86)/atmel/atmel toolchain/avr8 gcc/native/3.4.1061/avr8-gnu-toolchain/bin/../lib/gcc/avr/4.8.1/../../../../avr/lib/avr5\libm.a(fp_mintl.o)
 .text          0x00000000        0x0 c:/program files (x86)/atmel/atmel toolchain/avr8 gcc/native/3.4.1061/avr8-gnu-toolchain/bin/../lib/gcc/avr/4.8.1/../../../../avr/lib/avr5\libm.a(fp_mpack.o)
 .data          0x00000000        0x0 c:/program files (x86)/atmel/atmel toolchain/avr8 gcc/native/3.4.1061/avr8-gnu-toolchain/bin/../lib/gcc/avr/4.8.1/../../../../avr/lib/avr5\libm.a(fp_mpack.o)
 .bss           0x00000000        0x0 c:/program files (x86)/atmel/atmel toolchain/avr8 gcc/native/3.4.1061/avr8-gnu-toolchain/bin/../lib/gcc/avr/4.8.1/../../../../avr/lib/avr5\libm.a(fp_mpack.o)
 .text          0x00000000        0x0 c:/program files (x86)/atmel/atmel toolchain/avr8 gcc/native/3.4.1061/avr8-gnu-toolchain/bin/../lib/gcc/avr/4.8.1/../../../../avr/lib/avr5\libm.a(fp_nan.o)
 .data          0x00000000        0x0 c:/program files (x86)/atmel/atmel toolchain/avr8 gcc/native/3.4.1061/avr8-gnu-toolchain/bin/../lib/gcc/avr/4.8.1/../../../../avr/lib/avr5\libm.a(fp_nan.o)
 .bss           0x00000000        0x0 c:/program files (x86)/atmel/atmel toolchain/avr8 gcc/native/3.4.1061/avr8-gnu-toolchain/bin/../lib/gcc/avr/4.8.1/../../../../avr/lib/avr5\libm.a(fp_nan.o)
 .text          0x00000000        0x0 c:/program files (x86)/atmel/atmel toolchain/avr8 gcc/native/3.4.1061/avr8-gnu-toolchain/bin/../lib/gcc/avr/4.8.1/../../../../avr/lib/avr5\libm.a(fp_pscA.o)
 .data          0x00000000        0x0 c:/program files (x86)/atmel/atmel toolchain/avr8 gcc/native/3.4.1061/avr8-gnu-toolchain/bin/../lib/gcc/avr/4.8.1/../../../../avr/lib/avr5\libm.a(fp_pscA.o)
 .bss           0x00000000        0x0 c:/program files (x86)/atmel/atmel toolchain/avr8 gcc/native/3.4.1061/avr8-gnu-toolchain/bin/../lib/gcc/avr/4.8.1/../../../../avr/lib/avr5\libm.a(fp_pscA.o)
 .text          0x00000000        0x0 c:/program files (x86)/atmel/atmel toolchain/avr8 gcc/native/3.4.1061/avr8-gnu-toolchain/bin/../lib/gcc/avr/4.8.1/../../../../avr/lib/avr5\libm.a(fp_pscB.o)
 .data          0x00000000        0x0 c:/program files (x86)/atmel/atmel toolchain/avr8 gcc/native/3.4.1061/avr8-gnu-toolchain/bin/../lib/gcc/avr/4.8.1/../../../../avr/lib/avr5\libm.a(fp_pscB.o)
 .bss           0x00000000        0x0 c:/program files (x86)/atmel/atmel toolchain/avr8 gcc/native/3.4.1061/avr8-gnu-toolchain/bin/../lib/gcc/avr/4.8.1/../../../../avr/lib/avr5\libm.a(fp_pscB.o)
 .text          0x00000000        0x0 c:/program files (x86)/atmel/atmel toolchain/avr8 gcc/native/3.4.1061/avr8-gnu-toolchain/bin/../lib/gcc/avr/4.8.1/../../../../avr/lib/avr5\libm.a(fp_round.o)
 .data          0x00000000        0x0 c:/program files (x86)/atmel/atmel toolchain/avr8 gcc/native/3.4.1061/avr8-gnu-toolchain/bin/../lib/gcc/avr/4.8.1/../../../../avr/lib/avr5\libm.a(fp_round.o)
 .bss           0x00000000        0x0 c:/program files (x86)/atmel/atmel toolchain/avr8 gcc/native/3.4.1061/avr8-gnu-toolchain/bin/../lib/gcc/avr/4.8.1/../../../../avr/lib/avr5\libm.a(fp_round.o)
 .text          0x00000000        0x0 c:/program files (x86)/atmel/atmel toolchain/avr8 gcc/native/3.4.1061/avr8-gnu-toolchain/bin/../lib/gcc/avr/4.8.1/../../../../avr/lib/avr5\libm.a(fp_split3.o)
 .data          0x00000000        0x0 c:/program files (x86)/atmel/atmel toolchain/avr8 gcc/native/3.4.1061/avr8-gnu-toolchain/bin/../lib/gcc/avr/4.8.1/../../../../avr/lib/avr5\libm.a(fp_split3.o)
 .bss           0x00000000        0x0 c:/program files (x86)/atmel/atmel toolchain/avr8 gcc/native/3.4.1061/avr8-gnu-toolchain/bin/../lib/gcc/avr/4.8.1/../../../../avr/lib/avr5\libm.a(fp_split3.o)
 .text          0x00000000        0x0 c:/program files (x86)/atmel/atmel toolchain/avr8 gcc/native/3.4.1061/avr8-gnu-toolchain/bin/../lib/gcc/avr/4.8.1/../../../../avr/lib/avr5\libm.a(fp_trunc.o)
 .data          0x00000000        0x0 c:/program files (x86)/atmel/atmel toolchain/avr8 gcc/native/3.4.1061/avr8-gnu-toolchain/bin/../lib/gcc/avr/4.8.1/../../../../avr/lib/avr5\libm.a(fp_trunc.o)
 .bss           0x00000000        0x0 c:/program files (x86)/atmel/atmel toolchain/avr8 gcc/native/3.4.1061/avr8-gnu-toolchain/bin/../lib/gcc/avr/4.8.1/../../../../avr/lib/avr5\libm.a(fp_trunc.o)
 .text          0x00000000        0x0 c:/program files (x86)/atmel/atmel toolchain/avr8 gcc/native/3.4.1061/avr8-gnu-toolchain/bin/../lib/gcc/avr/4.8.1/../../../../avr/lib/avr5\libm.a(fp_zero.o)
 .data          0x00000000        0x0 c:/program files (x86)/atmel/atmel toolchain/avr8 gcc/native/3.4.1061/avr8-gnu-toolchain/bin/../lib/gcc/avr/4.8.1/../../../../avr/lib/avr5\libm.a(fp_zero.o)
 .bss           0x00000000        0x0 c:/program files (x86)/atmel/atmel toolchain/avr8 gcc/native/3.4.1061/avr8-gnu-toolchain/bin/../lib/gcc/avr/4.8.1/../../../../avr/lib/avr5\libm.a(fp_zero.o)
 .text          0x00000000        0x0 c:/program files (x86)/atmel/atmel toolchain/avr8 gcc/native/3.4.1061/avr8-gnu-toolchain/bin/../lib/gcc/avr/4.8.1/../../../../avr/lib/avr5\libm.a(lrint.o)
 .data          0x00000000        0x0 c:/program files (x86)/atmel/atmel toolchain/avr8 gcc/native/3.4.1061/avr8-gnu-toolchain/bin/../lib/gcc/avr/4.8.1/../../../../avr/lib/avr5\libm.a(lrint.o)
 .bss           0x00000000        0x0 c:/program files (x86)/atmel/atmel toolchain/avr8 gcc/native/3.4.1061/avr8-gnu-toolchain/bin/../lib/gcc/avr/4.8.1/../../../../avr/lib/avr5\libm.a(lrint.o)
 .text          0x00000000        0x0 c:/program files (x86)/atmel/atmel toolchain/avr8 gcc/native/3.4.1061/avr8-gnu-toolchain/bin/../lib/gcc/avr/4.8.1/../../../../avr/lib/avr5\libm.a(mulsf3.o)
 .data          0x00000000        0x0 c:/program files (x86)/atmel/atmel toolchain/avr8 gcc/native/3.4.1061/avr8-gnu-toolchain/bin/../lib/gcc/avr/4.8.1/../../../../avr/lib/avr5\libm.a(mulsf3.o)
 .bss           0x00000000        0x0 c:/program files (x86)/atmel/atmel toolchain/avr8 gcc/native/3.4.1061/avr8-gnu-toolchain/bin/../lib/gcc/avr/4.8.1/../../../../avr/lib/avr5\libm.a(mulsf3.o)
 .text          0x00000000        0x0 c:/program files (x86)/atmel/atmel toolchain/avr8 gcc/native/3.4.1061/avr8-gnu-toolchain/bin/../lib/gcc/avr/4.8.1/../../../../avr/lib/avr5\libm.a(mulsf3x.o)
 .data          0x00000000        0x0 c:/program files (x86)/atmel/atmel toolchain/avr8 gcc/native/3.4.1061/avr8-gnu-toolchain/bin/../lib/gcc/avr/4.8.1/../../../../avr/lib/avr5\libm.a(mulsf3x.o)
 .bss           0x00000000        0x0 c:/program files (x86)/atmel/atmel toolchain/avr8 gcc/native/3.4.1061/avr8-gnu-toolchain/bin/../lib/gcc/avr/4.8.1/../../../../avr/lib/avr5\libm.a(mulsf3x.o)
 .text          0x00000000        0x0 c:/program files (x86)/atmel/atmel toolchain/avr8 gcc/native/3.4.1061/avr8-gnu-toolchain/bin/../lib/gcc/avr/4.8.1/avr5\libgcc.a(_divmodhi4.o)
 .data          0x00000000        0x0 c:/program files (x86)/atmel/atmel toolchain/avr8 gcc/native/3.4.1061/avr8-gnu-toolchain/bin/../lib/gcc/avr/4.8.1/avr5\libgcc.a(_divmodhi4.o)
 .bss           0x00000000        0x0 c:/program files (x86)/atmel/atmel toolchain/avr8 gcc/native/3.4.1061/avr8-gnu-toolchain/bin/../lib/gcc/avr/4.8.1/avr5\libgcc.a(_divmodhi4.o)
 .text.libgcc.mul
                0x00000000        0x0 c:/program files (x86)/atmel/atmel toolchain/avr8 gcc/native/3.4.1061/avr8-gnu-toolchain/bin/../lib/gcc/avr/4.8.1/avr5\libgcc.a(_divmodhi4.o)
 .text.libgcc   0x00000000        0x0 c:/program files (x86)/atmel/atmel toolchain/avr8 gcc/native/3.4.1061/avr8-gnu-toolchain/bin/../lib/gcc/avr/4.8.1/avr5\libgcc.a(_divmodhi4.o)
 .text.libgcc.prologue
                0x00000000        0x0 c:/program files (x86)/atmel/atmel toolchain/avr8 gcc/native/3.4.1061/avr8-gnu-toolchain/bin/../lib/gcc/avr/4.8.1/avr5\libgcc.a(_divmodhi4.o)
 .text.libgcc.builtins
                0x00000000        0x0 c:/program files (x86)/atmel/atmel toolchain/avr8 gcc/native/3.4.1061/avr8-gnu-toolchain/bin/../lib/gcc/avr/4.8.1/avr5\libgcc.a(_divmodhi4.o)
 .text.libgcc.fmul
                0x00000000        0x0 c:/program files (x86)/atmel/atmel toolchain/avr8 gcc/native/3.4.1061/avr8-gnu-toolchain/bin/../lib/gcc/avr/4.8.1/avr5\libgcc.a(_divmodhi4.o)
 .text.libgcc.fixed
                0x00000000        0x0 c:/program files (x86)/atmel/atmel toolchain/avr8 gcc/native/3.4.1061/avr8-gnu-toolchain/bin/../lib/gcc/avr/4.8.1/avr5\libgcc.a(_divmodhi4.o)
 .text          0x00000000        0x0 c:/program files (x86)/atmel/atmel toolchain/avr8 gcc/native/3.4.1061/avr8-gnu-toolchain/bin/../lib/gcc/avr/4.8.1/avr5\libgcc.a(_udivmodsi4.o)
 .data          0x00000000        0x0 c:/program files (x86)/atmel/atmel toolchain/avr8 gcc/native/3.4.1061/avr8-gnu-toolchain/bin/../lib/gcc/avr/4.8.1/avr5\libgcc.a(_udivmodsi4.o)
 .bss           0x00000000        0x0 c:/program files (x86)/atmel/atmel toolchain/avr8 gcc/native/3.4.1061/avr8-gnu-toolchain/bin/../lib/gcc/avr/4.8.1/avr5\libgcc.a(_udivmodsi4.o)
 .text.libgcc.mul
                0x00000000        0x0 c:/program files (x86)/atmel/atmel toolchain/avr8 gcc/native/3.4.1061/avr8-gnu-toolchain/bin/../lib/gcc/avr/4.8.1/avr5\libgcc.a(_udivmodsi4.o)
 .text.libgcc   0x00000000        0x0 c:/program files (x86)/atmel/atmel toolchain/avr8 gcc/native/3.4.1061/avr8-gnu-toolchain/bin/../lib/gcc/avr/4.8.1/avr5\libgcc.a(_udivmodsi4.o)
 .text.libgcc.prologue
                0x00000000        0x0 c:/program files (x86)/atmel/atmel toolchain/avr8 gcc/native/3.4.1061/avr8-gnu-toolchain/bin/../lib/gcc/avr/4.8.1/avr5\libgcc.a(_udivmodsi4.o)
 .text.libgcc.builtins
                0x00000000        0x0 c:/program files (x86)/atmel/atmel toolchain/avr8 gcc/native/3.4.1061/avr8-gnu-toolchain/bin/../lib/gcc/avr/4.8.1/avr5\libgcc.a(_udivmodsi4.o)
 .text.libgcc.fmul
                0x00000000        0x0 c:/program files (x86)/atmel/atmel toolchain/avr8 gcc/native/3.4.1061/avr8-gnu-toolchain/bin/../lib/gcc/avr/4.8.1/avr5\libgcc.a(_udivmodsi4.o)
 .text.libgcc.fixed
                0x00000000        0x0 c:/program files (x86)/atmel/atmel toolchain/avr8 gcc/native/3.4.1061/avr8-gnu-toolchain/bin/../lib/gcc/avr/4.8.1/avr5\libgcc.a(_udivmodsi4.o)
 .text          0x00000000        0x0 c:/program files (x86)/atmel/atmel toolchain/avr8 gcc/native/3.4.1061/avr8-gnu-toolchain/bin/../lib/gcc/avr/4.8.1/avr5\libgcc.a(_divmodsi4.o)
 .data          0x00000000        0x0 c:/program files (x86)/atmel/atmel toolchain/avr8 gcc/native/3.4.1061/avr8-gnu-toolchain/bin/../lib/gcc/avr/4.8.1/avr5\libgcc.a(_divmodsi4.o)
 .bss           0x00000000        0x0 c:/program files (x86)/atmel/atmel toolchain/avr8 gcc/native/3.4.1061/avr8-gnu-toolchain/bin/../lib/gcc/avr/4.8.1/avr5\libgcc.a(_divmodsi4.o)
 .text.libgcc.mul
                0x00000000        0x0 c:/program files (x86)/atmel/atmel toolchain/avr8 gcc/native/3.4.1061/avr8-gnu-toolchain/bin/../lib/gcc/avr/4.8.1/avr5\libgcc.a(_divmodsi4.o)
 .text.libgcc   0x00000000        0x0 c:/program files (x86)/atmel/atmel toolchain/avr8 gcc/native/3.4.1061/avr8-gnu-toolchain/bin/../lib/gcc/avr/4.8.1/avr5\libgcc.a(_divmodsi4.o)
 .text.libgcc.prologue
                0x00000000        0x0 c:/program files (x86)/atmel/atmel toolchain/avr8 gcc/native/3.4.1061/avr8-gnu-toolchain/bin/../lib/gcc/avr/4.8.1/avr5\libgcc.a(_divmodsi4.o)
 .text.libgcc.builtins
                0x00000000        0x0 c:/program files (x86)/atmel/atmel toolchain/avr8 gcc/native/3.4.1061/avr8-gnu-toolchain/bin/../lib/gcc/avr/4.8.1/avr5\libgcc.a(_divmodsi4.o)
 .text.libgcc.fmul
                0x00000000        0x0 c:/program files (x86)/atmel/atmel toolchain/avr8 gcc/native/3.4.1061/avr8-gnu-toolchain/bin/../lib/gcc/avr/4.8.1/avr5\libgcc.a(_divmodsi4.o)
 .text.libgcc.fixed
                0x00000000        0x0 c:/program files (x86)/atmel/atmel toolchain/avr8 gcc/native/3.4.1061/avr8-gnu-toolchain/bin/../lib/gcc/avr/4.8.1/avr5\libgcc.a(_divmodsi4.o)
 .text          0x00000000        0x0 c:/program files (x86)/atmel/atmel toolchain/avr8 gcc/native/3.4.1061/avr8-gnu-toolchain/bin/../lib/gcc/avr/4.8.1/avr5\libgcc.a(_negsi2.o)
 .data          0x00000000        0x0 c:/program files (x86)/atmel/atmel toolchain/avr8 gcc/native/3.4.1061/avr8-gnu-toolchain/bin/../lib/gcc/avr/4.8.1/avr5\libgcc.a(_negsi2.o)
 .bss           0x00000000        0x0 c:/program files (x86)/atmel/atmel toolchain/avr8 gcc/native/3.4.1061/avr8-gnu-toolchain/bin/../lib/gcc/avr/4.8.1/avr5\libgcc.a(_negsi2.o)
 .text.libgcc.mul
                0x00000000        0x0 c:/program files (x86)/atmel/atmel toolchain/avr8 gcc/native/3.4.1061/avr8-gnu-toolchain/bin/../lib/gcc/avr/4.8.1/avr5\libgcc.a(_negsi2.o)
 .text.libgcc   0x00000000        0x0 c:/program files (x86)/atmel/atmel toolchain/avr8 gcc/native/3.4.1061/avr8-gnu-toolchain/bin/../lib/gcc/avr/4.8.1/avr5\libgcc.a(_negsi2.o)
 .text.libgcc.prologue
                0x00000000        0x0 c:/program files (x86)/atmel/atmel toolchain/avr8 gcc/native/3.4.1061/avr8-gnu-toolchain/bin/../lib/gcc/avr/4.8.1/avr5\libgcc.a(_negsi2.o)
 .text.libgcc.builtins
                0x00000000        0x0 c:/program files (x86)/atmel/atmel toolchain/avr8 gcc/native/3.4.1061/avr8-gnu-toolchain/bin/../lib/gcc/avr/4.8.1/avr5\libgcc.a(_negsi2.o)
 .text.libgcc.fmul
                0x00000000        0x0 c:/program files (x86)/atmel/atmel toolchain/avr8 gcc/native/3.4.1061/avr8-gnu-toolchain/bin/../lib/gcc/avr/4.8.1/avr5\libgcc.a(_negsi2.o)
 .text.libgcc.fixed
                0x00000000        0x0 c:/program files (x86)/atmel/atmel toolchain/avr8 gcc/native/3.4.1061/avr8-gnu-toolchain/bin/../lib/gcc/avr/4.8.1/avr5\libgcc.a(_negsi2.o)
 .text          0x00000000        0x0 c:/program files (x86)/atmel/atmel toolchain/avr8 gcc/native/3.4.1061/avr8-gnu-toolchain/bin/../lib/gcc/avr/4.8.1/avr5\libgcc.a(_exit.o)
 .data          0x00000000        0x0 c:/program files (x86)/atmel/atmel toolchain/avr8 gcc/native/3.4.1061/avr8-gnu-toolchain/bin/../lib/gcc/avr/4.8.1/avr5\libgcc.a(_exit.o)
 .bss           0x00000000        0x0 c:/program files (x86)/atmel/atmel toolchain/avr8 gcc/native/3.4.1061/avr8-gnu-toolchain/bin/../lib/gcc/avr/4.8.1/avr5\libgcc.a(_exit.o)
 .text.libgcc.mul
                0x00000000        0x0 c:/program files (x86)/atmel/atmel toolchain/avr8 gcc/native/3.4.1061/avr8-gnu-toolchain/bin/../lib/gcc/avr/4.8.1/avr5\libgcc.a(_exit.o)
 .text.libgcc.div
                0x00000000        0x0 c:/program files (x86)/atmel/atmel toolchain/avr8 gcc/native/3.4.1061/avr8-gnu-toolchain/bin/../lib/gcc/avr/4.8.1/avr5\libgcc.a(_exit.o)
 .text.libgcc   0x00000000        0x0 c:/program files (x86)/atmel/atmel toolchain/avr8 gcc/native/3.4.1061/avr8-gnu-toolchain/bin/../lib/gcc/avr/4.8.1/avr5\libgcc.a(_exit.o)
 .text.libgcc.prologue
                0x00000000        0x0 c:/program files (x86)/atmel/atmel toolchain/avr8 gcc/native/3.4.1061/avr8-gnu-toolchain/bin/../lib/gcc/avr/4.8.1/avr5\libgcc.a(_exit.o)
 .text.libgcc.builtins
                0x00000000        0x0 c:/program files (x86)/atmel/atmel toolchain/avr8 gcc/native/3.4.1061/avr8-gnu-toolchain/bin/../lib/gcc/avr/4.8.1/avr5\libgcc.a(_exit.o)
 .text.libgcc.fmul
                0x00000000        0x0 c:/program files (x86)/atmel/atmel toolchain/avr8 gcc/native/3.4.1061/avr8-gnu-toolchain/bin/../lib/gcc/avr/4.8.1/avr5\libgcc.a(_exit.o)
 .text.libgcc.fixed
                0x00000000        0x0 c:/program files (x86)/atmel/atmel toolchain/avr8 gcc/native/3.4.1061/avr8-gnu-toolchain/bin/../lib/gcc/avr/4.8.1/avr5\libgcc.a(_exit.o)
 .text          0x00000000        0x0 c:/program files (x86)/atmel/atmel toolchain/avr8 gcc/native/3.4.1061/avr8-gnu-toolchain/bin/../lib/gcc/avr/4.8.1/avr5\libgcc.a(_copy_data.o)
 .data          0x00000000        0x0 c:/program files (x86)/atmel/atmel toolchain/avr8 gcc/native/3.4.1061/avr8-gnu-toolchain/bin/../lib/gcc/avr/4.8.1/avr5\libgcc.a(_copy_data.o)
 .bss           0x00000000        0x0 c:/program files (x86)/atmel/atmel toolchain/avr8 gcc/native/3.4.1061/avr8-gnu-toolchain/bin/../lib/gcc/avr/4.8.1/avr5\libgcc.a(_copy_data.o)
 .text.libgcc.mul
                0x00000000        0x0 c:/program files (x86)/atmel/atmel toolchain/avr8 gcc/native/3.4.1061/avr8-gnu-toolchain/bin/../lib/gcc/avr/4.8.1/avr5\libgcc.a(_copy_data.o)
 .text.libgcc.div
                0x00000000        0x0 c:/program files (x86)/atmel/atmel toolchain/avr8 gcc/native/3.4.1061/avr8-gnu-toolchain/bin/../lib/gcc/avr/4.8.1/avr5\libgcc.a(_copy_data.o)
 .text.libgcc   0x00000000        0x0 c:/program files (x86)/atmel/atmel toolchain/avr8 gcc/native/3.4.1061/avr8-gnu-toolchain/bin/../lib/gcc/avr/4.8.1/avr5\libgcc.a(_copy_data.o)
 .text.libgcc.prologue
                0x00000000        0x0 c:/program files (x86)/atmel/atmel toolchain/avr8 gcc/native/3.4.1061/avr8-gnu-toolchain/bin/../lib/gcc/avr/4.8.1/avr5\libgcc.a(_copy_data.o)
 .text.libgcc.builtins
                0x00000000        0x0 c:/program files (x86)/atmel/atmel toolchain/avr8 gcc/native/3.4.1061/avr8-gnu-toolchain/bin/../lib/gcc/avr/4.8.1/avr5\libgcc.a(_copy_data.o)
 .text.libgcc.fmul
                0x00000000        0x0 c:/program files (x86)/atmel/atmel toolchain/avr8 gcc/native/3.4.1061/avr8-gnu-toolchain/bin/../lib/gcc/avr/4.8.1/avr5\libgcc.a(_copy_data.o)
 .text.libgcc.fixed
                0x00000000        0x0 c:/program files (x86)/atmel/atmel toolchain/avr8 gcc/native/3.4.1061/avr8-gnu-toolchain/bin/../lib/gcc/avr/4.8.1/avr5\libgcc.a(_copy_data.o)
 .text          0x00000000        0x0 c:/program files (x86)/atmel/atmel toolchain/avr8 gcc/native/3.4.1061/avr8-gnu-toolchain/bin/../lib/gcc/avr/4.8.1/avr5\libgcc.a(_clear_bss.o)
 .data          0x00000000        0x0 c:/program files (x86)/atmel/atmel toolchain/avr8 gcc/native/3.4.1061/avr8-gnu-toolchain/bin/../lib/gcc/avr/4.8.1/avr5\libgcc.a(_clear_bss.o)
 .bss           0x00000000        0x0 c:/program files (x86)/atmel/atmel toolchain/avr8 gcc/native/3.4.1061/avr8-gnu-toolchain/bin/../lib/gcc/avr/4.8.1/avr5\libgcc.a(_clear_bss.o)
 .text.libgcc.mul
                0x00000000        0x0 c:/program files (x86)/atmel/atmel toolchain/avr8 gcc/native/3.4.1061/avr8-gnu-toolchain/bin/../lib/gcc/avr/4.8.1/avr5\libgcc.a(_clear_bss.o)
 .text.libgcc.div
                0x00000000        0x0 c:/program files (x86)/atmel/atmel toolchain/avr8 gcc/native/3.4.1061/avr8-gnu-toolchain/bin/../lib/gcc/avr/4.8.1/avr5\libgcc.a(_clear_bss.o)
 .text.libgcc   0x00000000        0x0 c:/program files (x86)/atmel/atmel toolchain/avr8 gcc/native/3.4.1061/avr8-gnu-toolchain/bin/../lib/gcc/avr/4.8.1/avr5\libgcc.a(_clear_bss.o)
 .text.libgcc.prologue
                0x00000000        0x0 c:/program files (x86)/atmel/atmel toolchain/avr8 gcc/native/3.4.1061/avr8-gnu-toolchain/bin/../lib/gcc/avr/4.8.1/avr5\libgcc.a(_clear_bss.o)
 .text.libgcc.builtins
                0x00000000        0x0 c:/program files (x86)/atmel/atmel toolchain/avr8 gcc/native/3.4.1061/avr8-gnu-toolchain/bin/../lib/gcc/avr/4.8.1/avr5\libgcc.a(_clear_bss.o)
 .text.libgcc.fmul
                0x00000000        0x0 c:/program files (x86)/atmel/atmel toolchain/avr8 gcc/native/3.4.1061/avr8-gnu-toolchain/bin/../lib/gcc/avr/4.8.1/avr5\libgcc.a(_clear_bss.o)
 .text.libgcc.fixed
                0x00000000        0x0 c:/program files (x86)/atmel/atmel toolchain/avr8 gcc/native/3.4.1061/avr8-gnu-toolchain/bin/../lib/gcc/avr/4.8.1/avr5\libgcc.a(_clear_bss.o)
 .text          0x00000000        0x0 c:/program files (x86)/atmel/atmel toolchain/avr8 gcc/native/3.4.1061/avr8-gnu-toolchain/bin/../lib/gcc/avr/4.8.1/avr5\libgcc.a(_umulhisi3.o)
 .data          0x00000000        0x0 c:/program files (x86)/atmel/atmel toolchain/avr8 gcc/native/3.4.1061/avr8-gnu-toolchain/bin/../lib/gcc/avr/4.8.1/avr5\libgcc.a(_umulhisi3.o)
 .bss           0x00000000        0x0 c:/program files (x86)/atmel/atmel toolchain/avr8 gcc/native/3.4.1061/avr8-gnu-toolchain/bin/../lib/gcc/avr/4.8.1/avr5\libgcc.a(_umulhisi3.o)
 .text.libgcc.div
                0x00000000        0x0 c:/program files (x86)/atmel/atmel toolchain/avr8 gcc/native/3.4.1061/avr8-gnu-toolchain/bin/../lib/gcc/avr/4.8.1/avr5\libgcc.a(_umulhisi3.o)
 .text.libgcc   0x00000000        0x0 c:/program files (x86)/atmel/atmel toolchain/avr8 gcc/native/3.4.1061/avr8-gnu-toolchain/bin/../lib/gcc/avr/4.8.1/avr5\libgcc.a(_umulhisi3.o)
 .text.libgcc.prologue
                0x00000000        0x0 c:/program files (x86)/atmel/atmel toolchain/avr8 gcc/native/3.4.1061/avr8-gnu-toolchain/bin/../lib/gcc/avr/4.8.1/avr5\libgcc.a(_umulhisi3.o)
 .text.libgcc.builtins
                0x00000000        0x0 c:/program files (x86)/atmel/atmel toolchain/avr8 gcc/native/3.4.1061/avr8-gnu-toolchain/bin/../lib/gcc/avr/4.8.1/avr5\libgcc.a(_umulhisi3.o)
 .text.libgcc.fmul
                0x00000000        0x0 c:/program files (x86)/atmel/atmel toolchain/avr8 gcc/native/3.4.1061/avr8-gnu-toolchain/bin/../lib/gcc/avr/4.8.1/avr5\libgcc.a(_umulhisi3.o)
 .text.libgcc.fixed
                0x00000000        0x0 c:/program files (x86)/atmel/atmel toolchain/avr8 gcc/native/3.4.1061/avr8-gnu-toolchain/bin/../lib/gcc/avr/4.8.1/avr5\libgcc.a(_umulhisi3.o)
 .text          0x00000000        0x0 c:/program files (x86)/atmel/atmel toolchain/avr8 gcc/native/3.4.1061/avr8-gnu-toolchain/bin/../lib/gcc/avr/4.8.1/avr5\libgcc.a(_udivmodhi4.o)
 .data          0x00000000        0x0 c:/program files (x86)/atmel/atmel toolchain/avr8 gcc/native/3.4.1061/avr8-gnu-toolchain/bin/../lib/gcc/avr/4.8.1/avr5\libgcc.a(_udivmodhi4.o)
 .bss           0x00000000        0x0 c:/program files (x86)/atmel/atmel toolchain/avr8 gcc/native/3.4.1061/avr8-gnu-toolchain/bin/../lib/gcc/avr/4.8.1/avr5\libgcc.a(_udivmodhi4.o)
 .text.libgcc.mul
                0x00000000        0x0 c:/program files (x86)/atmel/atmel toolchain/avr8 gcc/native/3.4.1061/avr8-gnu-toolchain/bin/../lib/gcc/avr/4.8.1/avr5\libgcc.a(_udivmodhi4.o)
 .text.libgcc   0x00000000        0x0 c:/program files (x86)/atmel/atmel toolchain/avr8 gcc/native/3.4.1061/avr8-gnu-toolchain/bin/../lib/gcc/avr/4.8.1/avr5\libgcc.a(_udivmodhi4.o)
 .text.libgcc.prologue
                0x00000000        0x0 c:/program files (x86)/atmel/atmel toolchain/avr8 gcc/native/3.4.1061/avr8-gnu-toolchain/bin/../lib/gcc/avr/4.8.1/avr5\libgcc.a(_udivmodhi4.o)
 .text.libgcc.builtins
                0x00000000        0x0 c:/program files (x86)/atmel/atmel toolchain/avr8 gcc/native/3.4.1061/avr8-gnu-toolchain/bin/../lib/gcc/avr/4.8.1/avr5\libgcc.a(_udivmodhi4.o)
 .text.libgcc.fmul
                0x00000000        0x0 c:/program files (x86)/atmel/atmel toolchain/avr8 gcc/native/3.4.1061/avr8-gnu-toolchain/bin/../lib/gcc/avr/4.8.1/avr5\libgcc.a(_udivmodhi4.o)
 .text.libgcc.fixed
                0x00000000        0x0 c:/program files (x86)/atmel/atmel toolchain/avr8 gcc/native/3.4.1061/avr8-gnu-toolchain/bin/../lib/gcc/avr/4.8.1/avr5\libgcc.a(_udivmodhi4.o)

Memory Configuration

Name             Origin             Length             Attributes
text             0x00000000         0x00020000         xr
data             0x00800060         0x0000ffa0         rw !x
eeprom           0x00810000         0x00010000         rw !x
fuse             0x00820000         0x00000400         rw !x
lock             0x00830000         0x00000400         rw !x
signature        0x00840000         0x00000400         rw !x
user_signatures  0x00850000         0x00000400         rw !x
*default*        0x00000000         0xffffffff

Linker script and memory map

Address of section .data set to 0x800100
LOAD c:/program files (x86)/atmel/atmel toolchain/avr8 gcc/native/3.4.1061/avr8-gnu-toolchain/bin/../lib/gcc/avr/4.8.1/../../../../avr/lib/avr5/crtm324pa.o
LOAD Test2_atmega324PA.o
START GROUP
LOAD c:/program files (x86)/atmel/atmel toolchain/avr8 gcc/native/3.4.1061/avr8-gnu-toolchain/bin/../lib/gcc/avr/4.8.1/../../../../avr/lib/avr5\libm.a
LOAD G:\Ingeniously\I_P-A-S-V-t-tenCI_\Atmel\Librari\MyLibs\PWM_lib\Debug\libPWM_lib.a
LOAD G:\Ingeniously\I_P-A-S-V-t-tenCI_\Atmel\Librari\MyLibs\Sensors\Debug\libSensors.a
LOAD G:\Ingeniously\I_P-A-S-V-t-tenCI_\Atmel\Librari\MyLibs\Communication\Debug\libCommunication.a
LOAD G:\Ingeniously\I_P-A-S-V-t-tenCI_\Atmel\Librari\MyLibs\Time\Debug\libTime.a
LOAD G:\Ingeniously\I_P-A-S-V-t-tenCI_\Atmel\Librari\MyLibs\Algoritm\Debug\libAlgoritm.a
END GROUP
START GROUP
LOAD c:/program files (x86)/atmel/atmel toolchain/avr8 gcc/native/3.4.1061/avr8-gnu-toolchain/bin/../lib/gcc/avr/4.8.1/avr5\libgcc.a
LOAD c:/program files (x86)/atmel/atmel toolchain/avr8 gcc/native/3.4.1061/avr8-gnu-toolchain/bin/../lib/gcc/avr/4.8.1/../../../../avr/lib/avr5\libm.a
LOAD c:/program files (x86)/atmel/atmel toolchain/avr8 gcc/native/3.4.1061/avr8-gnu-toolchain/bin/../lib/gcc/avr/4.8.1/../../../../avr/lib/avr5\libc.a
END GROUP

.hash
 *(.hash)

.dynsym
 *(.dynsym)

.dynstr
 *(.dynstr)

.gnu.version
 *(.gnu.version)

.gnu.version_d
 *(.gnu.version_d)

.gnu.version_r
 *(.gnu.version_r)

.rel.init
 *(.rel.init)

.rela.init
 *(.rela.init)

.rel.text
 *(.rel.text)
 *(.rel.text.*)
 *(.rel.gnu.linkonce.t*)

.rela.text
 *(.rela.text)
 *(.rela.text.*)
 *(.rela.gnu.linkonce.t*)

.rel.fini
 *(.rel.fini)

.rela.fini
 *(.rela.fini)

.rel.rodata
 *(.rel.rodata)
 *(.rel.rodata.*)
 *(.rel.gnu.linkonce.r*)

.rela.rodata
 *(.rela.rodata)
 *(.rela.rodata.*)
 *(.rela.gnu.linkonce.r*)

.rel.data
 *(.rel.data)
 *(.rel.data.*)
 *(.rel.gnu.linkonce.d*)

.rela.data
 *(.rela.data)
 *(.rela.data.*)
 *(.rela.gnu.linkonce.d*)

.rel.ctors
 *(.rel.ctors)

.rela.ctors
 *(.rela.ctors)

.rel.dtors
 *(.rel.dtors)

.rela.dtors
 *(.rela.dtors)

.rel.got
 *(.rel.got)

.rela.got
 *(.rela.got)

.rel.bss
 *(.rel.bss)

.rela.bss
 *(.rela.bss)

.rel.plt
 *(.rel.plt)

.rela.plt
 *(.rela.plt)

.text           0x00000000     0x1aba
 *(.vectors)
 .vectors       0x00000000       0x7c c:/program files (x86)/atmel/atmel toolchain/avr8 gcc/native/3.4.1061/avr8-gnu-toolchain/bin/../lib/gcc/avr/4.8.1/../../../../avr/lib/avr5/crtm324pa.o
                0x00000000                __vector_default
                0x00000000                __vectors
 *(.vectors)
 *(.progmem.gcc*)
                0x0000007c                . = ALIGN (0x2)
                0x0000007c                __trampolines_start = .
 *(.trampolines)
 .trampolines   0x0000007c        0x0 linker stubs
 *(.trampolines*)
                0x0000007c                __trampolines_end = .
 *(.progmem*)
                0x0000007c                . = ALIGN (0x2)
 *(.jumptables)
 *(.jumptables*)
 *(.lowtext)
 *(.lowtext*)
                0x0000007c                __ctors_start = .
 *(.ctors)
                0x0000007c                __ctors_end = .
                0x0000007c                __dtors_start = .
 *(.dtors)
                0x0000007c                __dtors_end = .
 SORT(*)(.ctors)
 SORT(*)(.dtors)
 *(.init0)
 .init0         0x0000007c        0x0 c:/program files (x86)/atmel/atmel toolchain/avr8 gcc/native/3.4.1061/avr8-gnu-toolchain/bin/../lib/gcc/avr/4.8.1/../../../../avr/lib/avr5/crtm324pa.o
                0x0000007c                __init
 *(.init0)
 *(.init1)
 *(.init1)
 *(.init2)
 .init2         0x0000007c        0xc c:/program files (x86)/atmel/atmel toolchain/avr8 gcc/native/3.4.1061/avr8-gnu-toolchain/bin/../lib/gcc/avr/4.8.1/../../../../avr/lib/avr5/crtm324pa.o
 *(.init2)
 *(.init3)
 *(.init3)
 *(.init4)
 .init4         0x00000088       0x16 c:/program files (x86)/atmel/atmel toolchain/avr8 gcc/native/3.4.1061/avr8-gnu-toolchain/bin/../lib/gcc/avr/4.8.1/avr5\libgcc.a(_copy_data.o)
                0x00000088                __do_copy_data
 .init4         0x0000009e       0x10 c:/program files (x86)/atmel/atmel toolchain/avr8 gcc/native/3.4.1061/avr8-gnu-toolchain/bin/../lib/gcc/avr/4.8.1/avr5\libgcc.a(_clear_bss.o)
                0x0000009e                __do_clear_bss
 *(.init4)
 *(.init5)
 *(.init5)
 *(.init6)
 *(.init6)
 *(.init7)
 *(.init7)
 *(.init8)
 *(.init8)
 *(.init9)
 .init9         0x000000ae        0x8 c:/program files (x86)/atmel/atmel toolchain/avr8 gcc/native/3.4.1061/avr8-gnu-toolchain/bin/../lib/gcc/avr/4.8.1/../../../../avr/lib/avr5/crtm324pa.o
 *(.init9)
 *(.text)
 .text          0x000000b6        0x4 c:/program files (x86)/atmel/atmel toolchain/avr8 gcc/native/3.4.1061/avr8-gnu-toolchain/bin/../lib/gcc/avr/4.8.1/../../../../avr/lib/avr5/crtm324pa.o
                0x000000b6                __vector_22
                0x000000b6                __vector_1
                0x000000b6                __vector_12
                0x000000b6                __bad_interrupt
                0x000000b6                __vector_6
                0x000000b6                __vector_3
                0x000000b6                __vector_23
                0x000000b6                __vector_25
                0x000000b6                __vector_11
                0x000000b6                __vector_17
                0x000000b6                __vector_19
                0x000000b6                __vector_7
                0x000000b6                __vector_27
                0x000000b6                __vector_5
                0x000000b6                __vector_4
                0x000000b6                __vector_9
                0x000000b6                __vector_2
                0x000000b6                __vector_21
                0x000000b6                __vector_15
                0x000000b6                __vector_29
                0x000000b6                __vector_8
                0x000000b6                __vector_26
                0x000000b6                __vector_14
                0x000000b6                __vector_10
                0x000000b6                __vector_16
                0x000000b6                __vector_18
                0x000000ba                . = ALIGN (0x2)
 *(.text.*)
 .text.initAll  0x000000ba       0x1a Test2_atmega324PA.o
                0x000000ba                initAll
 .text.main     0x000000d4       0x16 Test2_atmega324PA.o
                0x000000d4                main
 .text.driveBackwardForTime
                0x000000ea       0x86 G:\Ingeniously\I_P-A-S-V-t-tenCI_\Atmel\Librari\MyLibs\PWM_lib\Debug\libPWM_lib.a(PWM_lib.o)
                0x000000ea                driveBackwardForTime
 .text.driveForwardForTime
                0x00000170       0x84 G:\Ingeniously\I_P-A-S-V-t-tenCI_\Atmel\Librari\MyLibs\PWM_lib\Debug\libPWM_lib.a(PWM_lib.o)
                0x00000170                driveForwardForTime
 .text.changeMotorDirectionLeft
                0x000001f4        0x6 G:\Ingeniously\I_P-A-S-V-t-tenCI_\Atmel\Librari\MyLibs\PWM_lib\Debug\libPWM_lib.a(PWM_lib.o)
                0x000001f4                changeMotorDirectionLeft
 .text.changeMotorDirectionRight
                0x000001fa        0x6 G:\Ingeniously\I_P-A-S-V-t-tenCI_\Atmel\Librari\MyLibs\PWM_lib\Debug\libPWM_lib.a(PWM_lib.o)
                0x000001fa                changeMotorDirectionRight
 .text.move     0x00000200      0x116 G:\Ingeniously\I_P-A-S-V-t-tenCI_\Atmel\Librari\MyLibs\PWM_lib\Debug\libPWM_lib.a(PWM_lib.o)
                0x00000200                move
 .text.breakAll
                0x00000316        0xe G:\Ingeniously\I_P-A-S-V-t-tenCI_\Atmel\Librari\MyLibs\PWM_lib\Debug\libPWM_lib.a(PWM_lib.o)
                0x00000316                breakAll
 .text.initTimer0
                0x00000324       0x36 G:\Ingeniously\I_P-A-S-V-t-tenCI_\Atmel\Librari\MyLibs\PWM_lib\Debug\libPWM_lib.a(PWM_lib.o)
                0x00000324                initTimer0
 .text.initTimer2
                0x0000035a       0x4c G:\Ingeniously\I_P-A-S-V-t-tenCI_\Atmel\Librari\MyLibs\PWM_lib\Debug\libPWM_lib.a(PWM_lib.o)
                0x0000035a                initTimer2
 .text.getInfraredForwardDistance
                0x000003a6       0x40 G:\Ingeniously\I_P-A-S-V-t-tenCI_\Atmel\Librari\MyLibs\Sensors\Debug\libSensors.a(Sensors.o)
                0x000003a6                getInfraredForwardDistance
 .text.getInfraredRightDistance
                0x000003e6       0x40 G:\Ingeniously\I_P-A-S-V-t-tenCI_\Atmel\Librari\MyLibs\Sensors\Debug\libSensors.a(Sensors.o)
                0x000003e6                getInfraredRightDistance
 .text.getInfraredBackDistance
                0x00000426       0x40 G:\Ingeniously\I_P-A-S-V-t-tenCI_\Atmel\Librari\MyLibs\Sensors\Debug\libSensors.a(Sensors.o)
                0x00000426                getInfraredBackDistance
 .text.getInfraredLeftDistance
                0x00000466       0x40 G:\Ingeniously\I_P-A-S-V-t-tenCI_\Atmel\Librari\MyLibs\Sensors\Debug\libSensors.a(Sensors.o)
                0x00000466                getInfraredLeftDistance
 .text.getAverageUltrasonicValue
                0x000004a6       0x90 G:\Ingeniously\I_P-A-S-V-t-tenCI_\Atmel\Librari\MyLibs\Sensors\Debug\libSensors.a(Sensors.o)
                0x000004a6                getAverageUltrasonicValue
 .text.initUSART0
                0x00000536       0xd6 G:\Ingeniously\I_P-A-S-V-t-tenCI_\Atmel\Librari\MyLibs\Sensors\Debug\libSensors.a(Sensors.o)
                0x00000536                initUSART0
 .text.initADC  0x0000060c       0x44 G:\Ingeniously\I_P-A-S-V-t-tenCI_\Atmel\Librari\MyLibs\Sensors\Debug\libSensors.a(Sensors.o)
                0x0000060c                initADC
 .text.initSensors
                0x00000650       0x16 G:\Ingeniously\I_P-A-S-V-t-tenCI_\Atmel\Librari\MyLibs\Sensors\Debug\libSensors.a(Sensors.o)
                0x00000650                initSensors
 .text.__vector_24
                0x00000666      0x122 G:\Ingeniously\I_P-A-S-V-t-tenCI_\Atmel\Librari\MyLibs\Sensors\Debug\libSensors.a(Sensors.o)
                0x00000666                __vector_24
 .text.__vector_20
                0x00000788      0x1d8 G:\Ingeniously\I_P-A-S-V-t-tenCI_\Atmel\Librari\MyLibs\Sensors\Debug\libSensors.a(Sensors.o)
                0x00000788                __vector_20
 .text.checkPackIsFullLength
                0x00000960       0x9a G:\Ingeniously\I_P-A-S-V-t-tenCI_\Atmel\Librari\MyLibs\Communication\Debug\libCommunication.a(Communication.o)
                0x00000960                checkPackIsFullLength
 .text.fetchCommand
                0x000009fa      0x176 G:\Ingeniously\I_P-A-S-V-t-tenCI_\Atmel\Librari\MyLibs\Communication\Debug\libCommunication.a(Communication.o)
                0x000009fa                fetchCommand
 .text.__clearBuffers
                0x00000b70       0x48 G:\Ingeniously\I_P-A-S-V-t-tenCI_\Atmel\Librari\MyLibs\Communication\Debug\libCommunication.a(Communication.o)
                0x00000b70                __clearBuffers
 .text.initUSART1
                0x00000bb8       0xba G:\Ingeniously\I_P-A-S-V-t-tenCI_\Atmel\Librari\MyLibs\Communication\Debug\libCommunication.a(Communication.o)
                0x00000bb8                initUSART1
 .text.__tryToSend
                0x00000c72       0x6c G:\Ingeniously\I_P-A-S-V-t-tenCI_\Atmel\Librari\MyLibs\Communication\Debug\libCommunication.a(Communication.o)
                0x00000c72                __tryToSend
 .text.sendResponse
                0x00000cde      0x15a G:\Ingeniously\I_P-A-S-V-t-tenCI_\Atmel\Librari\MyLibs\Communication\Debug\libCommunication.a(Communication.o)
                0x00000cde                sendResponse
 .text.getLastCommand
                0x00000e38       0xfa G:\Ingeniously\I_P-A-S-V-t-tenCI_\Atmel\Librari\MyLibs\Communication\Debug\libCommunication.a(Communication.o)
                0x00000e38                getLastCommand
 .text.sendStatusUpdate
                0x00000f32       0x74 G:\Ingeniously\I_P-A-S-V-t-tenCI_\Atmel\Librari\MyLibs\Communication\Debug\libCommunication.a(Communication.o)
                0x00000f32                sendStatusUpdate
 .text.__vector_28
                0x00000fa6       0xb4 G:\Ingeniously\I_P-A-S-V-t-tenCI_\Atmel\Librari\MyLibs\Communication\Debug\libCommunication.a(Communication.o)
                0x00000fa6                __vector_28
 .text.__vector_30
                0x0000105a       0x7e G:\Ingeniously\I_P-A-S-V-t-tenCI_\Atmel\Librari\MyLibs\Communication\Debug\libCommunication.a(Communication.o)
                0x0000105a                __vector_30
 .text.executeCommandForTime
                0x000010d8       0xce G:\Ingeniously\I_P-A-S-V-t-tenCI_\Atmel\Librari\MyLibs\Time\Debug\libTime.a(Time.o)
                0x000010d8                executeCommandForTime
 .text.initTimer1
                0x000011a6       0x4c G:\Ingeniously\I_P-A-S-V-t-tenCI_\Atmel\Librari\MyLibs\Time\Debug\libTime.a(Time.o)
                0x000011a6                initTimer1
 .text.getTimeExecutedLastCmd
                0x000011f2        0xa G:\Ingeniously\I_P-A-S-V-t-tenCI_\Atmel\Librari\MyLibs\Time\Debug\libTime.a(Time.o)
                0x000011f2                getTimeExecutedLastCmd
 .text.resetTime
                0x000011fc       0x16 G:\Ingeniously\I_P-A-S-V-t-tenCI_\Atmel\Librari\MyLibs\Time\Debug\libTime.a(Time.o)
                0x000011fc                resetTime
 .text.startTime
                0x00001212        0x8 G:\Ingeniously\I_P-A-S-V-t-tenCI_\Atmel\Librari\MyLibs\Time\Debug\libTime.a(Time.o)
                0x00001212                startTime
 .text.setTimeLimit
                0x0000121a       0x14 G:\Ingeniously\I_P-A-S-V-t-tenCI_\Atmel\Librari\MyLibs\Time\Debug\libTime.a(Time.o)
                0x0000121a                setTimeLimit
 .text.executeScheduled
                0x0000122e       0x16 G:\Ingeniously\I_P-A-S-V-t-tenCI_\Atmel\Librari\MyLibs\Time\Debug\libTime.a(Time.o)
                0x0000122e                executeScheduled
 .text.__vector_13
                0x00001244      0x10c G:\Ingeniously\I_P-A-S-V-t-tenCI_\Atmel\Librari\MyLibs\Time\Debug\libTime.a(Time.o)
                0x00001244                __vector_13
 .text.__executeRecievedCommand
                0x00001350      0x128 G:\Ingeniously\I_P-A-S-V-t-tenCI_\Atmel\Librari\MyLibs\Algoritm\Debug\libAlgoritm.a(Algoritm.o)
                0x00001350                __executeRecievedCommand
 .text.interpretCommands
                0x00001478       0x60 G:\Ingeniously\I_P-A-S-V-t-tenCI_\Atmel\Librari\MyLibs\Algoritm\Debug\libAlgoritm.a(Algoritm.o)
                0x00001478                interpretCommands
 .text.avr-libc.fplib
                0x000014d8        0xa c:/program files (x86)/atmel/atmel toolchain/avr8 gcc/native/3.4.1061/avr8-gnu-toolchain/bin/../lib/gcc/avr/4.8.1/../../../../avr/lib/avr5\libm.a(addsf3.o)
                0x000014d8                __subsf3
                0x000014da                __addsf3
 .text.avr-libc.fplib
                0x000014e2       0xc0 c:/program files (x86)/atmel/atmel toolchain/avr8 gcc/native/3.4.1061/avr8-gnu-toolchain/bin/../lib/gcc/avr/4.8.1/../../../../avr/lib/avr5\libm.a(addsf3x.o)
                0x000014fc                __addsf3x
 .text.avr-libc.fplib
                0x000015a2        0x4 c:/program files (x86)/atmel/atmel toolchain/avr8 gcc/native/3.4.1061/avr8-gnu-toolchain/bin/../lib/gcc/avr/4.8.1/../../../../avr/lib/avr5\libm.a(divsf3.o)
                0x000015a2                __divsf3
 .text.avr-libc.fplib
                0x000015a6       0xcc c:/program files (x86)/atmel/atmel toolchain/avr8 gcc/native/3.4.1061/avr8-gnu-toolchain/bin/../lib/gcc/avr/4.8.1/../../../../avr/lib/avr5\libm.a(divsf3x.o)
                0x000015bc                __divsf3x
                0x000015c0                __divsf3_pse
 .text.avr-libc.fplib
                0x00001672       0x58 c:/program files (x86)/atmel/atmel toolchain/avr8 gcc/native/3.4.1061/avr8-gnu-toolchain/bin/../lib/gcc/avr/4.8.1/../../../../avr/lib/avr5\libm.a(fixunssfsi.o)
                0x00001672                __fixunssfsi
 .text.avr-libc.fplib
                0x000016ca       0x7a c:/program files (x86)/atmel/atmel toolchain/avr8 gcc/native/3.4.1061/avr8-gnu-toolchain/bin/../lib/gcc/avr/4.8.1/../../../../avr/lib/avr5\libm.a(floatsisf.o)
                0x000016ca                __floatunsisf
                0x000016ce                __floatsisf
 .text.avr-libc.fplib
                0x00001744       0x26 c:/program files (x86)/atmel/atmel toolchain/avr8 gcc/native/3.4.1061/avr8-gnu-toolchain/bin/../lib/gcc/avr/4.8.1/../../../../avr/lib/avr5\libm.a(floor.o)
                0x00001744                floor
 .text.avr-libc.fplib
                0x0000176a        0xc c:/program files (x86)/atmel/atmel toolchain/avr8 gcc/native/3.4.1061/avr8-gnu-toolchain/bin/../lib/gcc/avr/4.8.1/../../../../avr/lib/avr5\libm.a(fp_inf.o)
                0x0000176a                __fp_inf
 .text.avr-libc.fplib
                0x00001776       0x36 c:/program files (x86)/atmel/atmel toolchain/avr8 gcc/native/3.4.1061/avr8-gnu-toolchain/bin/../lib/gcc/avr/4.8.1/../../../../avr/lib/avr5\libm.a(fp_mintl.o)
                0x00001776                __fp_mintl
 .text.avr-libc.fplib
                0x000017ac       0x1c c:/program files (x86)/atmel/atmel toolchain/avr8 gcc/native/3.4.1061/avr8-gnu-toolchain/bin/../lib/gcc/avr/4.8.1/../../../../avr/lib/avr5\libm.a(fp_mpack.o)
                0x000017ac                __fp_mpack
                0x000017b0                __fp_mpack_finite
 .text.avr-libc.fplib
                0x000017c8        0x6 c:/program files (x86)/atmel/atmel toolchain/avr8 gcc/native/3.4.1061/avr8-gnu-toolchain/bin/../lib/gcc/avr/4.8.1/../../../../avr/lib/avr5\libm.a(fp_nan.o)
                0x000017c8                __fp_nan
 .text.avr-libc.fplib
                0x000017ce        0xe c:/program files (x86)/atmel/atmel toolchain/avr8 gcc/native/3.4.1061/avr8-gnu-toolchain/bin/../lib/gcc/avr/4.8.1/../../../../avr/lib/avr5\libm.a(fp_pscA.o)
                0x000017ce                __fp_pscA
 .text.avr-libc.fplib
                0x000017dc        0xe c:/program files (x86)/atmel/atmel toolchain/avr8 gcc/native/3.4.1061/avr8-gnu-toolchain/bin/../lib/gcc/avr/4.8.1/../../../../avr/lib/avr5\libm.a(fp_pscB.o)
                0x000017dc                __fp_pscB
 .text.avr-libc.fplib
                0x000017ea       0x22 c:/program files (x86)/atmel/atmel toolchain/avr8 gcc/native/3.4.1061/avr8-gnu-toolchain/bin/../lib/gcc/avr/4.8.1/../../../../avr/lib/avr5\libm.a(fp_round.o)
                0x000017ea                __fp_round
 .text.avr-libc.fplib
                0x0000180c       0x44 c:/program files (x86)/atmel/atmel toolchain/avr8 gcc/native/3.4.1061/avr8-gnu-toolchain/bin/../lib/gcc/avr/4.8.1/../../../../avr/lib/avr5\libm.a(fp_split3.o)
                0x0000180c                __fp_split3
                0x0000181c                __fp_splitA
 .text.avr-libc.fplib
                0x00001850       0x2e c:/program files (x86)/atmel/atmel toolchain/avr8 gcc/native/3.4.1061/avr8-gnu-toolchain/bin/../lib/gcc/avr/4.8.1/../../../../avr/lib/avr5\libm.a(fp_trunc.o)
                0x00001850                __fp_trunc
 .text.avr-libc.fplib
                0x0000187e        0xe c:/program files (x86)/atmel/atmel toolchain/avr8 gcc/native/3.4.1061/avr8-gnu-toolchain/bin/../lib/gcc/avr/4.8.1/../../../../avr/lib/avr5\libm.a(fp_zero.o)
                0x0000187e                __fp_zero
                0x00001880                __fp_szero
 .text.avr-libc.fplib
                0x0000188c       0x74 c:/program files (x86)/atmel/atmel toolchain/avr8 gcc/native/3.4.1061/avr8-gnu-toolchain/bin/../lib/gcc/avr/4.8.1/../../../../avr/lib/avr5\libm.a(lrint.o)
                0x0000188c                lrint
 .text.avr-libc.fplib
                0x00001900        0x4 c:/program files (x86)/atmel/atmel toolchain/avr8 gcc/native/3.4.1061/avr8-gnu-toolchain/bin/../lib/gcc/avr/4.8.1/../../../../avr/lib/avr5\libm.a(mulsf3.o)
                0x00001900                __mulsf3
 .text.avr-libc.fplib
                0x00001904       0xc2 c:/program files (x86)/atmel/atmel toolchain/avr8 gcc/native/3.4.1061/avr8-gnu-toolchain/bin/../lib/gcc/avr/4.8.1/../../../../avr/lib/avr5\libm.a(mulsf3x.o)
                0x00001918                __mulsf3x
                0x0000191c                __mulsf3_pse
 .text.libgcc.div
                0x000019c6       0x28 c:/program files (x86)/atmel/atmel toolchain/avr8 gcc/native/3.4.1061/avr8-gnu-toolchain/bin/../lib/gcc/avr/4.8.1/avr5\libgcc.a(_divmodhi4.o)
                0x000019c6                _div
                0x000019c6                __divmodhi4
 .text.libgcc.div
                0x000019ee       0x44 c:/program files (x86)/atmel/atmel toolchain/avr8 gcc/native/3.4.1061/avr8-gnu-toolchain/bin/../lib/gcc/avr/4.8.1/avr5\libgcc.a(_udivmodsi4.o)
                0x000019ee                __udivmodsi4
 .text.libgcc.div
                0x00001a32       0x2e c:/program files (x86)/atmel/atmel toolchain/avr8 gcc/native/3.4.1061/avr8-gnu-toolchain/bin/../lib/gcc/avr/4.8.1/avr5\libgcc.a(_divmodsi4.o)
                0x00001a32                __divmodsi4
 .text.libgcc.div
                0x00001a60       0x10 c:/program files (x86)/atmel/atmel toolchain/avr8 gcc/native/3.4.1061/avr8-gnu-toolchain/bin/../lib/gcc/avr/4.8.1/avr5\libgcc.a(_negsi2.o)
                0x00001a60                __negsi2
 .text.libgcc.mul
                0x00001a70       0x1e c:/program files (x86)/atmel/atmel toolchain/avr8 gcc/native/3.4.1061/avr8-gnu-toolchain/bin/../lib/gcc/avr/4.8.1/avr5\libgcc.a(_umulhisi3.o)
                0x00001a70                __umulhisi3
 .text.libgcc.div
                0x00001a8e       0x28 c:/program files (x86)/atmel/atmel toolchain/avr8 gcc/native/3.4.1061/avr8-gnu-toolchain/bin/../lib/gcc/avr/4.8.1/avr5\libgcc.a(_udivmodhi4.o)
                0x00001a8e                __udivmodhi4
                0x00001ab6                . = ALIGN (0x2)
 *(.fini9)
 .fini9         0x00001ab6        0x0 c:/program files (x86)/atmel/atmel toolchain/avr8 gcc/native/3.4.1061/avr8-gnu-toolchain/bin/../lib/gcc/avr/4.8.1/avr5\libgcc.a(_exit.o)
                0x00001ab6                _exit
                0x00001ab6                exit
 *(.fini9)
 *(.fini8)
 *(.fini8)
 *(.fini7)
 *(.fini7)
 *(.fini6)
 *(.fini6)
 *(.fini5)
 *(.fini5)
 *(.fini4)
 *(.fini4)
 *(.fini3)
 *(.fini3)
 *(.fini2)
 *(.fini2)
 *(.fini1)
 *(.fini1)
 *(.fini0)
 .fini0         0x00001ab6        0x4 c:/program files (x86)/atmel/atmel toolchain/avr8 gcc/native/3.4.1061/avr8-gnu-toolchain/bin/../lib/gcc/avr/4.8.1/avr5\libgcc.a(_exit.o)
 *(.fini0)
                0x00001aba                _etext = .

.data           0x00800100        0x4 load address 0x00001aba
                0x00800100                PROVIDE (__data_start, .)
 *(.data)
 *(.data*)
 .data.ticks    0x00800100        0x4 G:\Ingeniously\I_P-A-S-V-t-tenCI_\Atmel\Librari\MyLibs\Time\Debug\libTime.a(Time.o)
                0x00800100                ticks
 *(.rodata)
 *(.rodata*)
 *(.gnu.linkonce.d*)
                0x00800104                . = ALIGN (0x2)
                0x00800104                _edata = .
                0x00800104                PROVIDE (__data_end, .)

.bss            0x00800104      0x261
                0x00800104                PROVIDE (__bss_start, .)
 *(.bss)
 *(.bss*)
 .bss.US_manual_start
                0x00800104        0x1 G:\Ingeniously\I_P-A-S-V-t-tenCI_\Atmel\Librari\MyLibs\Sensors\Debug\libSensors.a(Sensors.o)
                0x00800104                US_manual_start
 .bss.US_pos_in_buffer
                0x00800105        0x1 G:\Ingeniously\I_P-A-S-V-t-tenCI_\Atmel\Librari\MyLibs\Sensors\Debug\libSensors.a(Sensors.o)
                0x00800105                US_pos_in_buffer
 .bss.US_data_part_no
                0x00800106        0x1 G:\Ingeniously\I_P-A-S-V-t-tenCI_\Atmel\Librari\MyLibs\Sensors\Debug\libSensors.a(Sensors.o)
                0x00800106                US_data_part_no
 .bss.lastUSonicValue
                0x00800107        0x2 G:\Ingeniously\I_P-A-S-V-t-tenCI_\Atmel\Librari\MyLibs\Sensors\Debug\libSensors.a(Sensors.o)
                0x00800107                lastUSonicValue
 .bss.IR_pos_in_buffer
                0x00800109        0x1 G:\Ingeniously\I_P-A-S-V-t-tenCI_\Atmel\Librari\MyLibs\Sensors\Debug\libSensors.a(Sensors.o)
                0x00800109                IR_pos_in_buffer
 .bss.activeInfraredSensor
                0x0080010a        0x1 G:\Ingeniously\I_P-A-S-V-t-tenCI_\Atmel\Librari\MyLibs\Sensors\Debug\libSensors.a(Sensors.o)
                0x0080010a                activeInfraredSensor
 .bss.txWritePos
                0x0080010b        0x1 G:\Ingeniously\I_P-A-S-V-t-tenCI_\Atmel\Librari\MyLibs\Communication\Debug\libCommunication.a(Communication.o)
                0x0080010b                txWritePos
 .bss.txReadPos
                0x0080010c        0x1 G:\Ingeniously\I_P-A-S-V-t-tenCI_\Atmel\Librari\MyLibs\Communication\Debug\libCommunication.a(Communication.o)
                0x0080010c                txReadPos
 .bss.lastCommandHeader
                0x0080010d        0x1 G:\Ingeniously\I_P-A-S-V-t-tenCI_\Atmel\Librari\MyLibs\Communication\Debug\libCommunication.a(Communication.o)
                0x0080010d                lastCommandHeader
 .bss.lastPackPosInBuff
                0x0080010e        0x1 G:\Ingeniously\I_P-A-S-V-t-tenCI_\Atmel\Librari\MyLibs\Communication\Debug\libCommunication.a(Communication.o)
                0x0080010e                lastPackPosInBuff
 .bss.lastPackNo
                0x0080010f        0x1 G:\Ingeniously\I_P-A-S-V-t-tenCI_\Atmel\Librari\MyLibs\Communication\Debug\libCommunication.a(Communication.o)
                0x0080010f                lastPackNo
 .bss.packStarted
                0x00800110        0x1 G:\Ingeniously\I_P-A-S-V-t-tenCI_\Atmel\Librari\MyLibs\Communication\Debug\libCommunication.a(Communication.o)
                0x00800110                packStarted
 .bss.rxWritePos
                0x00800111        0x1 G:\Ingeniously\I_P-A-S-V-t-tenCI_\Atmel\Librari\MyLibs\Communication\Debug\libCommunication.a(Communication.o)
                0x00800111                rxWritePos
 .bss.rxReadPos
                0x00800112        0x1 G:\Ingeniously\I_P-A-S-V-t-tenCI_\Atmel\Librari\MyLibs\Communication\Debug\libCommunication.a(Communication.o)
                0x00800112                rxReadPos
 .bss.sendStatusUpdateFLAG
                0x00800113        0x1 G:\Ingeniously\I_P-A-S-V-t-tenCI_\Atmel\Librari\MyLibs\Time\Debug\libTime.a(Time.o)
                0x00800113                sendStatusUpdateFLAG
 .bss.enableCountingTime
                0x00800114        0x1 G:\Ingeniously\I_P-A-S-V-t-tenCI_\Atmel\Librari\MyLibs\Time\Debug\libTime.a(Time.o)
                0x00800114                enableCountingTime
 .bss.TIME_LIMIT
                0x00800115        0x2 G:\Ingeniously\I_P-A-S-V-t-tenCI_\Atmel\Librari\MyLibs\Time\Debug\libTime.a(Time.o)
                0x00800115                TIME_LIMIT
 .bss.TIME      0x00800117        0x2 G:\Ingeniously\I_P-A-S-V-t-tenCI_\Atmel\Librari\MyLibs\Time\Debug\libTime.a(Time.o)
                0x00800117                TIME
 .bss.argc2     0x00800119        0x2 G:\Ingeniously\I_P-A-S-V-t-tenCI_\Atmel\Librari\MyLibs\Time\Debug\libTime.a(Time.o)
                0x00800119                argc2
 .bss.stopFunction
                0x0080011b        0x2 G:\Ingeniously\I_P-A-S-V-t-tenCI_\Atmel\Librari\MyLibs\Time\Debug\libTime.a(Time.o)
                0x0080011b                stopFunction
 *(COMMON)
 COMMON         0x0080011d       0x34 G:\Ingeniously\I_P-A-S-V-t-tenCI_\Atmel\Librari\MyLibs\Sensors\Debug\libSensors.a(Sensors.o)
                0x0080011d                UltraSonicValues
                0x0080013d                InfraredValues
                0x0080014d                ultrasonicDataPack
 COMMON         0x00800151      0x200 G:\Ingeniously\I_P-A-S-V-t-tenCI_\Atmel\Librari\MyLibs\Communication\Debug\libCommunication.a(Communication.o)
                0x00800151                rxBuffer
                0x00800251                txBuffer
 COMMON         0x00800351       0x14 G:\Ingeniously\I_P-A-S-V-t-tenCI_\Atmel\Librari\MyLibs\Time\Debug\libTime.a(Time.o)
                0x00800351                argv2
                0x00800365                PROVIDE (__bss_end, .)
                0x00001aba                __data_load_start = LOADADDR (.data)
                0x00001abe                __data_load_end = (__data_load_start + SIZEOF (.data))

.noinit         0x00800365        0x0
                0x00800365                PROVIDE (__noinit_start, .)
 *(.noinit*)
                0x00800365                PROVIDE (__noinit_end, .)
                0x00800365                _end = .
                0x00800365                PROVIDE (__heap_start, .)

.eeprom         0x00810000        0x0
 *(.eeprom*)
                0x00810000                __eeprom_end = .

.fuse
 *(.fuse)
 *(.lfuse)
 *(.hfuse)
 *(.efuse)

.lock
 *(.lock*)

.signature
 *(.signature*)

.user_signatures
 *(.user_signatures*)

.stab
 *(.stab)

.stabstr
 *(.stabstr)

.stab.excl
 *(.stab.excl)

.stab.exclstr
 *(.stab.exclstr)

.stab.index
 *(.stab.index)

.stab.indexstr
 *(.stab.indexstr)

.comment        0x00000000       0x30
 *(.comment)
 .comment       0x00000000       0x30 Test2_atmega324PA.o
                                 0x31 (size before relaxing)
 .comment       0x00000000       0x31 G:\Ingeniously\I_P-A-S-V-t-tenCI_\Atmel\Librari\MyLibs\PWM_lib\Debug\libPWM_lib.a(PWM_lib.o)
 .comment       0x00000000       0x31 G:\Ingeniously\I_P-A-S-V-t-tenCI_\Atmel\Librari\MyLibs\Sensors\Debug\libSensors.a(Sensors.o)
 .comment       0x00000000       0x31 G:\Ingeniously\I_P-A-S-V-t-tenCI_\Atmel\Librari\MyLibs\Communication\Debug\libCommunication.a(Communication.o)
 .comment       0x00000000       0x31 G:\Ingeniously\I_P-A-S-V-t-tenCI_\Atmel\Librari\MyLibs\Time\Debug\libTime.a(Time.o)
 .comment       0x00000000       0x31 G:\Ingeniously\I_P-A-S-V-t-tenCI_\Atmel\Librari\MyLibs\Algoritm\Debug\libAlgoritm.a(Algoritm.o)

.note.gnu.build-id
 *(.note.gnu.build-id)

.debug
 *(.debug)

.line
 *(.line)

.debug_srcinfo
 *(.debug_srcinfo)

.debug_sfnames
 *(.debug_sfnames)

.debug_aranges  0x00000000      0x2a0
 *(.debug_aranges)
 .debug_aranges
                0x00000000       0x30 Test2_atmega324PA.o
 .debug_aranges
                0x00000030       0xf8 G:\Ingeniously\I_P-A-S-V-t-tenCI_\Atmel\Librari\MyLibs\PWM_lib\Debug\libPWM_lib.a(PWM_lib.o)
 .debug_aranges
                0x00000128       0x80 G:\Ingeniously\I_P-A-S-V-t-tenCI_\Atmel\Librari\MyLibs\Sensors\Debug\libSensors.a(Sensors.o)
 .debug_aranges
                0x000001a8       0x70 G:\Ingeniously\I_P-A-S-V-t-tenCI_\Atmel\Librari\MyLibs\Communication\Debug\libCommunication.a(Communication.o)
 .debug_aranges
                0x00000218       0x60 G:\Ingeniously\I_P-A-S-V-t-tenCI_\Atmel\Librari\MyLibs\Time\Debug\libTime.a(Time.o)
 .debug_aranges
                0x00000278       0x28 G:\Ingeniously\I_P-A-S-V-t-tenCI_\Atmel\Librari\MyLibs\Algoritm\Debug\libAlgoritm.a(Algoritm.o)

.debug_pubnames
 *(.debug_pubnames)

.debug_info     0x00000000     0x21e4
 *(.debug_info .gnu.linkonce.wi.*)
 .debug_info    0x00000000      0x32c Test2_atmega324PA.o
 .debug_info    0x0000032c      0xd0a G:\Ingeniously\I_P-A-S-V-t-tenCI_\Atmel\Librari\MyLibs\PWM_lib\Debug\libPWM_lib.a(PWM_lib.o)
 .debug_info    0x00001036      0x4e6 G:\Ingeniously\I_P-A-S-V-t-tenCI_\Atmel\Librari\MyLibs\Sensors\Debug\libSensors.a(Sensors.o)
 .debug_info    0x0000151c      0x6db G:\Ingeniously\I_P-A-S-V-t-tenCI_\Atmel\Librari\MyLibs\Communication\Debug\libCommunication.a(Communication.o)
 .debug_info    0x00001bf7      0x35f G:\Ingeniously\I_P-A-S-V-t-tenCI_\Atmel\Librari\MyLibs\Time\Debug\libTime.a(Time.o)
 .debug_info    0x00001f56      0x28e G:\Ingeniously\I_P-A-S-V-t-tenCI_\Atmel\Librari\MyLibs\Algoritm\Debug\libAlgoritm.a(Algoritm.o)

.debug_abbrev   0x00000000      0xbe1
 *(.debug_abbrev)
 .debug_abbrev  0x00000000      0x167 Test2_atmega324PA.o
 .debug_abbrev  0x00000167      0x279 G:\Ingeniously\I_P-A-S-V-t-tenCI_\Atmel\Librari\MyLibs\PWM_lib\Debug\libPWM_lib.a(PWM_lib.o)
 .debug_abbrev  0x000003e0      0x21a G:\Ingeniously\I_P-A-S-V-t-tenCI_\Atmel\Librari\MyLibs\Sensors\Debug\libSensors.a(Sensors.o)
 .debug_abbrev  0x000005fa      0x2f6 G:\Ingeniously\I_P-A-S-V-t-tenCI_\Atmel\Librari\MyLibs\Communication\Debug\libCommunication.a(Communication.o)
 .debug_abbrev  0x000008f0      0x19d G:\Ingeniously\I_P-A-S-V-t-tenCI_\Atmel\Librari\MyLibs\Time\Debug\libTime.a(Time.o)
 .debug_abbrev  0x00000a8d      0x154 G:\Ingeniously\I_P-A-S-V-t-tenCI_\Atmel\Librari\MyLibs\Algoritm\Debug\libAlgoritm.a(Algoritm.o)

.debug_line     0x00000000      0xd0c
 *(.debug_line .debug_line.* .debug_line_end)
 .debug_line    0x00000000      0x1f0 Test2_atmega324PA.o
 .debug_line    0x000001f0      0x327 G:\Ingeniously\I_P-A-S-V-t-tenCI_\Atmel\Librari\MyLibs\PWM_lib\Debug\libPWM_lib.a(PWM_lib.o)
 .debug_line    0x00000517      0x209 G:\Ingeniously\I_P-A-S-V-t-tenCI_\Atmel\Librari\MyLibs\Sensors\Debug\libSensors.a(Sensors.o)
 .debug_line    0x00000720      0x323 G:\Ingeniously\I_P-A-S-V-t-tenCI_\Atmel\Librari\MyLibs\Communication\Debug\libCommunication.a(Communication.o)
 .debug_line    0x00000a43      0x19e G:\Ingeniously\I_P-A-S-V-t-tenCI_\Atmel\Librari\MyLibs\Time\Debug\libTime.a(Time.o)
 .debug_line    0x00000be1      0x12b G:\Ingeniously\I_P-A-S-V-t-tenCI_\Atmel\Librari\MyLibs\Algoritm\Debug\libAlgoritm.a(Algoritm.o)

.debug_frame    0x00000000      0x900
 *(.debug_frame)
 .debug_frame   0x00000000       0x54 Test2_atmega324PA.o
 .debug_frame   0x00000054      0x384 G:\Ingeniously\I_P-A-S-V-t-tenCI_\Atmel\Librari\MyLibs\PWM_lib\Debug\libPWM_lib.a(PWM_lib.o)
 .debug_frame   0x000003d8      0x1d0 G:\Ingeniously\I_P-A-S-V-t-tenCI_\Atmel\Librari\MyLibs\Sensors\Debug\libSensors.a(Sensors.o)
 .debug_frame   0x000005a8      0x198 G:\Ingeniously\I_P-A-S-V-t-tenCI_\Atmel\Librari\MyLibs\Communication\Debug\libCommunication.a(Communication.o)
 .debug_frame   0x00000740      0x128 G:\Ingeniously\I_P-A-S-V-t-tenCI_\Atmel\Librari\MyLibs\Time\Debug\libTime.a(Time.o)
 .debug_frame   0x00000868       0x98 G:\Ingeniously\I_P-A-S-V-t-tenCI_\Atmel\Librari\MyLibs\Algoritm\Debug\libAlgoritm.a(Algoritm.o)

.debug_str      0x00000000      0xb17
 *(.debug_str)
 .debug_str     0x00000000      0x265 Test2_atmega324PA.o
                                0x2a5 (size before relaxing)
 .debug_str     0x00000265      0x2c1 G:\Ingeniously\I_P-A-S-V-t-tenCI_\Atmel\Librari\MyLibs\PWM_lib\Debug\libPWM_lib.a(PWM_lib.o)
                                0x37b (size before relaxing)
 .debug_str     0x00000526      0x25b G:\Ingeniously\I_P-A-S-V-t-tenCI_\Atmel\Librari\MyLibs\Sensors\Debug\libSensors.a(Sensors.o)
                                0x383 (size before relaxing)
 .debug_str     0x00000781      0x1e0 G:\Ingeniously\I_P-A-S-V-t-tenCI_\Atmel\Librari\MyLibs\Communication\Debug\libCommunication.a(Communication.o)
                                0x3ee (size before relaxing)
 .debug_str     0x00000961      0x12f G:\Ingeniously\I_P-A-S-V-t-tenCI_\Atmel\Librari\MyLibs\Time\Debug\libTime.a(Time.o)
                                0x2c3 (size before relaxing)
 .debug_str     0x00000a90       0x87 G:\Ingeniously\I_P-A-S-V-t-tenCI_\Atmel\Librari\MyLibs\Algoritm\Debug\libAlgoritm.a(Algoritm.o)
                                0x244 (size before relaxing)

.debug_loc      0x00000000     0x223a
 *(.debug_loc)
 .debug_loc     0x00000000       0x47 Test2_atmega324PA.o
 .debug_loc     0x00000047      0xb9d G:\Ingeniously\I_P-A-S-V-t-tenCI_\Atmel\Librari\MyLibs\PWM_lib\Debug\libPWM_lib.a(PWM_lib.o)
 .debug_loc     0x00000be4      0x832 G:\Ingeniously\I_P-A-S-V-t-tenCI_\Atmel\Librari\MyLibs\Sensors\Debug\libSensors.a(Sensors.o)
 .debug_loc     0x00001416      0x92b G:\Ingeniously\I_P-A-S-V-t-tenCI_\Atmel\Librari\MyLibs\Communication\Debug\libCommunication.a(Communication.o)
 .debug_loc     0x00001d41      0x30f G:\Ingeniously\I_P-A-S-V-t-tenCI_\Atmel\Librari\MyLibs\Time\Debug\libTime.a(Time.o)
 .debug_loc     0x00002050      0x1ea G:\Ingeniously\I_P-A-S-V-t-tenCI_\Atmel\Librari\MyLibs\Algoritm\Debug\libAlgoritm.a(Algoritm.o)

.debug_macinfo
 *(.debug_macinfo)

.debug_weaknames
 *(.debug_weaknames)

.debug_funcnames
 *(.debug_funcnames)

.debug_typenames
 *(.debug_typenames)

.debug_varnames
 *(.debug_varnames)

.debug_pubtypes
 *(.debug_pubtypes)

.debug_ranges   0x00000000      0x258
 *(.debug_ranges)
 .debug_ranges  0x00000000       0x20 Test2_atmega324PA.o
 .debug_ranges  0x00000020       0xe8 G:\Ingeniously\I_P-A-S-V-t-tenCI_\Atmel\Librari\MyLibs\PWM_lib\Debug\libPWM_lib.a(PWM_lib.o)
 .debug_ranges  0x00000108       0x88 G:\Ingeniously\I_P-A-S-V-t-tenCI_\Atmel\Librari\MyLibs\Sensors\Debug\libSensors.a(Sensors.o)
 .debug_ranges  0x00000190       0x60 G:\Ingeniously\I_P-A-S-V-t-tenCI_\Atmel\Librari\MyLibs\Communication\Debug\libCommunication.a(Communication.o)
 .debug_ranges  0x000001f0       0x50 G:\Ingeniously\I_P-A-S-V-t-tenCI_\Atmel\Librari\MyLibs\Time\Debug\libTime.a(Time.o)
 .debug_ranges  0x00000240       0x18 G:\Ingeniously\I_P-A-S-V-t-tenCI_\Atmel\Librari\MyLibs\Algoritm\Debug\libAlgoritm.a(Algoritm.o)

.debug_macro
 *(.debug_macro)
OUTPUT(Test2_atmega324PA.elf elf32-avr)
LOAD linker stubs
