Archive member included because of file (symbol)

c:/program files (x86)/atmel/atmel toolchain/avr8 gcc/native/3.4.1061/avr8-gnu-toolchain/bin/../lib/gcc/avr/4.8.1/../../../../avr/lib/avr5\libm.a(cmpsf2.o)
                              Test2_atmega324PA.o (__ltsf2)
c:/program files (x86)/atmel/atmel toolchain/avr8 gcc/native/3.4.1061/avr8-gnu-toolchain/bin/../lib/gcc/avr/4.8.1/../../../../avr/lib/avr5\libm.a(fp_cmp.o)
                              c:/program files (x86)/atmel/atmel toolchain/avr8 gcc/native/3.4.1061/avr8-gnu-toolchain/bin/../lib/gcc/avr/4.8.1/../../../../avr/lib/avr5\libm.a(cmpsf2.o) (__fp_cmp)
c:/program files (x86)/atmel/atmel toolchain/avr8 gcc/native/3.4.1061/avr8-gnu-toolchain/bin/../lib/gcc/avr/4.8.1/../../../../avr/lib/avr5\libm.a(gesf2.o)
                              Test2_atmega324PA.o (__gesf2)
G:\Ingeniously\I_P-A-S-V-t-tenCI_\Atmel\Librari\MyLibs\PWM_lib\Debug\libPWM_lib.a(PWM_lib.o)
                              Test2_atmega324PA.o (changePwm_MotorLF)
G:\Ingeniously\I_P-A-S-V-t-tenCI_\Atmel\Librari\MyLibs\Sensors\Debug\libSensors.a(Sensors.o)
                              Test2_atmega324PA.o (getDistance)
G:\Ingeniously\I_P-A-S-V-t-tenCI_\Atmel\Librari\MyLibs\Communication\Debug\libCommunication.a(Communication.o)
                              Test2_atmega324PA.o (initUSART1)
c:/program files (x86)/atmel/atmel toolchain/avr8 gcc/native/3.4.1061/avr8-gnu-toolchain/bin/../lib/gcc/avr/4.8.1/../../../../avr/lib/avr5\libm.a(addsf3.o)
                              G:\Ingeniously\I_P-A-S-V-t-tenCI_\Atmel\Librari\MyLibs\Sensors\Debug\libSensors.a(Sensors.o) (__subsf3)
c:/program files (x86)/atmel/atmel toolchain/avr8 gcc/native/3.4.1061/avr8-gnu-toolchain/bin/../lib/gcc/avr/4.8.1/../../../../avr/lib/avr5\libm.a(addsf3x.o)
                              c:/program files (x86)/atmel/atmel toolchain/avr8 gcc/native/3.4.1061/avr8-gnu-toolchain/bin/../lib/gcc/avr/4.8.1/../../../../avr/lib/avr5\libm.a(addsf3.o) (__addsf3x)
c:/program files (x86)/atmel/atmel toolchain/avr8 gcc/native/3.4.1061/avr8-gnu-toolchain/bin/../lib/gcc/avr/4.8.1/../../../../avr/lib/avr5\libm.a(divsf3.o)
                              G:\Ingeniously\I_P-A-S-V-t-tenCI_\Atmel\Librari\MyLibs\PWM_lib\Debug\libPWM_lib.a(PWM_lib.o) (__divsf3)
c:/program files (x86)/atmel/atmel toolchain/avr8 gcc/native/3.4.1061/avr8-gnu-toolchain/bin/../lib/gcc/avr/4.8.1/../../../../avr/lib/avr5\libm.a(divsf3x.o)
                              c:/program files (x86)/atmel/atmel toolchain/avr8 gcc/native/3.4.1061/avr8-gnu-toolchain/bin/../lib/gcc/avr/4.8.1/../../../../avr/lib/avr5\libm.a(divsf3.o) (__divsf3x)
c:/program files (x86)/atmel/atmel toolchain/avr8 gcc/native/3.4.1061/avr8-gnu-toolchain/bin/../lib/gcc/avr/4.8.1/../../../../avr/lib/avr5\libm.a(fixunssfsi.o)
                              G:\Ingeniously\I_P-A-S-V-t-tenCI_\Atmel\Librari\MyLibs\PWM_lib\Debug\libPWM_lib.a(PWM_lib.o) (__fixunssfsi)
c:/program files (x86)/atmel/atmel toolchain/avr8 gcc/native/3.4.1061/avr8-gnu-toolchain/bin/../lib/gcc/avr/4.8.1/../../../../avr/lib/avr5\libm.a(floatsisf.o)
                              G:\Ingeniously\I_P-A-S-V-t-tenCI_\Atmel\Librari\MyLibs\Sensors\Debug\libSensors.a(Sensors.o) (__floatunsisf)
c:/program files (x86)/atmel/atmel toolchain/avr8 gcc/native/3.4.1061/avr8-gnu-toolchain/bin/../lib/gcc/avr/4.8.1/../../../../avr/lib/avr5\libm.a(fp_inf.o)
                              c:/program files (x86)/atmel/atmel toolchain/avr8 gcc/native/3.4.1061/avr8-gnu-toolchain/bin/../lib/gcc/avr/4.8.1/../../../../avr/lib/avr5\libm.a(addsf3x.o) (__fp_inf)
c:/program files (x86)/atmel/atmel toolchain/avr8 gcc/native/3.4.1061/avr8-gnu-toolchain/bin/../lib/gcc/avr/4.8.1/../../../../avr/lib/avr5\libm.a(fp_nan.o)
                              c:/program files (x86)/atmel/atmel toolchain/avr8 gcc/native/3.4.1061/avr8-gnu-toolchain/bin/../lib/gcc/avr/4.8.1/../../../../avr/lib/avr5\libm.a(addsf3x.o) (__fp_nan)
c:/program files (x86)/atmel/atmel toolchain/avr8 gcc/native/3.4.1061/avr8-gnu-toolchain/bin/../lib/gcc/avr/4.8.1/../../../../avr/lib/avr5\libm.a(fp_pscA.o)
                              c:/program files (x86)/atmel/atmel toolchain/avr8 gcc/native/3.4.1061/avr8-gnu-toolchain/bin/../lib/gcc/avr/4.8.1/../../../../avr/lib/avr5\libm.a(addsf3x.o) (__fp_pscA)
c:/program files (x86)/atmel/atmel toolchain/avr8 gcc/native/3.4.1061/avr8-gnu-toolchain/bin/../lib/gcc/avr/4.8.1/../../../../avr/lib/avr5\libm.a(fp_pscB.o)
                              c:/program files (x86)/atmel/atmel toolchain/avr8 gcc/native/3.4.1061/avr8-gnu-toolchain/bin/../lib/gcc/avr/4.8.1/../../../../avr/lib/avr5\libm.a(addsf3x.o) (__fp_pscB)
c:/program files (x86)/atmel/atmel toolchain/avr8 gcc/native/3.4.1061/avr8-gnu-toolchain/bin/../lib/gcc/avr/4.8.1/../../../../avr/lib/avr5\libm.a(fp_round.o)
                              c:/program files (x86)/atmel/atmel toolchain/avr8 gcc/native/3.4.1061/avr8-gnu-toolchain/bin/../lib/gcc/avr/4.8.1/../../../../avr/lib/avr5\libm.a(addsf3.o) (__fp_round)
c:/program files (x86)/atmel/atmel toolchain/avr8 gcc/native/3.4.1061/avr8-gnu-toolchain/bin/../lib/gcc/avr/4.8.1/../../../../avr/lib/avr5\libm.a(fp_split3.o)
                              c:/program files (x86)/atmel/atmel toolchain/avr8 gcc/native/3.4.1061/avr8-gnu-toolchain/bin/../lib/gcc/avr/4.8.1/../../../../avr/lib/avr5\libm.a(addsf3x.o) (__fp_split3)
c:/program files (x86)/atmel/atmel toolchain/avr8 gcc/native/3.4.1061/avr8-gnu-toolchain/bin/../lib/gcc/avr/4.8.1/../../../../avr/lib/avr5\libm.a(fp_zero.o)
                              c:/program files (x86)/atmel/atmel toolchain/avr8 gcc/native/3.4.1061/avr8-gnu-toolchain/bin/../lib/gcc/avr/4.8.1/../../../../avr/lib/avr5\libm.a(addsf3x.o) (__fp_zero)
c:/program files (x86)/atmel/atmel toolchain/avr8 gcc/native/3.4.1061/avr8-gnu-toolchain/bin/../lib/gcc/avr/4.8.1/../../../../avr/lib/avr5\libm.a(lrint.o)
                              G:\Ingeniously\I_P-A-S-V-t-tenCI_\Atmel\Librari\MyLibs\Sensors\Debug\libSensors.a(Sensors.o) (lrint)
c:/program files (x86)/atmel/atmel toolchain/avr8 gcc/native/3.4.1061/avr8-gnu-toolchain/bin/../lib/gcc/avr/4.8.1/../../../../avr/lib/avr5\libm.a(mulsf3.o)
                              G:\Ingeniously\I_P-A-S-V-t-tenCI_\Atmel\Librari\MyLibs\PWM_lib\Debug\libPWM_lib.a(PWM_lib.o) (__mulsf3)
c:/program files (x86)/atmel/atmel toolchain/avr8 gcc/native/3.4.1061/avr8-gnu-toolchain/bin/../lib/gcc/avr/4.8.1/../../../../avr/lib/avr5\libm.a(mulsf3x.o)
                              c:/program files (x86)/atmel/atmel toolchain/avr8 gcc/native/3.4.1061/avr8-gnu-toolchain/bin/../lib/gcc/avr/4.8.1/../../../../avr/lib/avr5\libm.a(mulsf3.o) (__mulsf3x)
c:/program files (x86)/atmel/atmel toolchain/avr8 gcc/native/3.4.1061/avr8-gnu-toolchain/bin/../lib/gcc/avr/4.8.1/avr5\libgcc.a(_divmodsi4.o)
                              G:\Ingeniously\I_P-A-S-V-t-tenCI_\Atmel\Librari\MyLibs\Sensors\Debug\libSensors.a(Sensors.o) (__divmodsi4)
c:/program files (x86)/atmel/atmel toolchain/avr8 gcc/native/3.4.1061/avr8-gnu-toolchain/bin/../lib/gcc/avr/4.8.1/avr5\libgcc.a(_negsi2.o)
                              c:/program files (x86)/atmel/atmel toolchain/avr8 gcc/native/3.4.1061/avr8-gnu-toolchain/bin/../lib/gcc/avr/4.8.1/avr5\libgcc.a(_divmodsi4.o) (__negsi2)
c:/program files (x86)/atmel/atmel toolchain/avr8 gcc/native/3.4.1061/avr8-gnu-toolchain/bin/../lib/gcc/avr/4.8.1/avr5\libgcc.a(_exit.o)
                              c:/program files (x86)/atmel/atmel toolchain/avr8 gcc/native/3.4.1061/avr8-gnu-toolchain/bin/../lib/gcc/avr/4.8.1/../../../../avr/lib/avr5/crtm324pa.o (exit)
c:/program files (x86)/atmel/atmel toolchain/avr8 gcc/native/3.4.1061/avr8-gnu-toolchain/bin/../lib/gcc/avr/4.8.1/avr5\libgcc.a(_copy_data.o)
                              Test2_atmega324PA.o (__do_copy_data)
c:/program files (x86)/atmel/atmel toolchain/avr8 gcc/native/3.4.1061/avr8-gnu-toolchain/bin/../lib/gcc/avr/4.8.1/avr5\libgcc.a(_clear_bss.o)
                              Test2_atmega324PA.o (__do_clear_bss)
c:/program files (x86)/atmel/atmel toolchain/avr8 gcc/native/3.4.1061/avr8-gnu-toolchain/bin/../lib/gcc/avr/4.8.1/avr5\libgcc.a(_umulhisi3.o)
                              G:\Ingeniously\I_P-A-S-V-t-tenCI_\Atmel\Librari\MyLibs\Sensors\Debug\libSensors.a(Sensors.o) (__umulhisi3)
c:/program files (x86)/atmel/atmel toolchain/avr8 gcc/native/3.4.1061/avr8-gnu-toolchain/bin/../lib/gcc/avr/4.8.1/avr5\libgcc.a(_udivmodsi4.o)
                              c:/program files (x86)/atmel/atmel toolchain/avr8 gcc/native/3.4.1061/avr8-gnu-toolchain/bin/../lib/gcc/avr/4.8.1/avr5\libgcc.a(_divmodsi4.o) (__udivmodsi4)

Allocating common symbols
Common symbol       size              file

UltraSonicValues    0x28              G:\Ingeniously\I_P-A-S-V-t-tenCI_\Atmel\Librari\MyLibs\Sensors\Debug\libSensors.a(Sensors.o)
rxBuffer            0x100             G:\Ingeniously\I_P-A-S-V-t-tenCI_\Atmel\Librari\MyLibs\Communication\Debug\libCommunication.a(Communication.o)
txBuffer            0x100             G:\Ingeniously\I_P-A-S-V-t-tenCI_\Atmel\Librari\MyLibs\Communication\Debug\libCommunication.a(Communication.o)
ultrasonicDataPack  0x4               G:\Ingeniously\I_P-A-S-V-t-tenCI_\Atmel\Librari\MyLibs\Sensors\Debug\libSensors.a(Sensors.o)
dis                 0xc               G:\Ingeniously\I_P-A-S-V-t-tenCI_\Atmel\Librari\MyLibs\Sensors\Debug\libSensors.a(Sensors.o)

Discarded input sections

 .data          0x00000000        0x0 c:/program files (x86)/atmel/atmel toolchain/avr8 gcc/native/3.4.1061/avr8-gnu-toolchain/bin/../lib/gcc/avr/4.8.1/../../../../avr/lib/avr5/crtm324pa.o
 .bss           0x00000000        0x0 c:/program files (x86)/atmel/atmel toolchain/avr8 gcc/native/3.4.1061/avr8-gnu-toolchain/bin/../lib/gcc/avr/4.8.1/../../../../avr/lib/avr5/crtm324pa.o
 .text          0x00000000        0x0 Test2_atmega324PA.o
 .data          0x00000000        0x0 Test2_atmega324PA.o
 .bss           0x00000000        0x0 Test2_atmega324PA.o
 .data.enableLeft
                0x00000000        0x2 Test2_atmega324PA.o
 .data.enableRight
                0x00000000        0x2 Test2_atmega324PA.o
 .bss.read      0x00000000        0x2 Test2_atmega324PA.o
 .text          0x00000000        0x0 c:/program files (x86)/atmel/atmel toolchain/avr8 gcc/native/3.4.1061/avr8-gnu-toolchain/bin/../lib/gcc/avr/4.8.1/../../../../avr/lib/avr5\libm.a(cmpsf2.o)
 .data          0x00000000        0x0 c:/program files (x86)/atmel/atmel toolchain/avr8 gcc/native/3.4.1061/avr8-gnu-toolchain/bin/../lib/gcc/avr/4.8.1/../../../../avr/lib/avr5\libm.a(cmpsf2.o)
 .bss           0x00000000        0x0 c:/program files (x86)/atmel/atmel toolchain/avr8 gcc/native/3.4.1061/avr8-gnu-toolchain/bin/../lib/gcc/avr/4.8.1/../../../../avr/lib/avr5\libm.a(cmpsf2.o)
 .text          0x00000000        0x0 c:/program files (x86)/atmel/atmel toolchain/avr8 gcc/native/3.4.1061/avr8-gnu-toolchain/bin/../lib/gcc/avr/4.8.1/../../../../avr/lib/avr5\libm.a(fp_cmp.o)
 .data          0x00000000        0x0 c:/program files (x86)/atmel/atmel toolchain/avr8 gcc/native/3.4.1061/avr8-gnu-toolchain/bin/../lib/gcc/avr/4.8.1/../../../../avr/lib/avr5\libm.a(fp_cmp.o)
 .bss           0x00000000        0x0 c:/program files (x86)/atmel/atmel toolchain/avr8 gcc/native/3.4.1061/avr8-gnu-toolchain/bin/../lib/gcc/avr/4.8.1/../../../../avr/lib/avr5\libm.a(fp_cmp.o)
 .text          0x00000000        0x0 c:/program files (x86)/atmel/atmel toolchain/avr8 gcc/native/3.4.1061/avr8-gnu-toolchain/bin/../lib/gcc/avr/4.8.1/../../../../avr/lib/avr5\libm.a(gesf2.o)
 .data          0x00000000        0x0 c:/program files (x86)/atmel/atmel toolchain/avr8 gcc/native/3.4.1061/avr8-gnu-toolchain/bin/../lib/gcc/avr/4.8.1/../../../../avr/lib/avr5\libm.a(gesf2.o)
 .bss           0x00000000        0x0 c:/program files (x86)/atmel/atmel toolchain/avr8 gcc/native/3.4.1061/avr8-gnu-toolchain/bin/../lib/gcc/avr/4.8.1/../../../../avr/lib/avr5\libm.a(gesf2.o)
 .text          0x00000000        0x0 G:\Ingeniously\I_P-A-S-V-t-tenCI_\Atmel\Librari\MyLibs\PWM_lib\Debug\libPWM_lib.a(PWM_lib.o)
 .data          0x00000000        0x0 G:\Ingeniously\I_P-A-S-V-t-tenCI_\Atmel\Librari\MyLibs\PWM_lib\Debug\libPWM_lib.a(PWM_lib.o)
 .bss           0x00000000        0x0 G:\Ingeniously\I_P-A-S-V-t-tenCI_\Atmel\Librari\MyLibs\PWM_lib\Debug\libPWM_lib.a(PWM_lib.o)
 .text.turnRight
                0x00000000        0xa G:\Ingeniously\I_P-A-S-V-t-tenCI_\Atmel\Librari\MyLibs\PWM_lib\Debug\libPWM_lib.a(PWM_lib.o)
 .text.breakLeft
                0x00000000        0x6 G:\Ingeniously\I_P-A-S-V-t-tenCI_\Atmel\Librari\MyLibs\PWM_lib\Debug\libPWM_lib.a(PWM_lib.o)
 .text.breakRight
                0x00000000        0xa G:\Ingeniously\I_P-A-S-V-t-tenCI_\Atmel\Librari\MyLibs\PWM_lib\Debug\libPWM_lib.a(PWM_lib.o)
 .text          0x00000000        0x0 G:\Ingeniously\I_P-A-S-V-t-tenCI_\Atmel\Librari\MyLibs\Sensors\Debug\libSensors.a(Sensors.o)
 .data          0x00000000        0x0 G:\Ingeniously\I_P-A-S-V-t-tenCI_\Atmel\Librari\MyLibs\Sensors\Debug\libSensors.a(Sensors.o)
 .bss           0x00000000        0x0 G:\Ingeniously\I_P-A-S-V-t-tenCI_\Atmel\Librari\MyLibs\Sensors\Debug\libSensors.a(Sensors.o)
 .text.getLastUltrasonicValue
                0x00000000       0x1c G:\Ingeniously\I_P-A-S-V-t-tenCI_\Atmel\Librari\MyLibs\Sensors\Debug\libSensors.a(Sensors.o)
 .text.setUltrasonicManualMeasure
                0x00000000       0x16 G:\Ingeniously\I_P-A-S-V-t-tenCI_\Atmel\Librari\MyLibs\Sensors\Debug\libSensors.a(Sensors.o)
 .text.startUltrasonicMeasure
                0x00000000        0xa G:\Ingeniously\I_P-A-S-V-t-tenCI_\Atmel\Librari\MyLibs\Sensors\Debug\libSensors.a(Sensors.o)
 .text          0x00000000        0x0 G:\Ingeniously\I_P-A-S-V-t-tenCI_\Atmel\Librari\MyLibs\Communication\Debug\libCommunication.a(Communication.o)
 .data          0x00000000        0x0 G:\Ingeniously\I_P-A-S-V-t-tenCI_\Atmel\Librari\MyLibs\Communication\Debug\libCommunication.a(Communication.o)
 .bss           0x00000000        0x0 G:\Ingeniously\I_P-A-S-V-t-tenCI_\Atmel\Librari\MyLibs\Communication\Debug\libCommunication.a(Communication.o)
 .text.sendResponse
                0x00000000       0x48 G:\Ingeniously\I_P-A-S-V-t-tenCI_\Atmel\Librari\MyLibs\Communication\Debug\libCommunication.a(Communication.o)
 .bss.txWritePos
                0x00000000        0x1 G:\Ingeniously\I_P-A-S-V-t-tenCI_\Atmel\Librari\MyLibs\Communication\Debug\libCommunication.a(Communication.o)
 .bss.rxReadPos
                0x00000000        0x1 G:\Ingeniously\I_P-A-S-V-t-tenCI_\Atmel\Librari\MyLibs\Communication\Debug\libCommunication.a(Communication.o)
 .text          0x00000000        0x0 c:/program files (x86)/atmel/atmel toolchain/avr8 gcc/native/3.4.1061/avr8-gnu-toolchain/bin/../lib/gcc/avr/4.8.1/../../../../avr/lib/avr5\libm.a(addsf3.o)
 .data          0x00000000        0x0 c:/program files (x86)/atmel/atmel toolchain/avr8 gcc/native/3.4.1061/avr8-gnu-toolchain/bin/../lib/gcc/avr/4.8.1/../../../../avr/lib/avr5\libm.a(addsf3.o)
 .bss           0x00000000        0x0 c:/program files (x86)/atmel/atmel toolchain/avr8 gcc/native/3.4.1061/avr8-gnu-toolchain/bin/../lib/gcc/avr/4.8.1/../../../../avr/lib/avr5\libm.a(addsf3.o)
 .text          0x00000000        0x0 c:/program files (x86)/atmel/atmel toolchain/avr8 gcc/native/3.4.1061/avr8-gnu-toolchain/bin/../lib/gcc/avr/4.8.1/../../../../avr/lib/avr5\libm.a(addsf3x.o)
 .data          0x00000000        0x0 c:/program files (x86)/atmel/atmel toolchain/avr8 gcc/native/3.4.1061/avr8-gnu-toolchain/bin/../lib/gcc/avr/4.8.1/../../../../avr/lib/avr5\libm.a(addsf3x.o)
 .bss           0x00000000        0x0 c:/program files (x86)/atmel/atmel toolchain/avr8 gcc/native/3.4.1061/avr8-gnu-toolchain/bin/../lib/gcc/avr/4.8.1/../../../../avr/lib/avr5\libm.a(addsf3x.o)
 .text          0x00000000        0x0 c:/program files (x86)/atmel/atmel toolchain/avr8 gcc/native/3.4.1061/avr8-gnu-toolchain/bin/../lib/gcc/avr/4.8.1/../../../../avr/lib/avr5\libm.a(divsf3.o)
 .data          0x00000000        0x0 c:/program files (x86)/atmel/atmel toolchain/avr8 gcc/native/3.4.1061/avr8-gnu-toolchain/bin/../lib/gcc/avr/4.8.1/../../../../avr/lib/avr5\libm.a(divsf3.o)
 .bss           0x00000000        0x0 c:/program files (x86)/atmel/atmel toolchain/avr8 gcc/native/3.4.1061/avr8-gnu-toolchain/bin/../lib/gcc/avr/4.8.1/../../../../avr/lib/avr5\libm.a(divsf3.o)
 .text          0x00000000        0x0 c:/program files (x86)/atmel/atmel toolchain/avr8 gcc/native/3.4.1061/avr8-gnu-toolchain/bin/../lib/gcc/avr/4.8.1/../../../../avr/lib/avr5\libm.a(divsf3x.o)
 .data          0x00000000        0x0 c:/program files (x86)/atmel/atmel toolchain/avr8 gcc/native/3.4.1061/avr8-gnu-toolchain/bin/../lib/gcc/avr/4.8.1/../../../../avr/lib/avr5\libm.a(divsf3x.o)
 .bss           0x00000000        0x0 c:/program files (x86)/atmel/atmel toolchain/avr8 gcc/native/3.4.1061/avr8-gnu-toolchain/bin/../lib/gcc/avr/4.8.1/../../../../avr/lib/avr5\libm.a(divsf3x.o)
 .text          0x00000000        0x0 c:/program files (x86)/atmel/atmel toolchain/avr8 gcc/native/3.4.1061/avr8-gnu-toolchain/bin/../lib/gcc/avr/4.8.1/../../../../avr/lib/avr5\libm.a(fixunssfsi.o)
 .data          0x00000000        0x0 c:/program files (x86)/atmel/atmel toolchain/avr8 gcc/native/3.4.1061/avr8-gnu-toolchain/bin/../lib/gcc/avr/4.8.1/../../../../avr/lib/avr5\libm.a(fixunssfsi.o)
 .bss           0x00000000        0x0 c:/program files (x86)/atmel/atmel toolchain/avr8 gcc/native/3.4.1061/avr8-gnu-toolchain/bin/../lib/gcc/avr/4.8.1/../../../../avr/lib/avr5\libm.a(fixunssfsi.o)
 .text          0x00000000        0x0 c:/program files (x86)/atmel/atmel toolchain/avr8 gcc/native/3.4.1061/avr8-gnu-toolchain/bin/../lib/gcc/avr/4.8.1/../../../../avr/lib/avr5\libm.a(floatsisf.o)
 .data          0x00000000        0x0 c:/program files (x86)/atmel/atmel toolchain/avr8 gcc/native/3.4.1061/avr8-gnu-toolchain/bin/../lib/gcc/avr/4.8.1/../../../../avr/lib/avr5\libm.a(floatsisf.o)
 .bss           0x00000000        0x0 c:/program files (x86)/atmel/atmel toolchain/avr8 gcc/native/3.4.1061/avr8-gnu-toolchain/bin/../lib/gcc/avr/4.8.1/../../../../avr/lib/avr5\libm.a(floatsisf.o)
 .text          0x00000000        0x0 c:/program files (x86)/atmel/atmel toolchain/avr8 gcc/native/3.4.1061/avr8-gnu-toolchain/bin/../lib/gcc/avr/4.8.1/../../../../avr/lib/avr5\libm.a(fp_inf.o)
 .data          0x00000000        0x0 c:/program files (x86)/atmel/atmel toolchain/avr8 gcc/native/3.4.1061/avr8-gnu-toolchain/bin/../lib/gcc/avr/4.8.1/../../../../avr/lib/avr5\libm.a(fp_inf.o)
 .bss           0x00000000        0x0 c:/program files (x86)/atmel/atmel toolchain/avr8 gcc/native/3.4.1061/avr8-gnu-toolchain/bin/../lib/gcc/avr/4.8.1/../../../../avr/lib/avr5\libm.a(fp_inf.o)
 .text          0x00000000        0x0 c:/program files (x86)/atmel/atmel toolchain/avr8 gcc/native/3.4.1061/avr8-gnu-toolchain/bin/../lib/gcc/avr/4.8.1/../../../../avr/lib/avr5\libm.a(fp_nan.o)
 .data          0x00000000        0x0 c:/program files (x86)/atmel/atmel toolchain/avr8 gcc/native/3.4.1061/avr8-gnu-toolchain/bin/../lib/gcc/avr/4.8.1/../../../../avr/lib/avr5\libm.a(fp_nan.o)
 .bss           0x00000000        0x0 c:/program files (x86)/atmel/atmel toolchain/avr8 gcc/native/3.4.1061/avr8-gnu-toolchain/bin/../lib/gcc/avr/4.8.1/../../../../avr/lib/avr5\libm.a(fp_nan.o)
 .text          0x00000000        0x0 c:/program files (x86)/atmel/atmel toolchain/avr8 gcc/native/3.4.1061/avr8-gnu-toolchain/bin/../lib/gcc/avr/4.8.1/../../../../avr/lib/avr5\libm.a(fp_pscA.o)
 .data          0x00000000        0x0 c:/program files (x86)/atmel/atmel toolchain/avr8 gcc/native/3.4.1061/avr8-gnu-toolchain/bin/../lib/gcc/avr/4.8.1/../../../../avr/lib/avr5\libm.a(fp_pscA.o)
 .bss           0x00000000        0x0 c:/program files (x86)/atmel/atmel toolchain/avr8 gcc/native/3.4.1061/avr8-gnu-toolchain/bin/../lib/gcc/avr/4.8.1/../../../../avr/lib/avr5\libm.a(fp_pscA.o)
 .text          0x00000000        0x0 c:/program files (x86)/atmel/atmel toolchain/avr8 gcc/native/3.4.1061/avr8-gnu-toolchain/bin/../lib/gcc/avr/4.8.1/../../../../avr/lib/avr5\libm.a(fp_pscB.o)
 .data          0x00000000        0x0 c:/program files (x86)/atmel/atmel toolchain/avr8 gcc/native/3.4.1061/avr8-gnu-toolchain/bin/../lib/gcc/avr/4.8.1/../../../../avr/lib/avr5\libm.a(fp_pscB.o)
 .bss           0x00000000        0x0 c:/program files (x86)/atmel/atmel toolchain/avr8 gcc/native/3.4.1061/avr8-gnu-toolchain/bin/../lib/gcc/avr/4.8.1/../../../../avr/lib/avr5\libm.a(fp_pscB.o)
 .text          0x00000000        0x0 c:/program files (x86)/atmel/atmel toolchain/avr8 gcc/native/3.4.1061/avr8-gnu-toolchain/bin/../lib/gcc/avr/4.8.1/../../../../avr/lib/avr5\libm.a(fp_round.o)
 .data          0x00000000        0x0 c:/program files (x86)/atmel/atmel toolchain/avr8 gcc/native/3.4.1061/avr8-gnu-toolchain/bin/../lib/gcc/avr/4.8.1/../../../../avr/lib/avr5\libm.a(fp_round.o)
 .bss           0x00000000        0x0 c:/program files (x86)/atmel/atmel toolchain/avr8 gcc/native/3.4.1061/avr8-gnu-toolchain/bin/../lib/gcc/avr/4.8.1/../../../../avr/lib/avr5\libm.a(fp_round.o)
 .text          0x00000000        0x0 c:/program files (x86)/atmel/atmel toolchain/avr8 gcc/native/3.4.1061/avr8-gnu-toolchain/bin/../lib/gcc/avr/4.8.1/../../../../avr/lib/avr5\libm.a(fp_split3.o)
 .data          0x00000000        0x0 c:/program files (x86)/atmel/atmel toolchain/avr8 gcc/native/3.4.1061/avr8-gnu-toolchain/bin/../lib/gcc/avr/4.8.1/../../../../avr/lib/avr5\libm.a(fp_split3.o)
 .bss           0x00000000        0x0 c:/program files (x86)/atmel/atmel toolchain/avr8 gcc/native/3.4.1061/avr8-gnu-toolchain/bin/../lib/gcc/avr/4.8.1/../../../../avr/lib/avr5\libm.a(fp_split3.o)
 .text          0x00000000        0x0 c:/program files (x86)/atmel/atmel toolchain/avr8 gcc/native/3.4.1061/avr8-gnu-toolchain/bin/../lib/gcc/avr/4.8.1/../../../../avr/lib/avr5\libm.a(fp_zero.o)
 .data          0x00000000        0x0 c:/program files (x86)/atmel/atmel toolchain/avr8 gcc/native/3.4.1061/avr8-gnu-toolchain/bin/../lib/gcc/avr/4.8.1/../../../../avr/lib/avr5\libm.a(fp_zero.o)
 .bss           0x00000000        0x0 c:/program files (x86)/atmel/atmel toolchain/avr8 gcc/native/3.4.1061/avr8-gnu-toolchain/bin/../lib/gcc/avr/4.8.1/../../../../avr/lib/avr5\libm.a(fp_zero.o)
 .text          0x00000000        0x0 c:/program files (x86)/atmel/atmel toolchain/avr8 gcc/native/3.4.1061/avr8-gnu-toolchain/bin/../lib/gcc/avr/4.8.1/../../../../avr/lib/avr5\libm.a(lrint.o)
 .data          0x00000000        0x0 c:/program files (x86)/atmel/atmel toolchain/avr8 gcc/native/3.4.1061/avr8-gnu-toolchain/bin/../lib/gcc/avr/4.8.1/../../../../avr/lib/avr5\libm.a(lrint.o)
 .bss           0x00000000        0x0 c:/program files (x86)/atmel/atmel toolchain/avr8 gcc/native/3.4.1061/avr8-gnu-toolchain/bin/../lib/gcc/avr/4.8.1/../../../../avr/lib/avr5\libm.a(lrint.o)
 .text          0x00000000        0x0 c:/program files (x86)/atmel/atmel toolchain/avr8 gcc/native/3.4.1061/avr8-gnu-toolchain/bin/../lib/gcc/avr/4.8.1/../../../../avr/lib/avr5\libm.a(mulsf3.o)
 .data          0x00000000        0x0 c:/program files (x86)/atmel/atmel toolchain/avr8 gcc/native/3.4.1061/avr8-gnu-toolchain/bin/../lib/gcc/avr/4.8.1/../../../../avr/lib/avr5\libm.a(mulsf3.o)
 .bss           0x00000000        0x0 c:/program files (x86)/atmel/atmel toolchain/avr8 gcc/native/3.4.1061/avr8-gnu-toolchain/bin/../lib/gcc/avr/4.8.1/../../../../avr/lib/avr5\libm.a(mulsf3.o)
 .text          0x00000000        0x0 c:/program files (x86)/atmel/atmel toolchain/avr8 gcc/native/3.4.1061/avr8-gnu-toolchain/bin/../lib/gcc/avr/4.8.1/../../../../avr/lib/avr5\libm.a(mulsf3x.o)
 .data          0x00000000        0x0 c:/program files (x86)/atmel/atmel toolchain/avr8 gcc/native/3.4.1061/avr8-gnu-toolchain/bin/../lib/gcc/avr/4.8.1/../../../../avr/lib/avr5\libm.a(mulsf3x.o)
 .bss           0x00000000        0x0 c:/program files (x86)/atmel/atmel toolchain/avr8 gcc/native/3.4.1061/avr8-gnu-toolchain/bin/../lib/gcc/avr/4.8.1/../../../../avr/lib/avr5\libm.a(mulsf3x.o)
 .text          0x00000000        0x0 c:/program files (x86)/atmel/atmel toolchain/avr8 gcc/native/3.4.1061/avr8-gnu-toolchain/bin/../lib/gcc/avr/4.8.1/avr5\libgcc.a(_divmodsi4.o)
 .data          0x00000000        0x0 c:/program files (x86)/atmel/atmel toolchain/avr8 gcc/native/3.4.1061/avr8-gnu-toolchain/bin/../lib/gcc/avr/4.8.1/avr5\libgcc.a(_divmodsi4.o)
 .bss           0x00000000        0x0 c:/program files (x86)/atmel/atmel toolchain/avr8 gcc/native/3.4.1061/avr8-gnu-toolchain/bin/../lib/gcc/avr/4.8.1/avr5\libgcc.a(_divmodsi4.o)
 .text.libgcc.mul
                0x00000000        0x0 c:/program files (x86)/atmel/atmel toolchain/avr8 gcc/native/3.4.1061/avr8-gnu-toolchain/bin/../lib/gcc/avr/4.8.1/avr5\libgcc.a(_divmodsi4.o)
 .text.libgcc   0x00000000        0x0 c:/program files (x86)/atmel/atmel toolchain/avr8 gcc/native/3.4.1061/avr8-gnu-toolchain/bin/../lib/gcc/avr/4.8.1/avr5\libgcc.a(_divmodsi4.o)
 .text.libgcc.prologue
                0x00000000        0x0 c:/program files (x86)/atmel/atmel toolchain/avr8 gcc/native/3.4.1061/avr8-gnu-toolchain/bin/../lib/gcc/avr/4.8.1/avr5\libgcc.a(_divmodsi4.o)
 .text.libgcc.builtins
                0x00000000        0x0 c:/program files (x86)/atmel/atmel toolchain/avr8 gcc/native/3.4.1061/avr8-gnu-toolchain/bin/../lib/gcc/avr/4.8.1/avr5\libgcc.a(_divmodsi4.o)
 .text.libgcc.fmul
                0x00000000        0x0 c:/program files (x86)/atmel/atmel toolchain/avr8 gcc/native/3.4.1061/avr8-gnu-toolchain/bin/../lib/gcc/avr/4.8.1/avr5\libgcc.a(_divmodsi4.o)
 .text.libgcc.fixed
                0x00000000        0x0 c:/program files (x86)/atmel/atmel toolchain/avr8 gcc/native/3.4.1061/avr8-gnu-toolchain/bin/../lib/gcc/avr/4.8.1/avr5\libgcc.a(_divmodsi4.o)
 .text          0x00000000        0x0 c:/program files (x86)/atmel/atmel toolchain/avr8 gcc/native/3.4.1061/avr8-gnu-toolchain/bin/../lib/gcc/avr/4.8.1/avr5\libgcc.a(_negsi2.o)
 .data          0x00000000        0x0 c:/program files (x86)/atmel/atmel toolchain/avr8 gcc/native/3.4.1061/avr8-gnu-toolchain/bin/../lib/gcc/avr/4.8.1/avr5\libgcc.a(_negsi2.o)
 .bss           0x00000000        0x0 c:/program files (x86)/atmel/atmel toolchain/avr8 gcc/native/3.4.1061/avr8-gnu-toolchain/bin/../lib/gcc/avr/4.8.1/avr5\libgcc.a(_negsi2.o)
 .text.libgcc.mul
                0x00000000        0x0 c:/program files (x86)/atmel/atmel toolchain/avr8 gcc/native/3.4.1061/avr8-gnu-toolchain/bin/../lib/gcc/avr/4.8.1/avr5\libgcc.a(_negsi2.o)
 .text.libgcc   0x00000000        0x0 c:/program files (x86)/atmel/atmel toolchain/avr8 gcc/native/3.4.1061/avr8-gnu-toolchain/bin/../lib/gcc/avr/4.8.1/avr5\libgcc.a(_negsi2.o)
 .text.libgcc.prologue
                0x00000000        0x0 c:/program files (x86)/atmel/atmel toolchain/avr8 gcc/native/3.4.1061/avr8-gnu-toolchain/bin/../lib/gcc/avr/4.8.1/avr5\libgcc.a(_negsi2.o)
 .text.libgcc.builtins
                0x00000000        0x0 c:/program files (x86)/atmel/atmel toolchain/avr8 gcc/native/3.4.1061/avr8-gnu-toolchain/bin/../lib/gcc/avr/4.8.1/avr5\libgcc.a(_negsi2.o)
 .text.libgcc.fmul
                0x00000000        0x0 c:/program files (x86)/atmel/atmel toolchain/avr8 gcc/native/3.4.1061/avr8-gnu-toolchain/bin/../lib/gcc/avr/4.8.1/avr5\libgcc.a(_negsi2.o)
 .text.libgcc.fixed
                0x00000000        0x0 c:/program files (x86)/atmel/atmel toolchain/avr8 gcc/native/3.4.1061/avr8-gnu-toolchain/bin/../lib/gcc/avr/4.8.1/avr5\libgcc.a(_negsi2.o)
 .text          0x00000000        0x0 c:/program files (x86)/atmel/atmel toolchain/avr8 gcc/native/3.4.1061/avr8-gnu-toolchain/bin/../lib/gcc/avr/4.8.1/avr5\libgcc.a(_exit.o)
 .data          0x00000000        0x0 c:/program files (x86)/atmel/atmel toolchain/avr8 gcc/native/3.4.1061/avr8-gnu-toolchain/bin/../lib/gcc/avr/4.8.1/avr5\libgcc.a(_exit.o)
 .bss           0x00000000        0x0 c:/program files (x86)/atmel/atmel toolchain/avr8 gcc/native/3.4.1061/avr8-gnu-toolchain/bin/../lib/gcc/avr/4.8.1/avr5\libgcc.a(_exit.o)
 .text.libgcc.mul
                0x00000000        0x0 c:/program files (x86)/atmel/atmel toolchain/avr8 gcc/native/3.4.1061/avr8-gnu-toolchain/bin/../lib/gcc/avr/4.8.1/avr5\libgcc.a(_exit.o)
 .text.libgcc.div
                0x00000000        0x0 c:/program files (x86)/atmel/atmel toolchain/avr8 gcc/native/3.4.1061/avr8-gnu-toolchain/bin/../lib/gcc/avr/4.8.1/avr5\libgcc.a(_exit.o)
 .text.libgcc   0x00000000        0x0 c:/program files (x86)/atmel/atmel toolchain/avr8 gcc/native/3.4.1061/avr8-gnu-toolchain/bin/../lib/gcc/avr/4.8.1/avr5\libgcc.a(_exit.o)
 .text.libgcc.prologue
                0x00000000        0x0 c:/program files (x86)/atmel/atmel toolchain/avr8 gcc/native/3.4.1061/avr8-gnu-toolchain/bin/../lib/gcc/avr/4.8.1/avr5\libgcc.a(_exit.o)
 .text.libgcc.builtins
                0x00000000        0x0 c:/program files (x86)/atmel/atmel toolchain/avr8 gcc/native/3.4.1061/avr8-gnu-toolchain/bin/../lib/gcc/avr/4.8.1/avr5\libgcc.a(_exit.o)
 .text.libgcc.fmul
                0x00000000        0x0 c:/program files (x86)/atmel/atmel toolchain/avr8 gcc/native/3.4.1061/avr8-gnu-toolchain/bin/../lib/gcc/avr/4.8.1/avr5\libgcc.a(_exit.o)
 .text.libgcc.fixed
                0x00000000        0x0 c:/program files (x86)/atmel/atmel toolchain/avr8 gcc/native/3.4.1061/avr8-gnu-toolchain/bin/../lib/gcc/avr/4.8.1/avr5\libgcc.a(_exit.o)
 .text          0x00000000        0x0 c:/program files (x86)/atmel/atmel toolchain/avr8 gcc/native/3.4.1061/avr8-gnu-toolchain/bin/../lib/gcc/avr/4.8.1/avr5\libgcc.a(_copy_data.o)
 .data          0x00000000        0x0 c:/program files (x86)/atmel/atmel toolchain/avr8 gcc/native/3.4.1061/avr8-gnu-toolchain/bin/../lib/gcc/avr/4.8.1/avr5\libgcc.a(_copy_data.o)
 .bss           0x00000000        0x0 c:/program files (x86)/atmel/atmel toolchain/avr8 gcc/native/3.4.1061/avr8-gnu-toolchain/bin/../lib/gcc/avr/4.8.1/avr5\libgcc.a(_copy_data.o)
 .text.libgcc.mul
                0x00000000        0x0 c:/program files (x86)/atmel/atmel toolchain/avr8 gcc/native/3.4.1061/avr8-gnu-toolchain/bin/../lib/gcc/avr/4.8.1/avr5\libgcc.a(_copy_data.o)
 .text.libgcc.div
                0x00000000        0x0 c:/program files (x86)/atmel/atmel toolchain/avr8 gcc/native/3.4.1061/avr8-gnu-toolchain/bin/../lib/gcc/avr/4.8.1/avr5\libgcc.a(_copy_data.o)
 .text.libgcc   0x00000000        0x0 c:/program files (x86)/atmel/atmel toolchain/avr8 gcc/native/3.4.1061/avr8-gnu-toolchain/bin/../lib/gcc/avr/4.8.1/avr5\libgcc.a(_copy_data.o)
 .text.libgcc.prologue
                0x00000000        0x0 c:/program files (x86)/atmel/atmel toolchain/avr8 gcc/native/3.4.1061/avr8-gnu-toolchain/bin/../lib/gcc/avr/4.8.1/avr5\libgcc.a(_copy_data.o)
 .text.libgcc.builtins
                0x00000000        0x0 c:/program files (x86)/atmel/atmel toolchain/avr8 gcc/native/3.4.1061/avr8-gnu-toolchain/bin/../lib/gcc/avr/4.8.1/avr5\libgcc.a(_copy_data.o)
 .text.libgcc.fmul
                0x00000000        0x0 c:/program files (x86)/atmel/atmel toolchain/avr8 gcc/native/3.4.1061/avr8-gnu-toolchain/bin/../lib/gcc/avr/4.8.1/avr5\libgcc.a(_copy_data.o)
 .text.libgcc.fixed
                0x00000000        0x0 c:/program files (x86)/atmel/atmel toolchain/avr8 gcc/native/3.4.1061/avr8-gnu-toolchain/bin/../lib/gcc/avr/4.8.1/avr5\libgcc.a(_copy_data.o)
 .text          0x00000000        0x0 c:/program files (x86)/atmel/atmel toolchain/avr8 gcc/native/3.4.1061/avr8-gnu-toolchain/bin/../lib/gcc/avr/4.8.1/avr5\libgcc.a(_clear_bss.o)
 .data          0x00000000        0x0 c:/program files (x86)/atmel/atmel toolchain/avr8 gcc/native/3.4.1061/avr8-gnu-toolchain/bin/../lib/gcc/avr/4.8.1/avr5\libgcc.a(_clear_bss.o)
 .bss           0x00000000        0x0 c:/program files (x86)/atmel/atmel toolchain/avr8 gcc/native/3.4.1061/avr8-gnu-toolchain/bin/../lib/gcc/avr/4.8.1/avr5\libgcc.a(_clear_bss.o)
 .text.libgcc.mul
                0x00000000        0x0 c:/program files (x86)/atmel/atmel toolchain/avr8 gcc/native/3.4.1061/avr8-gnu-toolchain/bin/../lib/gcc/avr/4.8.1/avr5\libgcc.a(_clear_bss.o)
 .text.libgcc.div
                0x00000000        0x0 c:/program files (x86)/atmel/atmel toolchain/avr8 gcc/native/3.4.1061/avr8-gnu-toolchain/bin/../lib/gcc/avr/4.8.1/avr5\libgcc.a(_clear_bss.o)
 .text.libgcc   0x00000000        0x0 c:/program files (x86)/atmel/atmel toolchain/avr8 gcc/native/3.4.1061/avr8-gnu-toolchain/bin/../lib/gcc/avr/4.8.1/avr5\libgcc.a(_clear_bss.o)
 .text.libgcc.prologue
                0x00000000        0x0 c:/program files (x86)/atmel/atmel toolchain/avr8 gcc/native/3.4.1061/avr8-gnu-toolchain/bin/../lib/gcc/avr/4.8.1/avr5\libgcc.a(_clear_bss.o)
 .text.libgcc.builtins
                0x00000000        0x0 c:/program files (x86)/atmel/atmel toolchain/avr8 gcc/native/3.4.1061/avr8-gnu-toolchain/bin/../lib/gcc/avr/4.8.1/avr5\libgcc.a(_clear_bss.o)
 .text.libgcc.fmul
                0x00000000        0x0 c:/program files (x86)/atmel/atmel toolchain/avr8 gcc/native/3.4.1061/avr8-gnu-toolchain/bin/../lib/gcc/avr/4.8.1/avr5\libgcc.a(_clear_bss.o)
 .text.libgcc.fixed
                0x00000000        0x0 c:/program files (x86)/atmel/atmel toolchain/avr8 gcc/native/3.4.1061/avr8-gnu-toolchain/bin/../lib/gcc/avr/4.8.1/avr5\libgcc.a(_clear_bss.o)
 .text          0x00000000        0x0 c:/program files (x86)/atmel/atmel toolchain/avr8 gcc/native/3.4.1061/avr8-gnu-toolchain/bin/../lib/gcc/avr/4.8.1/avr5\libgcc.a(_umulhisi3.o)
 .data          0x00000000        0x0 c:/program files (x86)/atmel/atmel toolchain/avr8 gcc/native/3.4.1061/avr8-gnu-toolchain/bin/../lib/gcc/avr/4.8.1/avr5\libgcc.a(_umulhisi3.o)
 .bss           0x00000000        0x0 c:/program files (x86)/atmel/atmel toolchain/avr8 gcc/native/3.4.1061/avr8-gnu-toolchain/bin/../lib/gcc/avr/4.8.1/avr5\libgcc.a(_umulhisi3.o)
 .text.libgcc.div
                0x00000000        0x0 c:/program files (x86)/atmel/atmel toolchain/avr8 gcc/native/3.4.1061/avr8-gnu-toolchain/bin/../lib/gcc/avr/4.8.1/avr5\libgcc.a(_umulhisi3.o)
 .text.libgcc   0x00000000        0x0 c:/program files (x86)/atmel/atmel toolchain/avr8 gcc/native/3.4.1061/avr8-gnu-toolchain/bin/../lib/gcc/avr/4.8.1/avr5\libgcc.a(_umulhisi3.o)
 .text.libgcc.prologue
                0x00000000        0x0 c:/program files (x86)/atmel/atmel toolchain/avr8 gcc/native/3.4.1061/avr8-gnu-toolchain/bin/../lib/gcc/avr/4.8.1/avr5\libgcc.a(_umulhisi3.o)
 .text.libgcc.builtins
                0x00000000        0x0 c:/program files (x86)/atmel/atmel toolchain/avr8 gcc/native/3.4.1061/avr8-gnu-toolchain/bin/../lib/gcc/avr/4.8.1/avr5\libgcc.a(_umulhisi3.o)
 .text.libgcc.fmul
                0x00000000        0x0 c:/program files (x86)/atmel/atmel toolchain/avr8 gcc/native/3.4.1061/avr8-gnu-toolchain/bin/../lib/gcc/avr/4.8.1/avr5\libgcc.a(_umulhisi3.o)
 .text.libgcc.fixed
                0x00000000        0x0 c:/program files (x86)/atmel/atmel toolchain/avr8 gcc/native/3.4.1061/avr8-gnu-toolchain/bin/../lib/gcc/avr/4.8.1/avr5\libgcc.a(_umulhisi3.o)
 .text          0x00000000        0x0 c:/program files (x86)/atmel/atmel toolchain/avr8 gcc/native/3.4.1061/avr8-gnu-toolchain/bin/../lib/gcc/avr/4.8.1/avr5\libgcc.a(_udivmodsi4.o)
 .data          0x00000000        0x0 c:/program files (x86)/atmel/atmel toolchain/avr8 gcc/native/3.4.1061/avr8-gnu-toolchain/bin/../lib/gcc/avr/4.8.1/avr5\libgcc.a(_udivmodsi4.o)
 .bss           0x00000000        0x0 c:/program files (x86)/atmel/atmel toolchain/avr8 gcc/native/3.4.1061/avr8-gnu-toolchain/bin/../lib/gcc/avr/4.8.1/avr5\libgcc.a(_udivmodsi4.o)
 .text.libgcc.mul
                0x00000000        0x0 c:/program files (x86)/atmel/atmel toolchain/avr8 gcc/native/3.4.1061/avr8-gnu-toolchain/bin/../lib/gcc/avr/4.8.1/avr5\libgcc.a(_udivmodsi4.o)
 .text.libgcc   0x00000000        0x0 c:/program files (x86)/atmel/atmel toolchain/avr8 gcc/native/3.4.1061/avr8-gnu-toolchain/bin/../lib/gcc/avr/4.8.1/avr5\libgcc.a(_udivmodsi4.o)
 .text.libgcc.prologue
                0x00000000        0x0 c:/program files (x86)/atmel/atmel toolchain/avr8 gcc/native/3.4.1061/avr8-gnu-toolchain/bin/../lib/gcc/avr/4.8.1/avr5\libgcc.a(_udivmodsi4.o)
 .text.libgcc.builtins
                0x00000000        0x0 c:/program files (x86)/atmel/atmel toolchain/avr8 gcc/native/3.4.1061/avr8-gnu-toolchain/bin/../lib/gcc/avr/4.8.1/avr5\libgcc.a(_udivmodsi4.o)
 .text.libgcc.fmul
                0x00000000        0x0 c:/program files (x86)/atmel/atmel toolchain/avr8 gcc/native/3.4.1061/avr8-gnu-toolchain/bin/../lib/gcc/avr/4.8.1/avr5\libgcc.a(_udivmodsi4.o)
 .text.libgcc.fixed
                0x00000000        0x0 c:/program files (x86)/atmel/atmel toolchain/avr8 gcc/native/3.4.1061/avr8-gnu-toolchain/bin/../lib/gcc/avr/4.8.1/avr5\libgcc.a(_udivmodsi4.o)

Memory Configuration

Name             Origin             Length             Attributes
text             0x00000000         0x00020000         xr
data             0x00800060         0x0000ffa0         rw !x
eeprom           0x00810000         0x00010000         rw !x
fuse             0x00820000         0x00000400         rw !x
lock             0x00830000         0x00000400         rw !x
signature        0x00840000         0x00000400         rw !x
user_signatures  0x00850000         0x00000400         rw !x
*default*        0x00000000         0xffffffff

Linker script and memory map

Address of section .data set to 0x800100
LOAD c:/program files (x86)/atmel/atmel toolchain/avr8 gcc/native/3.4.1061/avr8-gnu-toolchain/bin/../lib/gcc/avr/4.8.1/../../../../avr/lib/avr5/crtm324pa.o
LOAD Test2_atmega324PA.o
START GROUP
LOAD c:/program files (x86)/atmel/atmel toolchain/avr8 gcc/native/3.4.1061/avr8-gnu-toolchain/bin/../lib/gcc/avr/4.8.1/../../../../avr/lib/avr5\libm.a
LOAD G:\Ingeniously\I_P-A-S-V-t-tenCI_\Atmel\Librari\MyLibs\PWM_lib\Debug\libPWM_lib.a
LOAD G:\Ingeniously\I_P-A-S-V-t-tenCI_\Atmel\Librari\MyLibs\Sensors\Debug\libSensors.a
LOAD G:\Ingeniously\I_P-A-S-V-t-tenCI_\Atmel\Librari\MyLibs\Communication\Debug\libCommunication.a
END GROUP
START GROUP
LOAD c:/program files (x86)/atmel/atmel toolchain/avr8 gcc/native/3.4.1061/avr8-gnu-toolchain/bin/../lib/gcc/avr/4.8.1/avr5\libgcc.a
LOAD c:/program files (x86)/atmel/atmel toolchain/avr8 gcc/native/3.4.1061/avr8-gnu-toolchain/bin/../lib/gcc/avr/4.8.1/../../../../avr/lib/avr5\libm.a
LOAD c:/program files (x86)/atmel/atmel toolchain/avr8 gcc/native/3.4.1061/avr8-gnu-toolchain/bin/../lib/gcc/avr/4.8.1/../../../../avr/lib/avr5\libc.a
END GROUP

.hash
 *(.hash)

.dynsym
 *(.dynsym)

.dynstr
 *(.dynstr)

.gnu.version
 *(.gnu.version)

.gnu.version_d
 *(.gnu.version_d)

.gnu.version_r
 *(.gnu.version_r)

.rel.init
 *(.rel.init)

.rela.init
 *(.rela.init)

.rel.text
 *(.rel.text)
 *(.rel.text.*)
 *(.rel.gnu.linkonce.t*)

.rela.text
 *(.rela.text)
 *(.rela.text.*)
 *(.rela.gnu.linkonce.t*)

.rel.fini
 *(.rel.fini)

.rela.fini
 *(.rela.fini)

.rel.rodata
 *(.rel.rodata)
 *(.rel.rodata.*)
 *(.rel.gnu.linkonce.r*)

.rela.rodata
 *(.rela.rodata)
 *(.rela.rodata.*)
 *(.rela.gnu.linkonce.r*)

.rel.data
 *(.rel.data)
 *(.rel.data.*)
 *(.rel.gnu.linkonce.d*)

.rela.data
 *(.rela.data)
 *(.rela.data.*)
 *(.rela.gnu.linkonce.d*)

.rel.ctors
 *(.rel.ctors)

.rela.ctors
 *(.rela.ctors)

.rel.dtors
 *(.rel.dtors)

.rela.dtors
 *(.rela.dtors)

.rel.got
 *(.rel.got)

.rela.got
 *(.rela.got)

.rel.bss
 *(.rel.bss)

.rela.bss
 *(.rela.bss)

.rel.plt
 *(.rel.plt)

.rela.plt
 *(.rela.plt)

.text           0x00000000     0x14ec
 *(.vectors)
 .vectors       0x00000000       0x7c c:/program files (x86)/atmel/atmel toolchain/avr8 gcc/native/3.4.1061/avr8-gnu-toolchain/bin/../lib/gcc/avr/4.8.1/../../../../avr/lib/avr5/crtm324pa.o
                0x00000000                __vector_default
                0x00000000                __vectors
 *(.vectors)
 *(.progmem.gcc*)
                0x0000007c                . = ALIGN (0x2)
                0x0000007c                __trampolines_start = .
 *(.trampolines)
 .trampolines   0x0000007c        0x0 linker stubs
 *(.trampolines*)
                0x0000007c                __trampolines_end = .
 *(.progmem*)
                0x0000007c                . = ALIGN (0x2)
 *(.jumptables)
 *(.jumptables*)
 *(.lowtext)
 *(.lowtext*)
                0x0000007c                __ctors_start = .
 *(.ctors)
                0x0000007c                __ctors_end = .
                0x0000007c                __dtors_start = .
 *(.dtors)
                0x0000007c                __dtors_end = .
 SORT(*)(.ctors)
 SORT(*)(.dtors)
 *(.init0)
 .init0         0x0000007c        0x0 c:/program files (x86)/atmel/atmel toolchain/avr8 gcc/native/3.4.1061/avr8-gnu-toolchain/bin/../lib/gcc/avr/4.8.1/../../../../avr/lib/avr5/crtm324pa.o
                0x0000007c                __init
 *(.init0)
 *(.init1)
 *(.init1)
 *(.init2)
 .init2         0x0000007c        0xc c:/program files (x86)/atmel/atmel toolchain/avr8 gcc/native/3.4.1061/avr8-gnu-toolchain/bin/../lib/gcc/avr/4.8.1/../../../../avr/lib/avr5/crtm324pa.o
 *(.init2)
 *(.init3)
 *(.init3)
 *(.init4)
 .init4         0x00000088       0x16 c:/program files (x86)/atmel/atmel toolchain/avr8 gcc/native/3.4.1061/avr8-gnu-toolchain/bin/../lib/gcc/avr/4.8.1/avr5\libgcc.a(_copy_data.o)
                0x00000088                __do_copy_data
 .init4         0x0000009e       0x10 c:/program files (x86)/atmel/atmel toolchain/avr8 gcc/native/3.4.1061/avr8-gnu-toolchain/bin/../lib/gcc/avr/4.8.1/avr5\libgcc.a(_clear_bss.o)
                0x0000009e                __do_clear_bss
 *(.init4)
 *(.init5)
 *(.init5)
 *(.init6)
 *(.init6)
 *(.init7)
 *(.init7)
 *(.init8)
 *(.init8)
 *(.init9)
 .init9         0x000000ae        0x8 c:/program files (x86)/atmel/atmel toolchain/avr8 gcc/native/3.4.1061/avr8-gnu-toolchain/bin/../lib/gcc/avr/4.8.1/../../../../avr/lib/avr5/crtm324pa.o
 *(.init9)
 *(.text)
 .text          0x000000b6        0x4 c:/program files (x86)/atmel/atmel toolchain/avr8 gcc/native/3.4.1061/avr8-gnu-toolchain/bin/../lib/gcc/avr/4.8.1/../../../../avr/lib/avr5/crtm324pa.o
                0x000000b6                __vector_22
                0x000000b6                __vector_1
                0x000000b6                __vector_12
                0x000000b6                __bad_interrupt
                0x000000b6                __vector_6
                0x000000b6                __vector_3
                0x000000b6                __vector_23
                0x000000b6                __vector_25
                0x000000b6                __vector_11
                0x000000b6                __vector_13
                0x000000b6                __vector_17
                0x000000b6                __vector_19
                0x000000b6                __vector_7
                0x000000b6                __vector_27
                0x000000b6                __vector_5
                0x000000b6                __vector_4
                0x000000b6                __vector_9
                0x000000b6                __vector_2
                0x000000b6                __vector_21
                0x000000b6                __vector_15
                0x000000b6                __vector_29
                0x000000b6                __vector_8
                0x000000b6                __vector_26
                0x000000b6                __vector_14
                0x000000b6                __vector_10
                0x000000b6                __vector_16
                0x000000b6                __vector_18
                0x000000ba                . = ALIGN (0x2)
 *(.text.*)
 .text.executeCommands
                0x000000ba      0x180 Test2_atmega324PA.o
                0x000000ba                executeCommands
 .text.main     0x0000023a       0x22 Test2_atmega324PA.o
                0x0000023a                main
 .text.avr-libc.fplib
                0x0000025c        0x8 c:/program files (x86)/atmel/atmel toolchain/avr8 gcc/native/3.4.1061/avr8-gnu-toolchain/bin/../lib/gcc/avr/4.8.1/../../../../avr/lib/avr5\libm.a(cmpsf2.o)
                0x0000025c                __nesf2
                0x0000025c                __eqsf2
                0x0000025c                __cmpsf2
                0x0000025c                __ltsf2
                0x0000025c                __lesf2
 .text.avr-libc.fplib
                0x00000264       0x48 c:/program files (x86)/atmel/atmel toolchain/avr8 gcc/native/3.4.1061/avr8-gnu-toolchain/bin/../lib/gcc/avr/4.8.1/../../../../avr/lib/avr5\libm.a(fp_cmp.o)
                0x00000264                __fp_cmp
 .text.avr-libc.fplib
                0x000002ac        0x8 c:/program files (x86)/atmel/atmel toolchain/avr8 gcc/native/3.4.1061/avr8-gnu-toolchain/bin/../lib/gcc/avr/4.8.1/../../../../avr/lib/avr5\libm.a(gesf2.o)
                0x000002ac                __gesf2
                0x000002ac                __gtsf2
 .text.changePwm_MotorLF
                0x000002b4       0x2e G:\Ingeniously\I_P-A-S-V-t-tenCI_\Atmel\Librari\MyLibs\PWM_lib\Debug\libPWM_lib.a(PWM_lib.o)
                0x000002b4                changePwm_MotorLF
 .text.changePwm_MotorLB
                0x000002e2       0x2e G:\Ingeniously\I_P-A-S-V-t-tenCI_\Atmel\Librari\MyLibs\PWM_lib\Debug\libPWM_lib.a(PWM_lib.o)
                0x000002e2                changePwm_MotorLB
 .text.changePwm_MotorRF
                0x00000310       0x30 G:\Ingeniously\I_P-A-S-V-t-tenCI_\Atmel\Librari\MyLibs\PWM_lib\Debug\libPWM_lib.a(PWM_lib.o)
                0x00000310                changePwm_MotorRF
 .text.changePwm_MotorRB
                0x00000340       0x30 G:\Ingeniously\I_P-A-S-V-t-tenCI_\Atmel\Librari\MyLibs\PWM_lib\Debug\libPWM_lib.a(PWM_lib.o)
                0x00000340                changePwm_MotorRB
 .text.stopTurning
                0x00000370       0x12 G:\Ingeniously\I_P-A-S-V-t-tenCI_\Atmel\Librari\MyLibs\PWM_lib\Debug\libPWM_lib.a(PWM_lib.o)
                0x00000370                stopTurning
 .text.changeMotorDirectionLF
                0x00000382        0x6 G:\Ingeniously\I_P-A-S-V-t-tenCI_\Atmel\Librari\MyLibs\PWM_lib\Debug\libPWM_lib.a(PWM_lib.o)
                0x00000382                changeMotorDirectionLF
 .text.changeMotorDirectionLB
                0x00000388        0x6 G:\Ingeniously\I_P-A-S-V-t-tenCI_\Atmel\Librari\MyLibs\PWM_lib\Debug\libPWM_lib.a(PWM_lib.o)
                0x00000388                changeMotorDirectionLB
 .text.turnLeft
                0x0000038e        0xa G:\Ingeniously\I_P-A-S-V-t-tenCI_\Atmel\Librari\MyLibs\PWM_lib\Debug\libPWM_lib.a(PWM_lib.o)
                0x0000038e                turnLeft
 .text.changeMotorDirectionRF
                0x00000398        0x6 G:\Ingeniously\I_P-A-S-V-t-tenCI_\Atmel\Librari\MyLibs\PWM_lib\Debug\libPWM_lib.a(PWM_lib.o)
                0x00000398                changeMotorDirectionRF
 .text.changeMotorDirectionRB
                0x0000039e        0x6 G:\Ingeniously\I_P-A-S-V-t-tenCI_\Atmel\Librari\MyLibs\PWM_lib\Debug\libPWM_lib.a(PWM_lib.o)
                0x0000039e                changeMotorDirectionRB
 .text.breakAll
                0x000003a4        0xe G:\Ingeniously\I_P-A-S-V-t-tenCI_\Atmel\Librari\MyLibs\PWM_lib\Debug\libPWM_lib.a(PWM_lib.o)
                0x000003a4                breakAll
 .text.initTimer0
                0x000003b2       0x3e G:\Ingeniously\I_P-A-S-V-t-tenCI_\Atmel\Librari\MyLibs\PWM_lib\Debug\libPWM_lib.a(PWM_lib.o)
                0x000003b2                initTimer0
 .text.initTimer2
                0x000003f0       0x54 G:\Ingeniously\I_P-A-S-V-t-tenCI_\Atmel\Librari\MyLibs\PWM_lib\Debug\libPWM_lib.a(PWM_lib.o)
                0x000003f0                initTimer2
 .text.getDistance
                0x00000444       0x7c G:\Ingeniously\I_P-A-S-V-t-tenCI_\Atmel\Librari\MyLibs\Sensors\Debug\libSensors.a(Sensors.o)
                0x00000444                getDistance
 .text.getAverageUltrasonicValue
                0x000004c0       0xf8 G:\Ingeniously\I_P-A-S-V-t-tenCI_\Atmel\Librari\MyLibs\Sensors\Debug\libSensors.a(Sensors.o)
                0x000004c0                getAverageUltrasonicValue
 .text.initUSART0
                0x000005b8       0xde G:\Ingeniously\I_P-A-S-V-t-tenCI_\Atmel\Librari\MyLibs\Sensors\Debug\libSensors.a(Sensors.o)
                0x000005b8                initUSART0
 .text.initADC  0x00000696       0x3e G:\Ingeniously\I_P-A-S-V-t-tenCI_\Atmel\Librari\MyLibs\Sensors\Debug\libSensors.a(Sensors.o)
                0x00000696                initADC
 .text.initSensors
                0x000006d4       0x16 G:\Ingeniously\I_P-A-S-V-t-tenCI_\Atmel\Librari\MyLibs\Sensors\Debug\libSensors.a(Sensors.o)
                0x000006d4                initSensors
 .text.__vector_24
                0x000006ea      0x200 G:\Ingeniously\I_P-A-S-V-t-tenCI_\Atmel\Librari\MyLibs\Sensors\Debug\libSensors.a(Sensors.o)
                0x000006ea                __vector_24
 .text.__vector_20
                0x000008ea      0x1ae G:\Ingeniously\I_P-A-S-V-t-tenCI_\Atmel\Librari\MyLibs\Sensors\Debug\libSensors.a(Sensors.o)
                0x000008ea                __vector_20
 .text.initUSART1
                0x00000a98       0xd6 G:\Ingeniously\I_P-A-S-V-t-tenCI_\Atmel\Librari\MyLibs\Communication\Debug\libCommunication.a(Communication.o)
                0x00000a98                initUSART1
 .text.checkPackIsFullLength
                0x00000b6e       0xbc G:\Ingeniously\I_P-A-S-V-t-tenCI_\Atmel\Librari\MyLibs\Communication\Debug\libCommunication.a(Communication.o)
                0x00000b6e                checkPackIsFullLength
 .text.fetchCommand
                0x00000c2a      0x1b2 G:\Ingeniously\I_P-A-S-V-t-tenCI_\Atmel\Librari\MyLibs\Communication\Debug\libCommunication.a(Communication.o)
                0x00000c2a                fetchCommand
 .text.getLastCommand
                0x00000ddc       0xf0 G:\Ingeniously\I_P-A-S-V-t-tenCI_\Atmel\Librari\MyLibs\Communication\Debug\libCommunication.a(Communication.o)
                0x00000ddc                getLastCommand
 .text.__vector_28
                0x00000ecc       0xb4 G:\Ingeniously\I_P-A-S-V-t-tenCI_\Atmel\Librari\MyLibs\Communication\Debug\libCommunication.a(Communication.o)
                0x00000ecc                __vector_28
 .text.__vector_30
                0x00000f80       0x80 G:\Ingeniously\I_P-A-S-V-t-tenCI_\Atmel\Librari\MyLibs\Communication\Debug\libCommunication.a(Communication.o)
                0x00000f80                __vector_30
 .text.avr-libc.fplib
                0x00001000        0xa c:/program files (x86)/atmel/atmel toolchain/avr8 gcc/native/3.4.1061/avr8-gnu-toolchain/bin/../lib/gcc/avr/4.8.1/../../../../avr/lib/avr5\libm.a(addsf3.o)
                0x00001000                __subsf3
                0x00001002                __addsf3
 .text.avr-libc.fplib
                0x0000100a       0xc0 c:/program files (x86)/atmel/atmel toolchain/avr8 gcc/native/3.4.1061/avr8-gnu-toolchain/bin/../lib/gcc/avr/4.8.1/../../../../avr/lib/avr5\libm.a(addsf3x.o)
                0x00001024                __addsf3x
 .text.avr-libc.fplib
                0x000010ca        0x4 c:/program files (x86)/atmel/atmel toolchain/avr8 gcc/native/3.4.1061/avr8-gnu-toolchain/bin/../lib/gcc/avr/4.8.1/../../../../avr/lib/avr5\libm.a(divsf3.o)
                0x000010ca                __divsf3
 .text.avr-libc.fplib
                0x000010ce       0xcc c:/program files (x86)/atmel/atmel toolchain/avr8 gcc/native/3.4.1061/avr8-gnu-toolchain/bin/../lib/gcc/avr/4.8.1/../../../../avr/lib/avr5\libm.a(divsf3x.o)
                0x000010e4                __divsf3x
                0x000010e8                __divsf3_pse
 .text.avr-libc.fplib
                0x0000119a       0x58 c:/program files (x86)/atmel/atmel toolchain/avr8 gcc/native/3.4.1061/avr8-gnu-toolchain/bin/../lib/gcc/avr/4.8.1/../../../../avr/lib/avr5\libm.a(fixunssfsi.o)
                0x0000119a                __fixunssfsi
 .text.avr-libc.fplib
                0x000011f2       0x7a c:/program files (x86)/atmel/atmel toolchain/avr8 gcc/native/3.4.1061/avr8-gnu-toolchain/bin/../lib/gcc/avr/4.8.1/../../../../avr/lib/avr5\libm.a(floatsisf.o)
                0x000011f2                __floatunsisf
                0x000011f6                __floatsisf
 .text.avr-libc.fplib
                0x0000126c        0xc c:/program files (x86)/atmel/atmel toolchain/avr8 gcc/native/3.4.1061/avr8-gnu-toolchain/bin/../lib/gcc/avr/4.8.1/../../../../avr/lib/avr5\libm.a(fp_inf.o)
                0x0000126c                __fp_inf
 .text.avr-libc.fplib
                0x00001278        0x6 c:/program files (x86)/atmel/atmel toolchain/avr8 gcc/native/3.4.1061/avr8-gnu-toolchain/bin/../lib/gcc/avr/4.8.1/../../../../avr/lib/avr5\libm.a(fp_nan.o)
                0x00001278                __fp_nan
 .text.avr-libc.fplib
                0x0000127e        0xe c:/program files (x86)/atmel/atmel toolchain/avr8 gcc/native/3.4.1061/avr8-gnu-toolchain/bin/../lib/gcc/avr/4.8.1/../../../../avr/lib/avr5\libm.a(fp_pscA.o)
                0x0000127e                __fp_pscA
 .text.avr-libc.fplib
                0x0000128c        0xe c:/program files (x86)/atmel/atmel toolchain/avr8 gcc/native/3.4.1061/avr8-gnu-toolchain/bin/../lib/gcc/avr/4.8.1/../../../../avr/lib/avr5\libm.a(fp_pscB.o)
                0x0000128c                __fp_pscB
 .text.avr-libc.fplib
                0x0000129a       0x22 c:/program files (x86)/atmel/atmel toolchain/avr8 gcc/native/3.4.1061/avr8-gnu-toolchain/bin/../lib/gcc/avr/4.8.1/../../../../avr/lib/avr5\libm.a(fp_round.o)
                0x0000129a                __fp_round
 .text.avr-libc.fplib
                0x000012bc       0x44 c:/program files (x86)/atmel/atmel toolchain/avr8 gcc/native/3.4.1061/avr8-gnu-toolchain/bin/../lib/gcc/avr/4.8.1/../../../../avr/lib/avr5\libm.a(fp_split3.o)
                0x000012bc                __fp_split3
                0x000012cc                __fp_splitA
 .text.avr-libc.fplib
                0x00001300        0xe c:/program files (x86)/atmel/atmel toolchain/avr8 gcc/native/3.4.1061/avr8-gnu-toolchain/bin/../lib/gcc/avr/4.8.1/../../../../avr/lib/avr5\libm.a(fp_zero.o)
                0x00001300                __fp_zero
                0x00001302                __fp_szero
 .text.avr-libc.fplib
                0x0000130e       0x74 c:/program files (x86)/atmel/atmel toolchain/avr8 gcc/native/3.4.1061/avr8-gnu-toolchain/bin/../lib/gcc/avr/4.8.1/../../../../avr/lib/avr5\libm.a(lrint.o)
                0x0000130e                lrint
 .text.avr-libc.fplib
                0x00001382        0x4 c:/program files (x86)/atmel/atmel toolchain/avr8 gcc/native/3.4.1061/avr8-gnu-toolchain/bin/../lib/gcc/avr/4.8.1/../../../../avr/lib/avr5\libm.a(mulsf3.o)
                0x00001382                __mulsf3
 .text.avr-libc.fplib
                0x00001386       0xc2 c:/program files (x86)/atmel/atmel toolchain/avr8 gcc/native/3.4.1061/avr8-gnu-toolchain/bin/../lib/gcc/avr/4.8.1/../../../../avr/lib/avr5\libm.a(mulsf3x.o)
                0x0000139a                __mulsf3x
                0x0000139e                __mulsf3_pse
 .text.libgcc.div
                0x00001448       0x2e c:/program files (x86)/atmel/atmel toolchain/avr8 gcc/native/3.4.1061/avr8-gnu-toolchain/bin/../lib/gcc/avr/4.8.1/avr5\libgcc.a(_divmodsi4.o)
                0x00001448                __divmodsi4
 .text.libgcc.div
                0x00001476       0x10 c:/program files (x86)/atmel/atmel toolchain/avr8 gcc/native/3.4.1061/avr8-gnu-toolchain/bin/../lib/gcc/avr/4.8.1/avr5\libgcc.a(_negsi2.o)
                0x00001476                __negsi2
 .text.libgcc.mul
                0x00001486       0x1e c:/program files (x86)/atmel/atmel toolchain/avr8 gcc/native/3.4.1061/avr8-gnu-toolchain/bin/../lib/gcc/avr/4.8.1/avr5\libgcc.a(_umulhisi3.o)
                0x00001486                __umulhisi3
 .text.libgcc.div
                0x000014a4       0x44 c:/program files (x86)/atmel/atmel toolchain/avr8 gcc/native/3.4.1061/avr8-gnu-toolchain/bin/../lib/gcc/avr/4.8.1/avr5\libgcc.a(_udivmodsi4.o)
                0x000014a4                __udivmodsi4
                0x000014e8                . = ALIGN (0x2)
 *(.fini9)
 .fini9         0x000014e8        0x0 c:/program files (x86)/atmel/atmel toolchain/avr8 gcc/native/3.4.1061/avr8-gnu-toolchain/bin/../lib/gcc/avr/4.8.1/avr5\libgcc.a(_exit.o)
                0x000014e8                _exit
                0x000014e8                exit
 *(.fini9)
 *(.fini8)
 *(.fini8)
 *(.fini7)
 *(.fini7)
 *(.fini6)
 *(.fini6)
 *(.fini5)
 *(.fini5)
 *(.fini4)
 *(.fini4)
 *(.fini3)
 *(.fini3)
 *(.fini2)
 *(.fini2)
 *(.fini1)
 *(.fini1)
 *(.fini0)
 .fini0         0x000014e8        0x4 c:/program files (x86)/atmel/atmel toolchain/avr8 gcc/native/3.4.1061/avr8-gnu-toolchain/bin/../lib/gcc/avr/4.8.1/avr5\libgcc.a(_exit.o)
 *(.fini0)
                0x000014ec                _etext = .

.data           0x00800100        0x0 load address 0x000014ec
                0x00800100                PROVIDE (__data_start, .)
 *(.data)
 *(.data*)
 *(.rodata)
 *(.rodata*)
 *(.gnu.linkonce.d*)
                0x00800100                . = ALIGN (0x2)
                0x00800100                _edata = .
                0x00800100                PROVIDE (__data_end, .)

.bss            0x00800100      0x24c
                0x00800100                PROVIDE (__bss_start, .)
 *(.bss)
 *(.bss*)
 .bss.turning   0x00800100        0x2 Test2_atmega324PA.o
                0x00800100                turning
 .bss.US_manual_start
                0x00800102        0x1 G:\Ingeniously\I_P-A-S-V-t-tenCI_\Atmel\Librari\MyLibs\Sensors\Debug\libSensors.a(Sensors.o)
                0x00800102                US_manual_start
 .bss.US_pos_in_buffer
                0x00800103        0x1 G:\Ingeniously\I_P-A-S-V-t-tenCI_\Atmel\Librari\MyLibs\Sensors\Debug\libSensors.a(Sensors.o)
                0x00800103                US_pos_in_buffer
 .bss.US_data_part_no
                0x00800104        0x1 G:\Ingeniously\I_P-A-S-V-t-tenCI_\Atmel\Librari\MyLibs\Sensors\Debug\libSensors.a(Sensors.o)
                0x00800104                US_data_part_no
 .bss.lastUSonicValue
                0x00800105        0x4 G:\Ingeniously\I_P-A-S-V-t-tenCI_\Atmel\Librari\MyLibs\Sensors\Debug\libSensors.a(Sensors.o)
                0x00800105                lastUSonicValue
 .bss.distance  0x00800109        0x4 G:\Ingeniously\I_P-A-S-V-t-tenCI_\Atmel\Librari\MyLibs\Sensors\Debug\libSensors.a(Sensors.o)
                0x00800109                distance
 .bss.i         0x0080010d        0x2 G:\Ingeniously\I_P-A-S-V-t-tenCI_\Atmel\Librari\MyLibs\Sensors\Debug\libSensors.a(Sensors.o)
                0x0080010d                i
 .bss.txReadPos
                0x0080010f        0x1 G:\Ingeniously\I_P-A-S-V-t-tenCI_\Atmel\Librari\MyLibs\Communication\Debug\libCommunication.a(Communication.o)
                0x0080010f                txReadPos
 .bss.lastPackPosInBuff
                0x00800110        0x1 G:\Ingeniously\I_P-A-S-V-t-tenCI_\Atmel\Librari\MyLibs\Communication\Debug\libCommunication.a(Communication.o)
                0x00800110                lastPackPosInBuff
 .bss.lastPackNo
                0x00800111        0x1 G:\Ingeniously\I_P-A-S-V-t-tenCI_\Atmel\Librari\MyLibs\Communication\Debug\libCommunication.a(Communication.o)
                0x00800111                lastPackNo
 .bss.packStarted
                0x00800112        0x1 G:\Ingeniously\I_P-A-S-V-t-tenCI_\Atmel\Librari\MyLibs\Communication\Debug\libCommunication.a(Communication.o)
                0x00800112                packStarted
 .bss.rxWritePos
                0x00800113        0x1 G:\Ingeniously\I_P-A-S-V-t-tenCI_\Atmel\Librari\MyLibs\Communication\Debug\libCommunication.a(Communication.o)
                0x00800113                rxWritePos
 *(COMMON)
 COMMON         0x00800114       0x38 G:\Ingeniously\I_P-A-S-V-t-tenCI_\Atmel\Librari\MyLibs\Sensors\Debug\libSensors.a(Sensors.o)
                0x00800114                UltraSonicValues
                0x0080013c                ultrasonicDataPack
                0x00800140                dis
 COMMON         0x0080014c      0x200 G:\Ingeniously\I_P-A-S-V-t-tenCI_\Atmel\Librari\MyLibs\Communication\Debug\libCommunication.a(Communication.o)
                0x0080014c                rxBuffer
                0x0080024c                txBuffer
                0x0080034c                PROVIDE (__bss_end, .)
                0x000014ec                __data_load_start = LOADADDR (.data)
                0x000014ec                __data_load_end = (__data_load_start + SIZEOF (.data))

.noinit         0x0080034c        0x0
                0x0080034c                PROVIDE (__noinit_start, .)
 *(.noinit*)
                0x0080034c                PROVIDE (__noinit_end, .)
                0x0080034c                _end = .
                0x0080034c                PROVIDE (__heap_start, .)

.eeprom         0x00810000        0x0
 *(.eeprom*)
                0x00810000                __eeprom_end = .

.fuse
 *(.fuse)
 *(.lfuse)
 *(.hfuse)
 *(.efuse)

.lock
 *(.lock*)

.signature
 *(.signature*)

.user_signatures
 *(.user_signatures*)

.stab
 *(.stab)

.stabstr
 *(.stabstr)

.stab.excl
 *(.stab.excl)

.stab.exclstr
 *(.stab.exclstr)

.stab.index
 *(.stab.index)

.stab.indexstr
 *(.stab.indexstr)

.comment        0x00000000       0x30
 *(.comment)
 .comment       0x00000000       0x30 Test2_atmega324PA.o
                                 0x31 (size before relaxing)
 .comment       0x00000000       0x31 G:\Ingeniously\I_P-A-S-V-t-tenCI_\Atmel\Librari\MyLibs\PWM_lib\Debug\libPWM_lib.a(PWM_lib.o)
 .comment       0x00000000       0x31 G:\Ingeniously\I_P-A-S-V-t-tenCI_\Atmel\Librari\MyLibs\Sensors\Debug\libSensors.a(Sensors.o)
 .comment       0x00000000       0x31 G:\Ingeniously\I_P-A-S-V-t-tenCI_\Atmel\Librari\MyLibs\Communication\Debug\libCommunication.a(Communication.o)

.note.gnu.build-id
 *(.note.gnu.build-id)

.debug
 *(.debug)

.line
 *(.line)

.debug_srcinfo
 *(.debug_srcinfo)

.debug_sfnames
 *(.debug_sfnames)

.debug_aranges  0x00000000      0x178
 *(.debug_aranges)
 .debug_aranges
                0x00000000       0x28 Test2_atmega324PA.o
 .debug_aranges
                0x00000028       0x98 G:\Ingeniously\I_P-A-S-V-t-tenCI_\Atmel\Librari\MyLibs\PWM_lib\Debug\libPWM_lib.a(PWM_lib.o)
 .debug_aranges
                0x000000c0       0x68 G:\Ingeniously\I_P-A-S-V-t-tenCI_\Atmel\Librari\MyLibs\Sensors\Debug\libSensors.a(Sensors.o)
 .debug_aranges
                0x00000128       0x50 G:\Ingeniously\I_P-A-S-V-t-tenCI_\Atmel\Librari\MyLibs\Communication\Debug\libCommunication.a(Communication.o)

.debug_pubnames
 *(.debug_pubnames)

.debug_info     0x00000000     0x1032
 *(.debug_info .gnu.linkonce.wi.*)
 .debug_info    0x00000000      0x42d Test2_atmega324PA.o
 .debug_info    0x0000042d      0x3b8 G:\Ingeniously\I_P-A-S-V-t-tenCI_\Atmel\Librari\MyLibs\PWM_lib\Debug\libPWM_lib.a(PWM_lib.o)
 .debug_info    0x000007e5      0x3cf G:\Ingeniously\I_P-A-S-V-t-tenCI_\Atmel\Librari\MyLibs\Sensors\Debug\libSensors.a(Sensors.o)
 .debug_info    0x00000bb4      0x47e G:\Ingeniously\I_P-A-S-V-t-tenCI_\Atmel\Librari\MyLibs\Communication\Debug\libCommunication.a(Communication.o)

.debug_abbrev   0x00000000      0x69b
 *(.debug_abbrev)
 .debug_abbrev  0x00000000      0x171 Test2_atmega324PA.o
 .debug_abbrev  0x00000171       0xec G:\Ingeniously\I_P-A-S-V-t-tenCI_\Atmel\Librari\MyLibs\PWM_lib\Debug\libPWM_lib.a(PWM_lib.o)
 .debug_abbrev  0x0000025d      0x20f G:\Ingeniously\I_P-A-S-V-t-tenCI_\Atmel\Librari\MyLibs\Sensors\Debug\libSensors.a(Sensors.o)
 .debug_abbrev  0x0000046c      0x22f G:\Ingeniously\I_P-A-S-V-t-tenCI_\Atmel\Librari\MyLibs\Communication\Debug\libCommunication.a(Communication.o)

.debug_line     0x00000000      0x7ca
 *(.debug_line .debug_line.* .debug_line_end)
 .debug_line    0x00000000      0x1aa Test2_atmega324PA.o
 .debug_line    0x000001aa      0x1f1 G:\Ingeniously\I_P-A-S-V-t-tenCI_\Atmel\Librari\MyLibs\PWM_lib\Debug\libPWM_lib.a(PWM_lib.o)
 .debug_line    0x0000039b      0x1de G:\Ingeniously\I_P-A-S-V-t-tenCI_\Atmel\Librari\MyLibs\Sensors\Debug\libSensors.a(Sensors.o)
 .debug_line    0x00000579      0x251 G:\Ingeniously\I_P-A-S-V-t-tenCI_\Atmel\Librari\MyLibs\Communication\Debug\libCommunication.a(Communication.o)

.debug_frame    0x00000000      0x47c
 *(.debug_frame)
 .debug_frame   0x00000000       0x78 Test2_atmega324PA.o
 .debug_frame   0x00000078      0x114 G:\Ingeniously\I_P-A-S-V-t-tenCI_\Atmel\Librari\MyLibs\PWM_lib\Debug\libPWM_lib.a(PWM_lib.o)
 .debug_frame   0x0000018c      0x1d0 G:\Ingeniously\I_P-A-S-V-t-tenCI_\Atmel\Librari\MyLibs\Sensors\Debug\libSensors.a(Sensors.o)
 .debug_frame   0x0000035c      0x120 G:\Ingeniously\I_P-A-S-V-t-tenCI_\Atmel\Librari\MyLibs\Communication\Debug\libCommunication.a(Communication.o)

.debug_str      0x00000000      0x6e5
 *(.debug_str)
 .debug_str     0x00000000      0x2e3 Test2_atmega324PA.o
                                0x31e (size before relaxing)
 .debug_str     0x000002e3      0x10e G:\Ingeniously\I_P-A-S-V-t-tenCI_\Atmel\Librari\MyLibs\PWM_lib\Debug\libPWM_lib.a(PWM_lib.o)
                                0x255 (size before relaxing)
 .debug_str     0x000003f1      0x188 G:\Ingeniously\I_P-A-S-V-t-tenCI_\Atmel\Librari\MyLibs\Sensors\Debug\libSensors.a(Sensors.o)
                                0x2dc (size before relaxing)
 .debug_str     0x00000579      0x16c G:\Ingeniously\I_P-A-S-V-t-tenCI_\Atmel\Librari\MyLibs\Communication\Debug\libCommunication.a(Communication.o)
                                0x2f0 (size before relaxing)

.debug_loc      0x00000000      0xe85
 *(.debug_loc)
 .debug_loc     0x00000000      0x12f Test2_atmega324PA.o
 .debug_loc     0x0000012f       0x98 G:\Ingeniously\I_P-A-S-V-t-tenCI_\Atmel\Librari\MyLibs\PWM_lib\Debug\libPWM_lib.a(PWM_lib.o)
 .debug_loc     0x000001c7      0x674 G:\Ingeniously\I_P-A-S-V-t-tenCI_\Atmel\Librari\MyLibs\Sensors\Debug\libSensors.a(Sensors.o)
 .debug_loc     0x0000083b      0x64a G:\Ingeniously\I_P-A-S-V-t-tenCI_\Atmel\Librari\MyLibs\Communication\Debug\libCommunication.a(Communication.o)

.debug_macinfo
 *(.debug_macinfo)

.debug_weaknames
 *(.debug_weaknames)

.debug_funcnames
 *(.debug_funcnames)

.debug_typenames
 *(.debug_typenames)

.debug_varnames
 *(.debug_varnames)

.debug_pubtypes
 *(.debug_pubtypes)

.debug_ranges   0x00000000      0x150
 *(.debug_ranges)
 .debug_ranges  0x00000000       0x18 Test2_atmega324PA.o
 .debug_ranges  0x00000018       0x88 G:\Ingeniously\I_P-A-S-V-t-tenCI_\Atmel\Librari\MyLibs\PWM_lib\Debug\libPWM_lib.a(PWM_lib.o)
 .debug_ranges  0x000000a0       0x70 G:\Ingeniously\I_P-A-S-V-t-tenCI_\Atmel\Librari\MyLibs\Sensors\Debug\libSensors.a(Sensors.o)
 .debug_ranges  0x00000110       0x40 G:\Ingeniously\I_P-A-S-V-t-tenCI_\Atmel\Librari\MyLibs\Communication\Debug\libCommunication.a(Communication.o)

.debug_macro
 *(.debug_macro)
OUTPUT(Test2_atmega324PA.elf elf32-avr)
LOAD linker stubs
