Archive member included because of file (symbol)

G:\Ingeniously\I_P-A-S-V-t-tenCI_\Atmel\Librari\MyLibs\PWM_lib\Debug\libPWM_lib.a(PWM_lib.o)
                              Test2_atmega324PA.o (breakAll)
G:\Ingeniously\I_P-A-S-V-t-tenCI_\Atmel\Librari\MyLibs\Sensors\Debug\libSensors.a(Sensors.o)
                              Test2_atmega324PA.o (initSensors)
G:\Ingeniously\I_P-A-S-V-t-tenCI_\Atmel\Librari\MyLibs\Communication\Debug\libCommunication.a(Communication.o)
                              G:\Ingeniously\I_P-A-S-V-t-tenCI_\Atmel\Librari\MyLibs\PWM_lib\Debug\libPWM_lib.a(PWM_lib.o) (sendByte)
G:\Ingeniously\I_P-A-S-V-t-tenCI_\Atmel\Librari\MyLibs\Time\Debug\libTime.a(Time.o)
                              G:\Ingeniously\I_P-A-S-V-t-tenCI_\Atmel\Librari\MyLibs\PWM_lib\Debug\libPWM_lib.a(PWM_lib.o) (executeCommandForTime)
c:/program files (x86)/atmel/atmel toolchain/avr8 gcc/native/3.4.1061/avr8-gnu-toolchain/bin/../lib/gcc/avr/4.8.1/../../../../avr/lib/avr5\libm.a(addsf3.o)
                              G:\Ingeniously\I_P-A-S-V-t-tenCI_\Atmel\Librari\MyLibs\Sensors\Debug\libSensors.a(Sensors.o) (__subsf3)
c:/program files (x86)/atmel/atmel toolchain/avr8 gcc/native/3.4.1061/avr8-gnu-toolchain/bin/../lib/gcc/avr/4.8.1/../../../../avr/lib/avr5\libm.a(addsf3x.o)
                              c:/program files (x86)/atmel/atmel toolchain/avr8 gcc/native/3.4.1061/avr8-gnu-toolchain/bin/../lib/gcc/avr/4.8.1/../../../../avr/lib/avr5\libm.a(addsf3.o) (__addsf3x)
c:/program files (x86)/atmel/atmel toolchain/avr8 gcc/native/3.4.1061/avr8-gnu-toolchain/bin/../lib/gcc/avr/4.8.1/../../../../avr/lib/avr5\libm.a(cmpsf2.o)
                              G:\Ingeniously\I_P-A-S-V-t-tenCI_\Atmel\Librari\MyLibs\Sensors\Debug\libSensors.a(Sensors.o) (__nesf2)
c:/program files (x86)/atmel/atmel toolchain/avr8 gcc/native/3.4.1061/avr8-gnu-toolchain/bin/../lib/gcc/avr/4.8.1/../../../../avr/lib/avr5\libm.a(divsf3.o)
                              G:\Ingeniously\I_P-A-S-V-t-tenCI_\Atmel\Librari\MyLibs\PWM_lib\Debug\libPWM_lib.a(PWM_lib.o) (__divsf3)
c:/program files (x86)/atmel/atmel toolchain/avr8 gcc/native/3.4.1061/avr8-gnu-toolchain/bin/../lib/gcc/avr/4.8.1/../../../../avr/lib/avr5\libm.a(divsf3x.o)
                              c:/program files (x86)/atmel/atmel toolchain/avr8 gcc/native/3.4.1061/avr8-gnu-toolchain/bin/../lib/gcc/avr/4.8.1/../../../../avr/lib/avr5\libm.a(divsf3.o) (__divsf3x)
c:/program files (x86)/atmel/atmel toolchain/avr8 gcc/native/3.4.1061/avr8-gnu-toolchain/bin/../lib/gcc/avr/4.8.1/../../../../avr/lib/avr5\libm.a(fixunssfsi.o)
                              G:\Ingeniously\I_P-A-S-V-t-tenCI_\Atmel\Librari\MyLibs\PWM_lib\Debug\libPWM_lib.a(PWM_lib.o) (__fixunssfsi)
c:/program files (x86)/atmel/atmel toolchain/avr8 gcc/native/3.4.1061/avr8-gnu-toolchain/bin/../lib/gcc/avr/4.8.1/../../../../avr/lib/avr5\libm.a(floatsisf.o)
                              G:\Ingeniously\I_P-A-S-V-t-tenCI_\Atmel\Librari\MyLibs\Sensors\Debug\libSensors.a(Sensors.o) (__floatunsisf)
c:/program files (x86)/atmel/atmel toolchain/avr8 gcc/native/3.4.1061/avr8-gnu-toolchain/bin/../lib/gcc/avr/4.8.1/../../../../avr/lib/avr5\libm.a(fp_cmp.o)
                              c:/program files (x86)/atmel/atmel toolchain/avr8 gcc/native/3.4.1061/avr8-gnu-toolchain/bin/../lib/gcc/avr/4.8.1/../../../../avr/lib/avr5\libm.a(cmpsf2.o) (__fp_cmp)
c:/program files (x86)/atmel/atmel toolchain/avr8 gcc/native/3.4.1061/avr8-gnu-toolchain/bin/../lib/gcc/avr/4.8.1/../../../../avr/lib/avr5\libm.a(fp_inf.o)
                              c:/program files (x86)/atmel/atmel toolchain/avr8 gcc/native/3.4.1061/avr8-gnu-toolchain/bin/../lib/gcc/avr/4.8.1/../../../../avr/lib/avr5\libm.a(addsf3x.o) (__fp_inf)
c:/program files (x86)/atmel/atmel toolchain/avr8 gcc/native/3.4.1061/avr8-gnu-toolchain/bin/../lib/gcc/avr/4.8.1/../../../../avr/lib/avr5\libm.a(fp_nan.o)
                              c:/program files (x86)/atmel/atmel toolchain/avr8 gcc/native/3.4.1061/avr8-gnu-toolchain/bin/../lib/gcc/avr/4.8.1/../../../../avr/lib/avr5\libm.a(addsf3x.o) (__fp_nan)
c:/program files (x86)/atmel/atmel toolchain/avr8 gcc/native/3.4.1061/avr8-gnu-toolchain/bin/../lib/gcc/avr/4.8.1/../../../../avr/lib/avr5\libm.a(fp_pscA.o)
                              c:/program files (x86)/atmel/atmel toolchain/avr8 gcc/native/3.4.1061/avr8-gnu-toolchain/bin/../lib/gcc/avr/4.8.1/../../../../avr/lib/avr5\libm.a(addsf3x.o) (__fp_pscA)
c:/program files (x86)/atmel/atmel toolchain/avr8 gcc/native/3.4.1061/avr8-gnu-toolchain/bin/../lib/gcc/avr/4.8.1/../../../../avr/lib/avr5\libm.a(fp_pscB.o)
                              c:/program files (x86)/atmel/atmel toolchain/avr8 gcc/native/3.4.1061/avr8-gnu-toolchain/bin/../lib/gcc/avr/4.8.1/../../../../avr/lib/avr5\libm.a(addsf3x.o) (__fp_pscB)
c:/program files (x86)/atmel/atmel toolchain/avr8 gcc/native/3.4.1061/avr8-gnu-toolchain/bin/../lib/gcc/avr/4.8.1/../../../../avr/lib/avr5\libm.a(fp_round.o)
                              c:/program files (x86)/atmel/atmel toolchain/avr8 gcc/native/3.4.1061/avr8-gnu-toolchain/bin/../lib/gcc/avr/4.8.1/../../../../avr/lib/avr5\libm.a(addsf3.o) (__fp_round)
c:/program files (x86)/atmel/atmel toolchain/avr8 gcc/native/3.4.1061/avr8-gnu-toolchain/bin/../lib/gcc/avr/4.8.1/../../../../avr/lib/avr5\libm.a(fp_split3.o)
                              c:/program files (x86)/atmel/atmel toolchain/avr8 gcc/native/3.4.1061/avr8-gnu-toolchain/bin/../lib/gcc/avr/4.8.1/../../../../avr/lib/avr5\libm.a(addsf3x.o) (__fp_split3)
c:/program files (x86)/atmel/atmel toolchain/avr8 gcc/native/3.4.1061/avr8-gnu-toolchain/bin/../lib/gcc/avr/4.8.1/../../../../avr/lib/avr5\libm.a(fp_zero.o)
                              c:/program files (x86)/atmel/atmel toolchain/avr8 gcc/native/3.4.1061/avr8-gnu-toolchain/bin/../lib/gcc/avr/4.8.1/../../../../avr/lib/avr5\libm.a(addsf3x.o) (__fp_zero)
c:/program files (x86)/atmel/atmel toolchain/avr8 gcc/native/3.4.1061/avr8-gnu-toolchain/bin/../lib/gcc/avr/4.8.1/../../../../avr/lib/avr5\libm.a(gesf2.o)
                              G:\Ingeniously\I_P-A-S-V-t-tenCI_\Atmel\Librari\MyLibs\Sensors\Debug\libSensors.a(Sensors.o) (__gtsf2)
c:/program files (x86)/atmel/atmel toolchain/avr8 gcc/native/3.4.1061/avr8-gnu-toolchain/bin/../lib/gcc/avr/4.8.1/../../../../avr/lib/avr5\libm.a(lrint.o)
                              G:\Ingeniously\I_P-A-S-V-t-tenCI_\Atmel\Librari\MyLibs\Sensors\Debug\libSensors.a(Sensors.o) (lrint)
c:/program files (x86)/atmel/atmel toolchain/avr8 gcc/native/3.4.1061/avr8-gnu-toolchain/bin/../lib/gcc/avr/4.8.1/../../../../avr/lib/avr5\libm.a(mulsf3.o)
                              G:\Ingeniously\I_P-A-S-V-t-tenCI_\Atmel\Librari\MyLibs\PWM_lib\Debug\libPWM_lib.a(PWM_lib.o) (__mulsf3)
c:/program files (x86)/atmel/atmel toolchain/avr8 gcc/native/3.4.1061/avr8-gnu-toolchain/bin/../lib/gcc/avr/4.8.1/../../../../avr/lib/avr5\libm.a(mulsf3x.o)
                              c:/program files (x86)/atmel/atmel toolchain/avr8 gcc/native/3.4.1061/avr8-gnu-toolchain/bin/../lib/gcc/avr/4.8.1/../../../../avr/lib/avr5\libm.a(mulsf3.o) (__mulsf3x)
c:/program files (x86)/atmel/atmel toolchain/avr8 gcc/native/3.4.1061/avr8-gnu-toolchain/bin/../lib/gcc/avr/4.8.1/avr5\libgcc.a(_divmodhi4.o)
                              G:\Ingeniously\I_P-A-S-V-t-tenCI_\Atmel\Librari\MyLibs\Communication\Debug\libCommunication.a(Communication.o) (__divmodhi4)
c:/program files (x86)/atmel/atmel toolchain/avr8 gcc/native/3.4.1061/avr8-gnu-toolchain/bin/../lib/gcc/avr/4.8.1/avr5\libgcc.a(_divmodsi4.o)
                              G:\Ingeniously\I_P-A-S-V-t-tenCI_\Atmel\Librari\MyLibs\Sensors\Debug\libSensors.a(Sensors.o) (__divmodsi4)
c:/program files (x86)/atmel/atmel toolchain/avr8 gcc/native/3.4.1061/avr8-gnu-toolchain/bin/../lib/gcc/avr/4.8.1/avr5\libgcc.a(_negsi2.o)
                              c:/program files (x86)/atmel/atmel toolchain/avr8 gcc/native/3.4.1061/avr8-gnu-toolchain/bin/../lib/gcc/avr/4.8.1/avr5\libgcc.a(_divmodsi4.o) (__negsi2)
c:/program files (x86)/atmel/atmel toolchain/avr8 gcc/native/3.4.1061/avr8-gnu-toolchain/bin/../lib/gcc/avr/4.8.1/avr5\libgcc.a(_exit.o)
                              c:/program files (x86)/atmel/atmel toolchain/avr8 gcc/native/3.4.1061/avr8-gnu-toolchain/bin/../lib/gcc/avr/4.8.1/../../../../avr/lib/avr5/crtm324pa.o (exit)
c:/program files (x86)/atmel/atmel toolchain/avr8 gcc/native/3.4.1061/avr8-gnu-toolchain/bin/../lib/gcc/avr/4.8.1/avr5\libgcc.a(_copy_data.o)
                              Test2_atmega324PA.o (__do_copy_data)
c:/program files (x86)/atmel/atmel toolchain/avr8 gcc/native/3.4.1061/avr8-gnu-toolchain/bin/../lib/gcc/avr/4.8.1/avr5\libgcc.a(_clear_bss.o)
                              Test2_atmega324PA.o (__do_clear_bss)
c:/program files (x86)/atmel/atmel toolchain/avr8 gcc/native/3.4.1061/avr8-gnu-toolchain/bin/../lib/gcc/avr/4.8.1/avr5\libgcc.a(_umulhisi3.o)
                              G:\Ingeniously\I_P-A-S-V-t-tenCI_\Atmel\Librari\MyLibs\Sensors\Debug\libSensors.a(Sensors.o) (__umulhisi3)
c:/program files (x86)/atmel/atmel toolchain/avr8 gcc/native/3.4.1061/avr8-gnu-toolchain/bin/../lib/gcc/avr/4.8.1/avr5\libgcc.a(_udivmodhi4.o)
                              c:/program files (x86)/atmel/atmel toolchain/avr8 gcc/native/3.4.1061/avr8-gnu-toolchain/bin/../lib/gcc/avr/4.8.1/avr5\libgcc.a(_divmodhi4.o) (__udivmodhi4)
c:/program files (x86)/atmel/atmel toolchain/avr8 gcc/native/3.4.1061/avr8-gnu-toolchain/bin/../lib/gcc/avr/4.8.1/avr5\libgcc.a(_udivmodsi4.o)
                              c:/program files (x86)/atmel/atmel toolchain/avr8 gcc/native/3.4.1061/avr8-gnu-toolchain/bin/../lib/gcc/avr/4.8.1/avr5\libgcc.a(_divmodsi4.o) (__udivmodsi4)

Allocating common symbols
Common symbol       size              file

UltraSonicValues    0x28              G:\Ingeniously\I_P-A-S-V-t-tenCI_\Atmel\Librari\MyLibs\Sensors\Debug\libSensors.a(Sensors.o)
rxBuffer            0xfe              G:\Ingeniously\I_P-A-S-V-t-tenCI_\Atmel\Librari\MyLibs\Communication\Debug\libCommunication.a(Communication.o)
txBuffer            0xfe              G:\Ingeniously\I_P-A-S-V-t-tenCI_\Atmel\Librari\MyLibs\Communication\Debug\libCommunication.a(Communication.o)
ultrasonicDataPack  0x4               G:\Ingeniously\I_P-A-S-V-t-tenCI_\Atmel\Librari\MyLibs\Sensors\Debug\libSensors.a(Sensors.o)
argv2               0x14              G:\Ingeniously\I_P-A-S-V-t-tenCI_\Atmel\Librari\MyLibs\Time\Debug\libTime.a(Time.o)
dis                 0xc               G:\Ingeniously\I_P-A-S-V-t-tenCI_\Atmel\Librari\MyLibs\Sensors\Debug\libSensors.a(Sensors.o)

Discarded input sections

 .data          0x00000000        0x0 c:/program files (x86)/atmel/atmel toolchain/avr8 gcc/native/3.4.1061/avr8-gnu-toolchain/bin/../lib/gcc/avr/4.8.1/../../../../avr/lib/avr5/crtm324pa.o
 .bss           0x00000000        0x0 c:/program files (x86)/atmel/atmel toolchain/avr8 gcc/native/3.4.1061/avr8-gnu-toolchain/bin/../lib/gcc/avr/4.8.1/../../../../avr/lib/avr5/crtm324pa.o
 .text          0x00000000        0x0 Test2_atmega324PA.o
 .data          0x00000000        0x0 Test2_atmega324PA.o
 .bss           0x00000000        0x0 Test2_atmega324PA.o
 .bss.turning   0x00000000        0x2 Test2_atmega324PA.o
 .data.enableLeft
                0x00000000        0x2 Test2_atmega324PA.o
 .data.enableRight
                0x00000000        0x2 Test2_atmega324PA.o
 .bss.read      0x00000000        0x2 Test2_atmega324PA.o
 .text          0x00000000        0x0 G:\Ingeniously\I_P-A-S-V-t-tenCI_\Atmel\Librari\MyLibs\PWM_lib\Debug\libPWM_lib.a(PWM_lib.o)
 .data          0x00000000        0x0 G:\Ingeniously\I_P-A-S-V-t-tenCI_\Atmel\Librari\MyLibs\PWM_lib\Debug\libPWM_lib.a(PWM_lib.o)
 .bss           0x00000000        0x0 G:\Ingeniously\I_P-A-S-V-t-tenCI_\Atmel\Librari\MyLibs\PWM_lib\Debug\libPWM_lib.a(PWM_lib.o)
 .text.turnRight_90degrees
                0x00000000       0x7e G:\Ingeniously\I_P-A-S-V-t-tenCI_\Atmel\Librari\MyLibs\PWM_lib\Debug\libPWM_lib.a(PWM_lib.o)
 .text.turnLeft_90degrees
                0x00000000       0x7e G:\Ingeniously\I_P-A-S-V-t-tenCI_\Atmel\Librari\MyLibs\PWM_lib\Debug\libPWM_lib.a(PWM_lib.o)
 .text.stopTurning
                0x00000000       0x12 G:\Ingeniously\I_P-A-S-V-t-tenCI_\Atmel\Librari\MyLibs\PWM_lib\Debug\libPWM_lib.a(PWM_lib.o)
 .text.changeMotorDirectionLF
                0x00000000        0x6 G:\Ingeniously\I_P-A-S-V-t-tenCI_\Atmel\Librari\MyLibs\PWM_lib\Debug\libPWM_lib.a(PWM_lib.o)
 .text.changeMotorDirectionLB
                0x00000000        0x6 G:\Ingeniously\I_P-A-S-V-t-tenCI_\Atmel\Librari\MyLibs\PWM_lib\Debug\libPWM_lib.a(PWM_lib.o)
 .text.turnLeft
                0x00000000        0xa G:\Ingeniously\I_P-A-S-V-t-tenCI_\Atmel\Librari\MyLibs\PWM_lib\Debug\libPWM_lib.a(PWM_lib.o)
 .text.changeMotorDirectionRF
                0x00000000        0x6 G:\Ingeniously\I_P-A-S-V-t-tenCI_\Atmel\Librari\MyLibs\PWM_lib\Debug\libPWM_lib.a(PWM_lib.o)
 .text.changeMotorDirectionRB
                0x00000000        0x6 G:\Ingeniously\I_P-A-S-V-t-tenCI_\Atmel\Librari\MyLibs\PWM_lib\Debug\libPWM_lib.a(PWM_lib.o)
 .text.move     0x00000000       0xcc G:\Ingeniously\I_P-A-S-V-t-tenCI_\Atmel\Librari\MyLibs\PWM_lib\Debug\libPWM_lib.a(PWM_lib.o)
 .text.turnRight
                0x00000000        0xa G:\Ingeniously\I_P-A-S-V-t-tenCI_\Atmel\Librari\MyLibs\PWM_lib\Debug\libPWM_lib.a(PWM_lib.o)
 .text.breakLeft
                0x00000000       0x12 G:\Ingeniously\I_P-A-S-V-t-tenCI_\Atmel\Librari\MyLibs\PWM_lib\Debug\libPWM_lib.a(PWM_lib.o)
 .text.breakRight
                0x00000000       0x12 G:\Ingeniously\I_P-A-S-V-t-tenCI_\Atmel\Librari\MyLibs\PWM_lib\Debug\libPWM_lib.a(PWM_lib.o)
 .text          0x00000000        0x0 G:\Ingeniously\I_P-A-S-V-t-tenCI_\Atmel\Librari\MyLibs\Sensors\Debug\libSensors.a(Sensors.o)
 .data          0x00000000        0x0 G:\Ingeniously\I_P-A-S-V-t-tenCI_\Atmel\Librari\MyLibs\Sensors\Debug\libSensors.a(Sensors.o)
 .bss           0x00000000        0x0 G:\Ingeniously\I_P-A-S-V-t-tenCI_\Atmel\Librari\MyLibs\Sensors\Debug\libSensors.a(Sensors.o)
 .text.getDistance
                0x00000000       0x7c G:\Ingeniously\I_P-A-S-V-t-tenCI_\Atmel\Librari\MyLibs\Sensors\Debug\libSensors.a(Sensors.o)
 .text.getLastUltrasonicValue
                0x00000000       0x1c G:\Ingeniously\I_P-A-S-V-t-tenCI_\Atmel\Librari\MyLibs\Sensors\Debug\libSensors.a(Sensors.o)
 .text.getAverageUltrasonicValue
                0x00000000       0xf8 G:\Ingeniously\I_P-A-S-V-t-tenCI_\Atmel\Librari\MyLibs\Sensors\Debug\libSensors.a(Sensors.o)
 .text.setUltrasonicManualMeasure
                0x00000000       0x16 G:\Ingeniously\I_P-A-S-V-t-tenCI_\Atmel\Librari\MyLibs\Sensors\Debug\libSensors.a(Sensors.o)
 .text.startUltrasonicMeasure
                0x00000000        0xa G:\Ingeniously\I_P-A-S-V-t-tenCI_\Atmel\Librari\MyLibs\Sensors\Debug\libSensors.a(Sensors.o)
 .bss.distance  0x00000000        0x4 G:\Ingeniously\I_P-A-S-V-t-tenCI_\Atmel\Librari\MyLibs\Sensors\Debug\libSensors.a(Sensors.o)
 .text          0x00000000        0x0 G:\Ingeniously\I_P-A-S-V-t-tenCI_\Atmel\Librari\MyLibs\Communication\Debug\libCommunication.a(Communication.o)
 .data          0x00000000        0x0 G:\Ingeniously\I_P-A-S-V-t-tenCI_\Atmel\Librari\MyLibs\Communication\Debug\libCommunication.a(Communication.o)
 .bss           0x00000000        0x0 G:\Ingeniously\I_P-A-S-V-t-tenCI_\Atmel\Librari\MyLibs\Communication\Debug\libCommunication.a(Communication.o)
 .text.sendByte
                0x00000000       0x48 G:\Ingeniously\I_P-A-S-V-t-tenCI_\Atmel\Librari\MyLibs\Communication\Debug\libCommunication.a(Communication.o)
 .text          0x00000000        0x0 G:\Ingeniously\I_P-A-S-V-t-tenCI_\Atmel\Librari\MyLibs\Time\Debug\libTime.a(Time.o)
 .data          0x00000000        0x0 G:\Ingeniously\I_P-A-S-V-t-tenCI_\Atmel\Librari\MyLibs\Time\Debug\libTime.a(Time.o)
 .bss           0x00000000        0x0 G:\Ingeniously\I_P-A-S-V-t-tenCI_\Atmel\Librari\MyLibs\Time\Debug\libTime.a(Time.o)
 .text.executeCommandForTime
                0x00000000       0x88 G:\Ingeniously\I_P-A-S-V-t-tenCI_\Atmel\Librari\MyLibs\Time\Debug\libTime.a(Time.o)
 .bss.lastCOMPARE
                0x00000000        0x2 G:\Ingeniously\I_P-A-S-V-t-tenCI_\Atmel\Librari\MyLibs\Time\Debug\libTime.a(Time.o)
 .text          0x00000000        0x0 c:/program files (x86)/atmel/atmel toolchain/avr8 gcc/native/3.4.1061/avr8-gnu-toolchain/bin/../lib/gcc/avr/4.8.1/../../../../avr/lib/avr5\libm.a(addsf3.o)
 .data          0x00000000        0x0 c:/program files (x86)/atmel/atmel toolchain/avr8 gcc/native/3.4.1061/avr8-gnu-toolchain/bin/../lib/gcc/avr/4.8.1/../../../../avr/lib/avr5\libm.a(addsf3.o)
 .bss           0x00000000        0x0 c:/program files (x86)/atmel/atmel toolchain/avr8 gcc/native/3.4.1061/avr8-gnu-toolchain/bin/../lib/gcc/avr/4.8.1/../../../../avr/lib/avr5\libm.a(addsf3.o)
 .text          0x00000000        0x0 c:/program files (x86)/atmel/atmel toolchain/avr8 gcc/native/3.4.1061/avr8-gnu-toolchain/bin/../lib/gcc/avr/4.8.1/../../../../avr/lib/avr5\libm.a(addsf3x.o)
 .data          0x00000000        0x0 c:/program files (x86)/atmel/atmel toolchain/avr8 gcc/native/3.4.1061/avr8-gnu-toolchain/bin/../lib/gcc/avr/4.8.1/../../../../avr/lib/avr5\libm.a(addsf3x.o)
 .bss           0x00000000        0x0 c:/program files (x86)/atmel/atmel toolchain/avr8 gcc/native/3.4.1061/avr8-gnu-toolchain/bin/../lib/gcc/avr/4.8.1/../../../../avr/lib/avr5\libm.a(addsf3x.o)
 .text          0x00000000        0x0 c:/program files (x86)/atmel/atmel toolchain/avr8 gcc/native/3.4.1061/avr8-gnu-toolchain/bin/../lib/gcc/avr/4.8.1/../../../../avr/lib/avr5\libm.a(cmpsf2.o)
 .data          0x00000000        0x0 c:/program files (x86)/atmel/atmel toolchain/avr8 gcc/native/3.4.1061/avr8-gnu-toolchain/bin/../lib/gcc/avr/4.8.1/../../../../avr/lib/avr5\libm.a(cmpsf2.o)
 .bss           0x00000000        0x0 c:/program files (x86)/atmel/atmel toolchain/avr8 gcc/native/3.4.1061/avr8-gnu-toolchain/bin/../lib/gcc/avr/4.8.1/../../../../avr/lib/avr5\libm.a(cmpsf2.o)
 .text          0x00000000        0x0 c:/program files (x86)/atmel/atmel toolchain/avr8 gcc/native/3.4.1061/avr8-gnu-toolchain/bin/../lib/gcc/avr/4.8.1/../../../../avr/lib/avr5\libm.a(divsf3.o)
 .data          0x00000000        0x0 c:/program files (x86)/atmel/atmel toolchain/avr8 gcc/native/3.4.1061/avr8-gnu-toolchain/bin/../lib/gcc/avr/4.8.1/../../../../avr/lib/avr5\libm.a(divsf3.o)
 .bss           0x00000000        0x0 c:/program files (x86)/atmel/atmel toolchain/avr8 gcc/native/3.4.1061/avr8-gnu-toolchain/bin/../lib/gcc/avr/4.8.1/../../../../avr/lib/avr5\libm.a(divsf3.o)
 .text          0x00000000        0x0 c:/program files (x86)/atmel/atmel toolchain/avr8 gcc/native/3.4.1061/avr8-gnu-toolchain/bin/../lib/gcc/avr/4.8.1/../../../../avr/lib/avr5\libm.a(divsf3x.o)
 .data          0x00000000        0x0 c:/program files (x86)/atmel/atmel toolchain/avr8 gcc/native/3.4.1061/avr8-gnu-toolchain/bin/../lib/gcc/avr/4.8.1/../../../../avr/lib/avr5\libm.a(divsf3x.o)
 .bss           0x00000000        0x0 c:/program files (x86)/atmel/atmel toolchain/avr8 gcc/native/3.4.1061/avr8-gnu-toolchain/bin/../lib/gcc/avr/4.8.1/../../../../avr/lib/avr5\libm.a(divsf3x.o)
 .text          0x00000000        0x0 c:/program files (x86)/atmel/atmel toolchain/avr8 gcc/native/3.4.1061/avr8-gnu-toolchain/bin/../lib/gcc/avr/4.8.1/../../../../avr/lib/avr5\libm.a(fixunssfsi.o)
 .data          0x00000000        0x0 c:/program files (x86)/atmel/atmel toolchain/avr8 gcc/native/3.4.1061/avr8-gnu-toolchain/bin/../lib/gcc/avr/4.8.1/../../../../avr/lib/avr5\libm.a(fixunssfsi.o)
 .bss           0x00000000        0x0 c:/program files (x86)/atmel/atmel toolchain/avr8 gcc/native/3.4.1061/avr8-gnu-toolchain/bin/../lib/gcc/avr/4.8.1/../../../../avr/lib/avr5\libm.a(fixunssfsi.o)
 .text          0x00000000        0x0 c:/program files (x86)/atmel/atmel toolchain/avr8 gcc/native/3.4.1061/avr8-gnu-toolchain/bin/../lib/gcc/avr/4.8.1/../../../../avr/lib/avr5\libm.a(floatsisf.o)
 .data          0x00000000        0x0 c:/program files (x86)/atmel/atmel toolchain/avr8 gcc/native/3.4.1061/avr8-gnu-toolchain/bin/../lib/gcc/avr/4.8.1/../../../../avr/lib/avr5\libm.a(floatsisf.o)
 .bss           0x00000000        0x0 c:/program files (x86)/atmel/atmel toolchain/avr8 gcc/native/3.4.1061/avr8-gnu-toolchain/bin/../lib/gcc/avr/4.8.1/../../../../avr/lib/avr5\libm.a(floatsisf.o)
 .text          0x00000000        0x0 c:/program files (x86)/atmel/atmel toolchain/avr8 gcc/native/3.4.1061/avr8-gnu-toolchain/bin/../lib/gcc/avr/4.8.1/../../../../avr/lib/avr5\libm.a(fp_cmp.o)
 .data          0x00000000        0x0 c:/program files (x86)/atmel/atmel toolchain/avr8 gcc/native/3.4.1061/avr8-gnu-toolchain/bin/../lib/gcc/avr/4.8.1/../../../../avr/lib/avr5\libm.a(fp_cmp.o)
 .bss           0x00000000        0x0 c:/program files (x86)/atmel/atmel toolchain/avr8 gcc/native/3.4.1061/avr8-gnu-toolchain/bin/../lib/gcc/avr/4.8.1/../../../../avr/lib/avr5\libm.a(fp_cmp.o)
 .text          0x00000000        0x0 c:/program files (x86)/atmel/atmel toolchain/avr8 gcc/native/3.4.1061/avr8-gnu-toolchain/bin/../lib/gcc/avr/4.8.1/../../../../avr/lib/avr5\libm.a(fp_inf.o)
 .data          0x00000000        0x0 c:/program files (x86)/atmel/atmel toolchain/avr8 gcc/native/3.4.1061/avr8-gnu-toolchain/bin/../lib/gcc/avr/4.8.1/../../../../avr/lib/avr5\libm.a(fp_inf.o)
 .bss           0x00000000        0x0 c:/program files (x86)/atmel/atmel toolchain/avr8 gcc/native/3.4.1061/avr8-gnu-toolchain/bin/../lib/gcc/avr/4.8.1/../../../../avr/lib/avr5\libm.a(fp_inf.o)
 .text          0x00000000        0x0 c:/program files (x86)/atmel/atmel toolchain/avr8 gcc/native/3.4.1061/avr8-gnu-toolchain/bin/../lib/gcc/avr/4.8.1/../../../../avr/lib/avr5\libm.a(fp_nan.o)
 .data          0x00000000        0x0 c:/program files (x86)/atmel/atmel toolchain/avr8 gcc/native/3.4.1061/avr8-gnu-toolchain/bin/../lib/gcc/avr/4.8.1/../../../../avr/lib/avr5\libm.a(fp_nan.o)
 .bss           0x00000000        0x0 c:/program files (x86)/atmel/atmel toolchain/avr8 gcc/native/3.4.1061/avr8-gnu-toolchain/bin/../lib/gcc/avr/4.8.1/../../../../avr/lib/avr5\libm.a(fp_nan.o)
 .text          0x00000000        0x0 c:/program files (x86)/atmel/atmel toolchain/avr8 gcc/native/3.4.1061/avr8-gnu-toolchain/bin/../lib/gcc/avr/4.8.1/../../../../avr/lib/avr5\libm.a(fp_pscA.o)
 .data          0x00000000        0x0 c:/program files (x86)/atmel/atmel toolchain/avr8 gcc/native/3.4.1061/avr8-gnu-toolchain/bin/../lib/gcc/avr/4.8.1/../../../../avr/lib/avr5\libm.a(fp_pscA.o)
 .bss           0x00000000        0x0 c:/program files (x86)/atmel/atmel toolchain/avr8 gcc/native/3.4.1061/avr8-gnu-toolchain/bin/../lib/gcc/avr/4.8.1/../../../../avr/lib/avr5\libm.a(fp_pscA.o)
 .text          0x00000000        0x0 c:/program files (x86)/atmel/atmel toolchain/avr8 gcc/native/3.4.1061/avr8-gnu-toolchain/bin/../lib/gcc/avr/4.8.1/../../../../avr/lib/avr5\libm.a(fp_pscB.o)
 .data          0x00000000        0x0 c:/program files (x86)/atmel/atmel toolchain/avr8 gcc/native/3.4.1061/avr8-gnu-toolchain/bin/../lib/gcc/avr/4.8.1/../../../../avr/lib/avr5\libm.a(fp_pscB.o)
 .bss           0x00000000        0x0 c:/program files (x86)/atmel/atmel toolchain/avr8 gcc/native/3.4.1061/avr8-gnu-toolchain/bin/../lib/gcc/avr/4.8.1/../../../../avr/lib/avr5\libm.a(fp_pscB.o)
 .text          0x00000000        0x0 c:/program files (x86)/atmel/atmel toolchain/avr8 gcc/native/3.4.1061/avr8-gnu-toolchain/bin/../lib/gcc/avr/4.8.1/../../../../avr/lib/avr5\libm.a(fp_round.o)
 .data          0x00000000        0x0 c:/program files (x86)/atmel/atmel toolchain/avr8 gcc/native/3.4.1061/avr8-gnu-toolchain/bin/../lib/gcc/avr/4.8.1/../../../../avr/lib/avr5\libm.a(fp_round.o)
 .bss           0x00000000        0x0 c:/program files (x86)/atmel/atmel toolchain/avr8 gcc/native/3.4.1061/avr8-gnu-toolchain/bin/../lib/gcc/avr/4.8.1/../../../../avr/lib/avr5\libm.a(fp_round.o)
 .text          0x00000000        0x0 c:/program files (x86)/atmel/atmel toolchain/avr8 gcc/native/3.4.1061/avr8-gnu-toolchain/bin/../lib/gcc/avr/4.8.1/../../../../avr/lib/avr5\libm.a(fp_split3.o)
 .data          0x00000000        0x0 c:/program files (x86)/atmel/atmel toolchain/avr8 gcc/native/3.4.1061/avr8-gnu-toolchain/bin/../lib/gcc/avr/4.8.1/../../../../avr/lib/avr5\libm.a(fp_split3.o)
 .bss           0x00000000        0x0 c:/program files (x86)/atmel/atmel toolchain/avr8 gcc/native/3.4.1061/avr8-gnu-toolchain/bin/../lib/gcc/avr/4.8.1/../../../../avr/lib/avr5\libm.a(fp_split3.o)
 .text          0x00000000        0x0 c:/program files (x86)/atmel/atmel toolchain/avr8 gcc/native/3.4.1061/avr8-gnu-toolchain/bin/../lib/gcc/avr/4.8.1/../../../../avr/lib/avr5\libm.a(fp_zero.o)
 .data          0x00000000        0x0 c:/program files (x86)/atmel/atmel toolchain/avr8 gcc/native/3.4.1061/avr8-gnu-toolchain/bin/../lib/gcc/avr/4.8.1/../../../../avr/lib/avr5\libm.a(fp_zero.o)
 .bss           0x00000000        0x0 c:/program files (x86)/atmel/atmel toolchain/avr8 gcc/native/3.4.1061/avr8-gnu-toolchain/bin/../lib/gcc/avr/4.8.1/../../../../avr/lib/avr5\libm.a(fp_zero.o)
 .text          0x00000000        0x0 c:/program files (x86)/atmel/atmel toolchain/avr8 gcc/native/3.4.1061/avr8-gnu-toolchain/bin/../lib/gcc/avr/4.8.1/../../../../avr/lib/avr5\libm.a(gesf2.o)
 .data          0x00000000        0x0 c:/program files (x86)/atmel/atmel toolchain/avr8 gcc/native/3.4.1061/avr8-gnu-toolchain/bin/../lib/gcc/avr/4.8.1/../../../../avr/lib/avr5\libm.a(gesf2.o)
 .bss           0x00000000        0x0 c:/program files (x86)/atmel/atmel toolchain/avr8 gcc/native/3.4.1061/avr8-gnu-toolchain/bin/../lib/gcc/avr/4.8.1/../../../../avr/lib/avr5\libm.a(gesf2.o)
 .text          0x00000000        0x0 c:/program files (x86)/atmel/atmel toolchain/avr8 gcc/native/3.4.1061/avr8-gnu-toolchain/bin/../lib/gcc/avr/4.8.1/../../../../avr/lib/avr5\libm.a(lrint.o)
 .data          0x00000000        0x0 c:/program files (x86)/atmel/atmel toolchain/avr8 gcc/native/3.4.1061/avr8-gnu-toolchain/bin/../lib/gcc/avr/4.8.1/../../../../avr/lib/avr5\libm.a(lrint.o)
 .bss           0x00000000        0x0 c:/program files (x86)/atmel/atmel toolchain/avr8 gcc/native/3.4.1061/avr8-gnu-toolchain/bin/../lib/gcc/avr/4.8.1/../../../../avr/lib/avr5\libm.a(lrint.o)
 .text          0x00000000        0x0 c:/program files (x86)/atmel/atmel toolchain/avr8 gcc/native/3.4.1061/avr8-gnu-toolchain/bin/../lib/gcc/avr/4.8.1/../../../../avr/lib/avr5\libm.a(mulsf3.o)
 .data          0x00000000        0x0 c:/program files (x86)/atmel/atmel toolchain/avr8 gcc/native/3.4.1061/avr8-gnu-toolchain/bin/../lib/gcc/avr/4.8.1/../../../../avr/lib/avr5\libm.a(mulsf3.o)
 .bss           0x00000000        0x0 c:/program files (x86)/atmel/atmel toolchain/avr8 gcc/native/3.4.1061/avr8-gnu-toolchain/bin/../lib/gcc/avr/4.8.1/../../../../avr/lib/avr5\libm.a(mulsf3.o)
 .text          0x00000000        0x0 c:/program files (x86)/atmel/atmel toolchain/avr8 gcc/native/3.4.1061/avr8-gnu-toolchain/bin/../lib/gcc/avr/4.8.1/../../../../avr/lib/avr5\libm.a(mulsf3x.o)
 .data          0x00000000        0x0 c:/program files (x86)/atmel/atmel toolchain/avr8 gcc/native/3.4.1061/avr8-gnu-toolchain/bin/../lib/gcc/avr/4.8.1/../../../../avr/lib/avr5\libm.a(mulsf3x.o)
 .bss           0x00000000        0x0 c:/program files (x86)/atmel/atmel toolchain/avr8 gcc/native/3.4.1061/avr8-gnu-toolchain/bin/../lib/gcc/avr/4.8.1/../../../../avr/lib/avr5\libm.a(mulsf3x.o)
 .text          0x00000000        0x0 c:/program files (x86)/atmel/atmel toolchain/avr8 gcc/native/3.4.1061/avr8-gnu-toolchain/bin/../lib/gcc/avr/4.8.1/avr5\libgcc.a(_divmodhi4.o)
 .data          0x00000000        0x0 c:/program files (x86)/atmel/atmel toolchain/avr8 gcc/native/3.4.1061/avr8-gnu-toolchain/bin/../lib/gcc/avr/4.8.1/avr5\libgcc.a(_divmodhi4.o)
 .bss           0x00000000        0x0 c:/program files (x86)/atmel/atmel toolchain/avr8 gcc/native/3.4.1061/avr8-gnu-toolchain/bin/../lib/gcc/avr/4.8.1/avr5\libgcc.a(_divmodhi4.o)
 .text.libgcc.mul
                0x00000000        0x0 c:/program files (x86)/atmel/atmel toolchain/avr8 gcc/native/3.4.1061/avr8-gnu-toolchain/bin/../lib/gcc/avr/4.8.1/avr5\libgcc.a(_divmodhi4.o)
 .text.libgcc   0x00000000        0x0 c:/program files (x86)/atmel/atmel toolchain/avr8 gcc/native/3.4.1061/avr8-gnu-toolchain/bin/../lib/gcc/avr/4.8.1/avr5\libgcc.a(_divmodhi4.o)
 .text.libgcc.prologue
                0x00000000        0x0 c:/program files (x86)/atmel/atmel toolchain/avr8 gcc/native/3.4.1061/avr8-gnu-toolchain/bin/../lib/gcc/avr/4.8.1/avr5\libgcc.a(_divmodhi4.o)
 .text.libgcc.builtins
                0x00000000        0x0 c:/program files (x86)/atmel/atmel toolchain/avr8 gcc/native/3.4.1061/avr8-gnu-toolchain/bin/../lib/gcc/avr/4.8.1/avr5\libgcc.a(_divmodhi4.o)
 .text.libgcc.fmul
                0x00000000        0x0 c:/program files (x86)/atmel/atmel toolchain/avr8 gcc/native/3.4.1061/avr8-gnu-toolchain/bin/../lib/gcc/avr/4.8.1/avr5\libgcc.a(_divmodhi4.o)
 .text.libgcc.fixed
                0x00000000        0x0 c:/program files (x86)/atmel/atmel toolchain/avr8 gcc/native/3.4.1061/avr8-gnu-toolchain/bin/../lib/gcc/avr/4.8.1/avr5\libgcc.a(_divmodhi4.o)
 .text          0x00000000        0x0 c:/program files (x86)/atmel/atmel toolchain/avr8 gcc/native/3.4.1061/avr8-gnu-toolchain/bin/../lib/gcc/avr/4.8.1/avr5\libgcc.a(_divmodsi4.o)
 .data          0x00000000        0x0 c:/program files (x86)/atmel/atmel toolchain/avr8 gcc/native/3.4.1061/avr8-gnu-toolchain/bin/../lib/gcc/avr/4.8.1/avr5\libgcc.a(_divmodsi4.o)
 .bss           0x00000000        0x0 c:/program files (x86)/atmel/atmel toolchain/avr8 gcc/native/3.4.1061/avr8-gnu-toolchain/bin/../lib/gcc/avr/4.8.1/avr5\libgcc.a(_divmodsi4.o)
 .text.libgcc.mul
                0x00000000        0x0 c:/program files (x86)/atmel/atmel toolchain/avr8 gcc/native/3.4.1061/avr8-gnu-toolchain/bin/../lib/gcc/avr/4.8.1/avr5\libgcc.a(_divmodsi4.o)
 .text.libgcc   0x00000000        0x0 c:/program files (x86)/atmel/atmel toolchain/avr8 gcc/native/3.4.1061/avr8-gnu-toolchain/bin/../lib/gcc/avr/4.8.1/avr5\libgcc.a(_divmodsi4.o)
 .text.libgcc.prologue
                0x00000000        0x0 c:/program files (x86)/atmel/atmel toolchain/avr8 gcc/native/3.4.1061/avr8-gnu-toolchain/bin/../lib/gcc/avr/4.8.1/avr5\libgcc.a(_divmodsi4.o)
 .text.libgcc.builtins
                0x00000000        0x0 c:/program files (x86)/atmel/atmel toolchain/avr8 gcc/native/3.4.1061/avr8-gnu-toolchain/bin/../lib/gcc/avr/4.8.1/avr5\libgcc.a(_divmodsi4.o)
 .text.libgcc.fmul
                0x00000000        0x0 c:/program files (x86)/atmel/atmel toolchain/avr8 gcc/native/3.4.1061/avr8-gnu-toolchain/bin/../lib/gcc/avr/4.8.1/avr5\libgcc.a(_divmodsi4.o)
 .text.libgcc.fixed
                0x00000000        0x0 c:/program files (x86)/atmel/atmel toolchain/avr8 gcc/native/3.4.1061/avr8-gnu-toolchain/bin/../lib/gcc/avr/4.8.1/avr5\libgcc.a(_divmodsi4.o)
 .text          0x00000000        0x0 c:/program files (x86)/atmel/atmel toolchain/avr8 gcc/native/3.4.1061/avr8-gnu-toolchain/bin/../lib/gcc/avr/4.8.1/avr5\libgcc.a(_negsi2.o)
 .data          0x00000000        0x0 c:/program files (x86)/atmel/atmel toolchain/avr8 gcc/native/3.4.1061/avr8-gnu-toolchain/bin/../lib/gcc/avr/4.8.1/avr5\libgcc.a(_negsi2.o)
 .bss           0x00000000        0x0 c:/program files (x86)/atmel/atmel toolchain/avr8 gcc/native/3.4.1061/avr8-gnu-toolchain/bin/../lib/gcc/avr/4.8.1/avr5\libgcc.a(_negsi2.o)
 .text.libgcc.mul
                0x00000000        0x0 c:/program files (x86)/atmel/atmel toolchain/avr8 gcc/native/3.4.1061/avr8-gnu-toolchain/bin/../lib/gcc/avr/4.8.1/avr5\libgcc.a(_negsi2.o)
 .text.libgcc   0x00000000        0x0 c:/program files (x86)/atmel/atmel toolchain/avr8 gcc/native/3.4.1061/avr8-gnu-toolchain/bin/../lib/gcc/avr/4.8.1/avr5\libgcc.a(_negsi2.o)
 .text.libgcc.prologue
                0x00000000        0x0 c:/program files (x86)/atmel/atmel toolchain/avr8 gcc/native/3.4.1061/avr8-gnu-toolchain/bin/../lib/gcc/avr/4.8.1/avr5\libgcc.a(_negsi2.o)
 .text.libgcc.builtins
                0x00000000        0x0 c:/program files (x86)/atmel/atmel toolchain/avr8 gcc/native/3.4.1061/avr8-gnu-toolchain/bin/../lib/gcc/avr/4.8.1/avr5\libgcc.a(_negsi2.o)
 .text.libgcc.fmul
                0x00000000        0x0 c:/program files (x86)/atmel/atmel toolchain/avr8 gcc/native/3.4.1061/avr8-gnu-toolchain/bin/../lib/gcc/avr/4.8.1/avr5\libgcc.a(_negsi2.o)
 .text.libgcc.fixed
                0x00000000        0x0 c:/program files (x86)/atmel/atmel toolchain/avr8 gcc/native/3.4.1061/avr8-gnu-toolchain/bin/../lib/gcc/avr/4.8.1/avr5\libgcc.a(_negsi2.o)
 .text          0x00000000        0x0 c:/program files (x86)/atmel/atmel toolchain/avr8 gcc/native/3.4.1061/avr8-gnu-toolchain/bin/../lib/gcc/avr/4.8.1/avr5\libgcc.a(_exit.o)
 .data          0x00000000        0x0 c:/program files (x86)/atmel/atmel toolchain/avr8 gcc/native/3.4.1061/avr8-gnu-toolchain/bin/../lib/gcc/avr/4.8.1/avr5\libgcc.a(_exit.o)
 .bss           0x00000000        0x0 c:/program files (x86)/atmel/atmel toolchain/avr8 gcc/native/3.4.1061/avr8-gnu-toolchain/bin/../lib/gcc/avr/4.8.1/avr5\libgcc.a(_exit.o)
 .text.libgcc.mul
                0x00000000        0x0 c:/program files (x86)/atmel/atmel toolchain/avr8 gcc/native/3.4.1061/avr8-gnu-toolchain/bin/../lib/gcc/avr/4.8.1/avr5\libgcc.a(_exit.o)
 .text.libgcc.div
                0x00000000        0x0 c:/program files (x86)/atmel/atmel toolchain/avr8 gcc/native/3.4.1061/avr8-gnu-toolchain/bin/../lib/gcc/avr/4.8.1/avr5\libgcc.a(_exit.o)
 .text.libgcc   0x00000000        0x0 c:/program files (x86)/atmel/atmel toolchain/avr8 gcc/native/3.4.1061/avr8-gnu-toolchain/bin/../lib/gcc/avr/4.8.1/avr5\libgcc.a(_exit.o)
 .text.libgcc.prologue
                0x00000000        0x0 c:/program files (x86)/atmel/atmel toolchain/avr8 gcc/native/3.4.1061/avr8-gnu-toolchain/bin/../lib/gcc/avr/4.8.1/avr5\libgcc.a(_exit.o)
 .text.libgcc.builtins
                0x00000000        0x0 c:/program files (x86)/atmel/atmel toolchain/avr8 gcc/native/3.4.1061/avr8-gnu-toolchain/bin/../lib/gcc/avr/4.8.1/avr5\libgcc.a(_exit.o)
 .text.libgcc.fmul
                0x00000000        0x0 c:/program files (x86)/atmel/atmel toolchain/avr8 gcc/native/3.4.1061/avr8-gnu-toolchain/bin/../lib/gcc/avr/4.8.1/avr5\libgcc.a(_exit.o)
 .text.libgcc.fixed
                0x00000000        0x0 c:/program files (x86)/atmel/atmel toolchain/avr8 gcc/native/3.4.1061/avr8-gnu-toolchain/bin/../lib/gcc/avr/4.8.1/avr5\libgcc.a(_exit.o)
 .text          0x00000000        0x0 c:/program files (x86)/atmel/atmel toolchain/avr8 gcc/native/3.4.1061/avr8-gnu-toolchain/bin/../lib/gcc/avr/4.8.1/avr5\libgcc.a(_copy_data.o)
 .data          0x00000000        0x0 c:/program files (x86)/atmel/atmel toolchain/avr8 gcc/native/3.4.1061/avr8-gnu-toolchain/bin/../lib/gcc/avr/4.8.1/avr5\libgcc.a(_copy_data.o)
 .bss           0x00000000        0x0 c:/program files (x86)/atmel/atmel toolchain/avr8 gcc/native/3.4.1061/avr8-gnu-toolchain/bin/../lib/gcc/avr/4.8.1/avr5\libgcc.a(_copy_data.o)
 .text.libgcc.mul
                0x00000000        0x0 c:/program files (x86)/atmel/atmel toolchain/avr8 gcc/native/3.4.1061/avr8-gnu-toolchain/bin/../lib/gcc/avr/4.8.1/avr5\libgcc.a(_copy_data.o)
 .text.libgcc.div
                0x00000000        0x0 c:/program files (x86)/atmel/atmel toolchain/avr8 gcc/native/3.4.1061/avr8-gnu-toolchain/bin/../lib/gcc/avr/4.8.1/avr5\libgcc.a(_copy_data.o)
 .text.libgcc   0x00000000        0x0 c:/program files (x86)/atmel/atmel toolchain/avr8 gcc/native/3.4.1061/avr8-gnu-toolchain/bin/../lib/gcc/avr/4.8.1/avr5\libgcc.a(_copy_data.o)
 .text.libgcc.prologue
                0x00000000        0x0 c:/program files (x86)/atmel/atmel toolchain/avr8 gcc/native/3.4.1061/avr8-gnu-toolchain/bin/../lib/gcc/avr/4.8.1/avr5\libgcc.a(_copy_data.o)
 .text.libgcc.builtins
                0x00000000        0x0 c:/program files (x86)/atmel/atmel toolchain/avr8 gcc/native/3.4.1061/avr8-gnu-toolchain/bin/../lib/gcc/avr/4.8.1/avr5\libgcc.a(_copy_data.o)
 .text.libgcc.fmul
                0x00000000        0x0 c:/program files (x86)/atmel/atmel toolchain/avr8 gcc/native/3.4.1061/avr8-gnu-toolchain/bin/../lib/gcc/avr/4.8.1/avr5\libgcc.a(_copy_data.o)
 .text.libgcc.fixed
                0x00000000        0x0 c:/program files (x86)/atmel/atmel toolchain/avr8 gcc/native/3.4.1061/avr8-gnu-toolchain/bin/../lib/gcc/avr/4.8.1/avr5\libgcc.a(_copy_data.o)
 .text          0x00000000        0x0 c:/program files (x86)/atmel/atmel toolchain/avr8 gcc/native/3.4.1061/avr8-gnu-toolchain/bin/../lib/gcc/avr/4.8.1/avr5\libgcc.a(_clear_bss.o)
 .data          0x00000000        0x0 c:/program files (x86)/atmel/atmel toolchain/avr8 gcc/native/3.4.1061/avr8-gnu-toolchain/bin/../lib/gcc/avr/4.8.1/avr5\libgcc.a(_clear_bss.o)
 .bss           0x00000000        0x0 c:/program files (x86)/atmel/atmel toolchain/avr8 gcc/native/3.4.1061/avr8-gnu-toolchain/bin/../lib/gcc/avr/4.8.1/avr5\libgcc.a(_clear_bss.o)
 .text.libgcc.mul
                0x00000000        0x0 c:/program files (x86)/atmel/atmel toolchain/avr8 gcc/native/3.4.1061/avr8-gnu-toolchain/bin/../lib/gcc/avr/4.8.1/avr5\libgcc.a(_clear_bss.o)
 .text.libgcc.div
                0x00000000        0x0 c:/program files (x86)/atmel/atmel toolchain/avr8 gcc/native/3.4.1061/avr8-gnu-toolchain/bin/../lib/gcc/avr/4.8.1/avr5\libgcc.a(_clear_bss.o)
 .text.libgcc   0x00000000        0x0 c:/program files (x86)/atmel/atmel toolchain/avr8 gcc/native/3.4.1061/avr8-gnu-toolchain/bin/../lib/gcc/avr/4.8.1/avr5\libgcc.a(_clear_bss.o)
 .text.libgcc.prologue
                0x00000000        0x0 c:/program files (x86)/atmel/atmel toolchain/avr8 gcc/native/3.4.1061/avr8-gnu-toolchain/bin/../lib/gcc/avr/4.8.1/avr5\libgcc.a(_clear_bss.o)
 .text.libgcc.builtins
                0x00000000        0x0 c:/program files (x86)/atmel/atmel toolchain/avr8 gcc/native/3.4.1061/avr8-gnu-toolchain/bin/../lib/gcc/avr/4.8.1/avr5\libgcc.a(_clear_bss.o)
 .text.libgcc.fmul
                0x00000000        0x0 c:/program files (x86)/atmel/atmel toolchain/avr8 gcc/native/3.4.1061/avr8-gnu-toolchain/bin/../lib/gcc/avr/4.8.1/avr5\libgcc.a(_clear_bss.o)
 .text.libgcc.fixed
                0x00000000        0x0 c:/program files (x86)/atmel/atmel toolchain/avr8 gcc/native/3.4.1061/avr8-gnu-toolchain/bin/../lib/gcc/avr/4.8.1/avr5\libgcc.a(_clear_bss.o)
 .text          0x00000000        0x0 c:/program files (x86)/atmel/atmel toolchain/avr8 gcc/native/3.4.1061/avr8-gnu-toolchain/bin/../lib/gcc/avr/4.8.1/avr5\libgcc.a(_umulhisi3.o)
 .data          0x00000000        0x0 c:/program files (x86)/atmel/atmel toolchain/avr8 gcc/native/3.4.1061/avr8-gnu-toolchain/bin/../lib/gcc/avr/4.8.1/avr5\libgcc.a(_umulhisi3.o)
 .bss           0x00000000        0x0 c:/program files (x86)/atmel/atmel toolchain/avr8 gcc/native/3.4.1061/avr8-gnu-toolchain/bin/../lib/gcc/avr/4.8.1/avr5\libgcc.a(_umulhisi3.o)
 .text.libgcc.div
                0x00000000        0x0 c:/program files (x86)/atmel/atmel toolchain/avr8 gcc/native/3.4.1061/avr8-gnu-toolchain/bin/../lib/gcc/avr/4.8.1/avr5\libgcc.a(_umulhisi3.o)
 .text.libgcc   0x00000000        0x0 c:/program files (x86)/atmel/atmel toolchain/avr8 gcc/native/3.4.1061/avr8-gnu-toolchain/bin/../lib/gcc/avr/4.8.1/avr5\libgcc.a(_umulhisi3.o)
 .text.libgcc.prologue
                0x00000000        0x0 c:/program files (x86)/atmel/atmel toolchain/avr8 gcc/native/3.4.1061/avr8-gnu-toolchain/bin/../lib/gcc/avr/4.8.1/avr5\libgcc.a(_umulhisi3.o)
 .text.libgcc.builtins
                0x00000000        0x0 c:/program files (x86)/atmel/atmel toolchain/avr8 gcc/native/3.4.1061/avr8-gnu-toolchain/bin/../lib/gcc/avr/4.8.1/avr5\libgcc.a(_umulhisi3.o)
 .text.libgcc.fmul
                0x00000000        0x0 c:/program files (x86)/atmel/atmel toolchain/avr8 gcc/native/3.4.1061/avr8-gnu-toolchain/bin/../lib/gcc/avr/4.8.1/avr5\libgcc.a(_umulhisi3.o)
 .text.libgcc.fixed
                0x00000000        0x0 c:/program files (x86)/atmel/atmel toolchain/avr8 gcc/native/3.4.1061/avr8-gnu-toolchain/bin/../lib/gcc/avr/4.8.1/avr5\libgcc.a(_umulhisi3.o)
 .text          0x00000000        0x0 c:/program files (x86)/atmel/atmel toolchain/avr8 gcc/native/3.4.1061/avr8-gnu-toolchain/bin/../lib/gcc/avr/4.8.1/avr5\libgcc.a(_udivmodhi4.o)
 .data          0x00000000        0x0 c:/program files (x86)/atmel/atmel toolchain/avr8 gcc/native/3.4.1061/avr8-gnu-toolchain/bin/../lib/gcc/avr/4.8.1/avr5\libgcc.a(_udivmodhi4.o)
 .bss           0x00000000        0x0 c:/program files (x86)/atmel/atmel toolchain/avr8 gcc/native/3.4.1061/avr8-gnu-toolchain/bin/../lib/gcc/avr/4.8.1/avr5\libgcc.a(_udivmodhi4.o)
 .text.libgcc.mul
                0x00000000        0x0 c:/program files (x86)/atmel/atmel toolchain/avr8 gcc/native/3.4.1061/avr8-gnu-toolchain/bin/../lib/gcc/avr/4.8.1/avr5\libgcc.a(_udivmodhi4.o)
 .text.libgcc   0x00000000        0x0 c:/program files (x86)/atmel/atmel toolchain/avr8 gcc/native/3.4.1061/avr8-gnu-toolchain/bin/../lib/gcc/avr/4.8.1/avr5\libgcc.a(_udivmodhi4.o)
 .text.libgcc.prologue
                0x00000000        0x0 c:/program files (x86)/atmel/atmel toolchain/avr8 gcc/native/3.4.1061/avr8-gnu-toolchain/bin/../lib/gcc/avr/4.8.1/avr5\libgcc.a(_udivmodhi4.o)
 .text.libgcc.builtins
                0x00000000        0x0 c:/program files (x86)/atmel/atmel toolchain/avr8 gcc/native/3.4.1061/avr8-gnu-toolchain/bin/../lib/gcc/avr/4.8.1/avr5\libgcc.a(_udivmodhi4.o)
 .text.libgcc.fmul
                0x00000000        0x0 c:/program files (x86)/atmel/atmel toolchain/avr8 gcc/native/3.4.1061/avr8-gnu-toolchain/bin/../lib/gcc/avr/4.8.1/avr5\libgcc.a(_udivmodhi4.o)
 .text.libgcc.fixed
                0x00000000        0x0 c:/program files (x86)/atmel/atmel toolchain/avr8 gcc/native/3.4.1061/avr8-gnu-toolchain/bin/../lib/gcc/avr/4.8.1/avr5\libgcc.a(_udivmodhi4.o)
 .text          0x00000000        0x0 c:/program files (x86)/atmel/atmel toolchain/avr8 gcc/native/3.4.1061/avr8-gnu-toolchain/bin/../lib/gcc/avr/4.8.1/avr5\libgcc.a(_udivmodsi4.o)
 .data          0x00000000        0x0 c:/program files (x86)/atmel/atmel toolchain/avr8 gcc/native/3.4.1061/avr8-gnu-toolchain/bin/../lib/gcc/avr/4.8.1/avr5\libgcc.a(_udivmodsi4.o)
 .bss           0x00000000        0x0 c:/program files (x86)/atmel/atmel toolchain/avr8 gcc/native/3.4.1061/avr8-gnu-toolchain/bin/../lib/gcc/avr/4.8.1/avr5\libgcc.a(_udivmodsi4.o)
 .text.libgcc.mul
                0x00000000        0x0 c:/program files (x86)/atmel/atmel toolchain/avr8 gcc/native/3.4.1061/avr8-gnu-toolchain/bin/../lib/gcc/avr/4.8.1/avr5\libgcc.a(_udivmodsi4.o)
 .text.libgcc   0x00000000        0x0 c:/program files (x86)/atmel/atmel toolchain/avr8 gcc/native/3.4.1061/avr8-gnu-toolchain/bin/../lib/gcc/avr/4.8.1/avr5\libgcc.a(_udivmodsi4.o)
 .text.libgcc.prologue
                0x00000000        0x0 c:/program files (x86)/atmel/atmel toolchain/avr8 gcc/native/3.4.1061/avr8-gnu-toolchain/bin/../lib/gcc/avr/4.8.1/avr5\libgcc.a(_udivmodsi4.o)
 .text.libgcc.builtins
                0x00000000        0x0 c:/program files (x86)/atmel/atmel toolchain/avr8 gcc/native/3.4.1061/avr8-gnu-toolchain/bin/../lib/gcc/avr/4.8.1/avr5\libgcc.a(_udivmodsi4.o)
 .text.libgcc.fmul
                0x00000000        0x0 c:/program files (x86)/atmel/atmel toolchain/avr8 gcc/native/3.4.1061/avr8-gnu-toolchain/bin/../lib/gcc/avr/4.8.1/avr5\libgcc.a(_udivmodsi4.o)
 .text.libgcc.fixed
                0x00000000        0x0 c:/program files (x86)/atmel/atmel toolchain/avr8 gcc/native/3.4.1061/avr8-gnu-toolchain/bin/../lib/gcc/avr/4.8.1/avr5\libgcc.a(_udivmodsi4.o)

Memory Configuration

Name             Origin             Length             Attributes
text             0x00000000         0x00020000         xr
data             0x00800060         0x0000ffa0         rw !x
eeprom           0x00810000         0x00010000         rw !x
fuse             0x00820000         0x00000400         rw !x
lock             0x00830000         0x00000400         rw !x
signature        0x00840000         0x00000400         rw !x
user_signatures  0x00850000         0x00000400         rw !x
*default*        0x00000000         0xffffffff

Linker script and memory map

Address of section .data set to 0x800100
LOAD c:/program files (x86)/atmel/atmel toolchain/avr8 gcc/native/3.4.1061/avr8-gnu-toolchain/bin/../lib/gcc/avr/4.8.1/../../../../avr/lib/avr5/crtm324pa.o
LOAD Test2_atmega324PA.o
START GROUP
LOAD c:/program files (x86)/atmel/atmel toolchain/avr8 gcc/native/3.4.1061/avr8-gnu-toolchain/bin/../lib/gcc/avr/4.8.1/../../../../avr/lib/avr5\libm.a
LOAD G:\Ingeniously\I_P-A-S-V-t-tenCI_\Atmel\Librari\MyLibs\PWM_lib\Debug\libPWM_lib.a
LOAD G:\Ingeniously\I_P-A-S-V-t-tenCI_\Atmel\Librari\MyLibs\Sensors\Debug\libSensors.a
LOAD G:\Ingeniously\I_P-A-S-V-t-tenCI_\Atmel\Librari\MyLibs\Communication\Debug\libCommunication.a
LOAD G:\Ingeniously\I_P-A-S-V-t-tenCI_\Atmel\Librari\MyLibs\Time\Debug\libTime.a
END GROUP
START GROUP
LOAD c:/program files (x86)/atmel/atmel toolchain/avr8 gcc/native/3.4.1061/avr8-gnu-toolchain/bin/../lib/gcc/avr/4.8.1/avr5\libgcc.a
LOAD c:/program files (x86)/atmel/atmel toolchain/avr8 gcc/native/3.4.1061/avr8-gnu-toolchain/bin/../lib/gcc/avr/4.8.1/../../../../avr/lib/avr5\libm.a
LOAD c:/program files (x86)/atmel/atmel toolchain/avr8 gcc/native/3.4.1061/avr8-gnu-toolchain/bin/../lib/gcc/avr/4.8.1/../../../../avr/lib/avr5\libc.a
END GROUP

.hash
 *(.hash)

.dynsym
 *(.dynsym)

.dynstr
 *(.dynstr)

.gnu.version
 *(.gnu.version)

.gnu.version_d
 *(.gnu.version_d)

.gnu.version_r
 *(.gnu.version_r)

.rel.init
 *(.rel.init)

.rela.init
 *(.rela.init)

.rel.text
 *(.rel.text)
 *(.rel.text.*)
 *(.rel.gnu.linkonce.t*)

.rela.text
 *(.rela.text)
 *(.rela.text.*)
 *(.rela.gnu.linkonce.t*)

.rel.fini
 *(.rel.fini)

.rela.fini
 *(.rela.fini)

.rel.rodata
 *(.rel.rodata)
 *(.rel.rodata.*)
 *(.rel.gnu.linkonce.r*)

.rela.rodata
 *(.rela.rodata)
 *(.rela.rodata.*)
 *(.rela.gnu.linkonce.r*)

.rel.data
 *(.rel.data)
 *(.rel.data.*)
 *(.rel.gnu.linkonce.d*)

.rela.data
 *(.rela.data)
 *(.rela.data.*)
 *(.rela.gnu.linkonce.d*)

.rel.ctors
 *(.rel.ctors)

.rela.ctors
 *(.rela.ctors)

.rel.dtors
 *(.rel.dtors)

.rela.dtors
 *(.rela.dtors)

.rel.got
 *(.rel.got)

.rela.got
 *(.rela.got)

.rel.bss
 *(.rel.bss)

.rela.bss
 *(.rela.bss)

.rel.plt
 *(.rel.plt)

.rela.plt
 *(.rela.plt)

.text           0x00000000     0x1820
 *(.vectors)
 .vectors       0x00000000       0x7c c:/program files (x86)/atmel/atmel toolchain/avr8 gcc/native/3.4.1061/avr8-gnu-toolchain/bin/../lib/gcc/avr/4.8.1/../../../../avr/lib/avr5/crtm324pa.o
                0x00000000                __vector_default
                0x00000000                __vectors
 *(.vectors)
 *(.progmem.gcc*)
                0x0000007c                . = ALIGN (0x2)
                0x0000007c                __trampolines_start = .
 *(.trampolines)
 .trampolines   0x0000007c        0x0 linker stubs
 *(.trampolines*)
                0x0000007c                __trampolines_end = .
 *(.progmem*)
                0x0000007c                . = ALIGN (0x2)
 *(.jumptables)
 *(.jumptables*)
 *(.lowtext)
 *(.lowtext*)
                0x0000007c                __ctors_start = .
 *(.ctors)
                0x0000007c                __ctors_end = .
                0x0000007c                __dtors_start = .
 *(.dtors)
                0x0000007c                __dtors_end = .
 SORT(*)(.ctors)
 SORT(*)(.dtors)
 *(.init0)
 .init0         0x0000007c        0x0 c:/program files (x86)/atmel/atmel toolchain/avr8 gcc/native/3.4.1061/avr8-gnu-toolchain/bin/../lib/gcc/avr/4.8.1/../../../../avr/lib/avr5/crtm324pa.o
                0x0000007c                __init
 *(.init0)
 *(.init1)
 *(.init1)
 *(.init2)
 .init2         0x0000007c        0xc c:/program files (x86)/atmel/atmel toolchain/avr8 gcc/native/3.4.1061/avr8-gnu-toolchain/bin/../lib/gcc/avr/4.8.1/../../../../avr/lib/avr5/crtm324pa.o
 *(.init2)
 *(.init3)
 *(.init3)
 *(.init4)
 .init4         0x00000088       0x16 c:/program files (x86)/atmel/atmel toolchain/avr8 gcc/native/3.4.1061/avr8-gnu-toolchain/bin/../lib/gcc/avr/4.8.1/avr5\libgcc.a(_copy_data.o)
                0x00000088                __do_copy_data
 .init4         0x0000009e       0x10 c:/program files (x86)/atmel/atmel toolchain/avr8 gcc/native/3.4.1061/avr8-gnu-toolchain/bin/../lib/gcc/avr/4.8.1/avr5\libgcc.a(_clear_bss.o)
                0x0000009e                __do_clear_bss
 *(.init4)
 *(.init5)
 *(.init5)
 *(.init6)
 *(.init6)
 *(.init7)
 *(.init7)
 *(.init8)
 *(.init8)
 *(.init9)
 .init9         0x000000ae        0x8 c:/program files (x86)/atmel/atmel toolchain/avr8 gcc/native/3.4.1061/avr8-gnu-toolchain/bin/../lib/gcc/avr/4.8.1/../../../../avr/lib/avr5/crtm324pa.o
 *(.init9)
 *(.text)
 .text          0x000000b6        0x4 c:/program files (x86)/atmel/atmel toolchain/avr8 gcc/native/3.4.1061/avr8-gnu-toolchain/bin/../lib/gcc/avr/4.8.1/../../../../avr/lib/avr5/crtm324pa.o
                0x000000b6                __vector_22
                0x000000b6                __vector_1
                0x000000b6                __vector_12
                0x000000b6                __bad_interrupt
                0x000000b6                __vector_6
                0x000000b6                __vector_3
                0x000000b6                __vector_23
                0x000000b6                __vector_25
                0x000000b6                __vector_11
                0x000000b6                __vector_17
                0x000000b6                __vector_19
                0x000000b6                __vector_7
                0x000000b6                __vector_27
                0x000000b6                __vector_5
                0x000000b6                __vector_4
                0x000000b6                __vector_9
                0x000000b6                __vector_2
                0x000000b6                __vector_21
                0x000000b6                __vector_15
                0x000000b6                __vector_29
                0x000000b6                __vector_8
                0x000000b6                __vector_26
                0x000000b6                __vector_14
                0x000000b6                __vector_10
                0x000000b6                __vector_16
                0x000000b6                __vector_18
                0x000000ba                . = ALIGN (0x2)
 *(.text.*)
 .text.initAll  0x000000ba       0x1a Test2_atmega324PA.o
                0x000000ba                initAll
 .text.executeCommands
                0x000000d4       0x64 Test2_atmega324PA.o
                0x000000d4                executeCommands
 .text.main     0x00000138       0x12 Test2_atmega324PA.o
                0x00000138                main
 .text.changePwm_MotorLF
                0x0000014a       0x2e G:\Ingeniously\I_P-A-S-V-t-tenCI_\Atmel\Librari\MyLibs\PWM_lib\Debug\libPWM_lib.a(PWM_lib.o)
                0x0000014a                changePwm_MotorLF
 .text.changePwm_MotorLB
                0x00000178       0x2e G:\Ingeniously\I_P-A-S-V-t-tenCI_\Atmel\Librari\MyLibs\PWM_lib\Debug\libPWM_lib.a(PWM_lib.o)
                0x00000178                changePwm_MotorLB
 .text.changePwm_MotorRF
                0x000001a6       0x30 G:\Ingeniously\I_P-A-S-V-t-tenCI_\Atmel\Librari\MyLibs\PWM_lib\Debug\libPWM_lib.a(PWM_lib.o)
                0x000001a6                changePwm_MotorRF
 .text.changePwm_MotorRB
                0x000001d6       0x30 G:\Ingeniously\I_P-A-S-V-t-tenCI_\Atmel\Librari\MyLibs\PWM_lib\Debug\libPWM_lib.a(PWM_lib.o)
                0x000001d6                changePwm_MotorRB
 .text.breakAll
                0x00000206       0x22 G:\Ingeniously\I_P-A-S-V-t-tenCI_\Atmel\Librari\MyLibs\PWM_lib\Debug\libPWM_lib.a(PWM_lib.o)
                0x00000206                breakAll
 .text.initTimer0
                0x00000228       0x4a G:\Ingeniously\I_P-A-S-V-t-tenCI_\Atmel\Librari\MyLibs\PWM_lib\Debug\libPWM_lib.a(PWM_lib.o)
                0x00000228                initTimer0
 .text.initTimer2
                0x00000272       0x5c G:\Ingeniously\I_P-A-S-V-t-tenCI_\Atmel\Librari\MyLibs\PWM_lib\Debug\libPWM_lib.a(PWM_lib.o)
                0x00000272                initTimer2
 .text.initUSART0
                0x000002ce       0xde G:\Ingeniously\I_P-A-S-V-t-tenCI_\Atmel\Librari\MyLibs\Sensors\Debug\libSensors.a(Sensors.o)
                0x000002ce                initUSART0
 .text.initADC  0x000003ac       0x3e G:\Ingeniously\I_P-A-S-V-t-tenCI_\Atmel\Librari\MyLibs\Sensors\Debug\libSensors.a(Sensors.o)
                0x000003ac                initADC
 .text.initSensors
                0x000003ea       0x16 G:\Ingeniously\I_P-A-S-V-t-tenCI_\Atmel\Librari\MyLibs\Sensors\Debug\libSensors.a(Sensors.o)
                0x000003ea                initSensors
 .text.__vector_24
                0x00000400      0x200 G:\Ingeniously\I_P-A-S-V-t-tenCI_\Atmel\Librari\MyLibs\Sensors\Debug\libSensors.a(Sensors.o)
                0x00000400                __vector_24
 .text.__vector_20
                0x00000600      0x1ac G:\Ingeniously\I_P-A-S-V-t-tenCI_\Atmel\Librari\MyLibs\Sensors\Debug\libSensors.a(Sensors.o)
                0x00000600                __vector_20
 .text.checkPackIsFullLength
                0x000007ac       0xee G:\Ingeniously\I_P-A-S-V-t-tenCI_\Atmel\Librari\MyLibs\Communication\Debug\libCommunication.a(Communication.o)
                0x000007ac                checkPackIsFullLength
 .text.fetchCommand
                0x0000089a      0x1de G:\Ingeniously\I_P-A-S-V-t-tenCI_\Atmel\Librari\MyLibs\Communication\Debug\libCommunication.a(Communication.o)
                0x0000089a                fetchCommand
 .text.__clearBuffers
                0x00000a78       0x38 G:\Ingeniously\I_P-A-S-V-t-tenCI_\Atmel\Librari\MyLibs\Communication\Debug\libCommunication.a(Communication.o)
                0x00000a78                __clearBuffers
 .text.initUSART1
                0x00000ab0       0xba G:\Ingeniously\I_P-A-S-V-t-tenCI_\Atmel\Librari\MyLibs\Communication\Debug\libCommunication.a(Communication.o)
                0x00000ab0                initUSART1
 .text.__tryToSend
                0x00000b6a       0x6e G:\Ingeniously\I_P-A-S-V-t-tenCI_\Atmel\Librari\MyLibs\Communication\Debug\libCommunication.a(Communication.o)
                0x00000b6a                __tryToSend
 .text.sendResponse
                0x00000bd8      0x35e G:\Ingeniously\I_P-A-S-V-t-tenCI_\Atmel\Librari\MyLibs\Communication\Debug\libCommunication.a(Communication.o)
                0x00000bd8                sendResponse
 .text.getLastCommand
                0x00000f36       0xf0 G:\Ingeniously\I_P-A-S-V-t-tenCI_\Atmel\Librari\MyLibs\Communication\Debug\libCommunication.a(Communication.o)
                0x00000f36                getLastCommand
 .text.__vector_28
                0x00001026       0xb4 G:\Ingeniously\I_P-A-S-V-t-tenCI_\Atmel\Librari\MyLibs\Communication\Debug\libCommunication.a(Communication.o)
                0x00001026                __vector_28
 .text.__vector_30
                0x000010da       0x80 G:\Ingeniously\I_P-A-S-V-t-tenCI_\Atmel\Librari\MyLibs\Communication\Debug\libCommunication.a(Communication.o)
                0x000010da                __vector_30
 .text.initTimer1
                0x0000115a       0x4c G:\Ingeniously\I_P-A-S-V-t-tenCI_\Atmel\Librari\MyLibs\Time\Debug\libTime.a(Time.o)
                0x0000115a                initTimer1
 .text.__vector_13
                0x000011a6       0xe6 G:\Ingeniously\I_P-A-S-V-t-tenCI_\Atmel\Librari\MyLibs\Time\Debug\libTime.a(Time.o)
                0x000011a6                __vector_13
 .text.avr-libc.fplib
                0x0000128c        0xa c:/program files (x86)/atmel/atmel toolchain/avr8 gcc/native/3.4.1061/avr8-gnu-toolchain/bin/../lib/gcc/avr/4.8.1/../../../../avr/lib/avr5\libm.a(addsf3.o)
                0x0000128c                __subsf3
                0x0000128e                __addsf3
 .text.avr-libc.fplib
                0x00001296       0xc0 c:/program files (x86)/atmel/atmel toolchain/avr8 gcc/native/3.4.1061/avr8-gnu-toolchain/bin/../lib/gcc/avr/4.8.1/../../../../avr/lib/avr5\libm.a(addsf3x.o)
                0x000012b0                __addsf3x
 .text.avr-libc.fplib
                0x00001356        0x8 c:/program files (x86)/atmel/atmel toolchain/avr8 gcc/native/3.4.1061/avr8-gnu-toolchain/bin/../lib/gcc/avr/4.8.1/../../../../avr/lib/avr5\libm.a(cmpsf2.o)
                0x00001356                __nesf2
                0x00001356                __eqsf2
                0x00001356                __cmpsf2
                0x00001356                __ltsf2
                0x00001356                __lesf2
 .text.avr-libc.fplib
                0x0000135e        0x4 c:/program files (x86)/atmel/atmel toolchain/avr8 gcc/native/3.4.1061/avr8-gnu-toolchain/bin/../lib/gcc/avr/4.8.1/../../../../avr/lib/avr5\libm.a(divsf3.o)
                0x0000135e                __divsf3
 .text.avr-libc.fplib
                0x00001362       0xcc c:/program files (x86)/atmel/atmel toolchain/avr8 gcc/native/3.4.1061/avr8-gnu-toolchain/bin/../lib/gcc/avr/4.8.1/../../../../avr/lib/avr5\libm.a(divsf3x.o)
                0x00001378                __divsf3x
                0x0000137c                __divsf3_pse
 .text.avr-libc.fplib
                0x0000142e       0x58 c:/program files (x86)/atmel/atmel toolchain/avr8 gcc/native/3.4.1061/avr8-gnu-toolchain/bin/../lib/gcc/avr/4.8.1/../../../../avr/lib/avr5\libm.a(fixunssfsi.o)
                0x0000142e                __fixunssfsi
 .text.avr-libc.fplib
                0x00001486       0x7a c:/program files (x86)/atmel/atmel toolchain/avr8 gcc/native/3.4.1061/avr8-gnu-toolchain/bin/../lib/gcc/avr/4.8.1/../../../../avr/lib/avr5\libm.a(floatsisf.o)
                0x00001486                __floatunsisf
                0x0000148a                __floatsisf
 .text.avr-libc.fplib
                0x00001500       0x48 c:/program files (x86)/atmel/atmel toolchain/avr8 gcc/native/3.4.1061/avr8-gnu-toolchain/bin/../lib/gcc/avr/4.8.1/../../../../avr/lib/avr5\libm.a(fp_cmp.o)
                0x00001500                __fp_cmp
 .text.avr-libc.fplib
                0x00001548        0xc c:/program files (x86)/atmel/atmel toolchain/avr8 gcc/native/3.4.1061/avr8-gnu-toolchain/bin/../lib/gcc/avr/4.8.1/../../../../avr/lib/avr5\libm.a(fp_inf.o)
                0x00001548                __fp_inf
 .text.avr-libc.fplib
                0x00001554        0x6 c:/program files (x86)/atmel/atmel toolchain/avr8 gcc/native/3.4.1061/avr8-gnu-toolchain/bin/../lib/gcc/avr/4.8.1/../../../../avr/lib/avr5\libm.a(fp_nan.o)
                0x00001554                __fp_nan
 .text.avr-libc.fplib
                0x0000155a        0xe c:/program files (x86)/atmel/atmel toolchain/avr8 gcc/native/3.4.1061/avr8-gnu-toolchain/bin/../lib/gcc/avr/4.8.1/../../../../avr/lib/avr5\libm.a(fp_pscA.o)
                0x0000155a                __fp_pscA
 .text.avr-libc.fplib
                0x00001568        0xe c:/program files (x86)/atmel/atmel toolchain/avr8 gcc/native/3.4.1061/avr8-gnu-toolchain/bin/../lib/gcc/avr/4.8.1/../../../../avr/lib/avr5\libm.a(fp_pscB.o)
                0x00001568                __fp_pscB
 .text.avr-libc.fplib
                0x00001576       0x22 c:/program files (x86)/atmel/atmel toolchain/avr8 gcc/native/3.4.1061/avr8-gnu-toolchain/bin/../lib/gcc/avr/4.8.1/../../../../avr/lib/avr5\libm.a(fp_round.o)
                0x00001576                __fp_round
 .text.avr-libc.fplib
                0x00001598       0x44 c:/program files (x86)/atmel/atmel toolchain/avr8 gcc/native/3.4.1061/avr8-gnu-toolchain/bin/../lib/gcc/avr/4.8.1/../../../../avr/lib/avr5\libm.a(fp_split3.o)
                0x00001598                __fp_split3
                0x000015a8                __fp_splitA
 .text.avr-libc.fplib
                0x000015dc        0xe c:/program files (x86)/atmel/atmel toolchain/avr8 gcc/native/3.4.1061/avr8-gnu-toolchain/bin/../lib/gcc/avr/4.8.1/../../../../avr/lib/avr5\libm.a(fp_zero.o)
                0x000015dc                __fp_zero
                0x000015de                __fp_szero
 .text.avr-libc.fplib
                0x000015ea        0x8 c:/program files (x86)/atmel/atmel toolchain/avr8 gcc/native/3.4.1061/avr8-gnu-toolchain/bin/../lib/gcc/avr/4.8.1/../../../../avr/lib/avr5\libm.a(gesf2.o)
                0x000015ea                __gesf2
                0x000015ea                __gtsf2
 .text.avr-libc.fplib
                0x000015f2       0x74 c:/program files (x86)/atmel/atmel toolchain/avr8 gcc/native/3.4.1061/avr8-gnu-toolchain/bin/../lib/gcc/avr/4.8.1/../../../../avr/lib/avr5\libm.a(lrint.o)
                0x000015f2                lrint
 .text.avr-libc.fplib
                0x00001666        0x4 c:/program files (x86)/atmel/atmel toolchain/avr8 gcc/native/3.4.1061/avr8-gnu-toolchain/bin/../lib/gcc/avr/4.8.1/../../../../avr/lib/avr5\libm.a(mulsf3.o)
                0x00001666                __mulsf3
 .text.avr-libc.fplib
                0x0000166a       0xc2 c:/program files (x86)/atmel/atmel toolchain/avr8 gcc/native/3.4.1061/avr8-gnu-toolchain/bin/../lib/gcc/avr/4.8.1/../../../../avr/lib/avr5\libm.a(mulsf3x.o)
                0x0000167e                __mulsf3x
                0x00001682                __mulsf3_pse
 .text.libgcc.div
                0x0000172c       0x28 c:/program files (x86)/atmel/atmel toolchain/avr8 gcc/native/3.4.1061/avr8-gnu-toolchain/bin/../lib/gcc/avr/4.8.1/avr5\libgcc.a(_divmodhi4.o)
                0x0000172c                _div
                0x0000172c                __divmodhi4
 .text.libgcc.div
                0x00001754       0x2e c:/program files (x86)/atmel/atmel toolchain/avr8 gcc/native/3.4.1061/avr8-gnu-toolchain/bin/../lib/gcc/avr/4.8.1/avr5\libgcc.a(_divmodsi4.o)
                0x00001754                __divmodsi4
 .text.libgcc.div
                0x00001782       0x10 c:/program files (x86)/atmel/atmel toolchain/avr8 gcc/native/3.4.1061/avr8-gnu-toolchain/bin/../lib/gcc/avr/4.8.1/avr5\libgcc.a(_negsi2.o)
                0x00001782                __negsi2
 .text.libgcc.mul
                0x00001792       0x1e c:/program files (x86)/atmel/atmel toolchain/avr8 gcc/native/3.4.1061/avr8-gnu-toolchain/bin/../lib/gcc/avr/4.8.1/avr5\libgcc.a(_umulhisi3.o)
                0x00001792                __umulhisi3
 .text.libgcc.div
                0x000017b0       0x28 c:/program files (x86)/atmel/atmel toolchain/avr8 gcc/native/3.4.1061/avr8-gnu-toolchain/bin/../lib/gcc/avr/4.8.1/avr5\libgcc.a(_udivmodhi4.o)
                0x000017b0                __udivmodhi4
 .text.libgcc.div
                0x000017d8       0x44 c:/program files (x86)/atmel/atmel toolchain/avr8 gcc/native/3.4.1061/avr8-gnu-toolchain/bin/../lib/gcc/avr/4.8.1/avr5\libgcc.a(_udivmodsi4.o)
                0x000017d8                __udivmodsi4
                0x0000181c                . = ALIGN (0x2)
 *(.fini9)
 .fini9         0x0000181c        0x0 c:/program files (x86)/atmel/atmel toolchain/avr8 gcc/native/3.4.1061/avr8-gnu-toolchain/bin/../lib/gcc/avr/4.8.1/avr5\libgcc.a(_exit.o)
                0x0000181c                _exit
                0x0000181c                exit
 *(.fini9)
 *(.fini8)
 *(.fini8)
 *(.fini7)
 *(.fini7)
 *(.fini6)
 *(.fini6)
 *(.fini5)
 *(.fini5)
 *(.fini4)
 *(.fini4)
 *(.fini3)
 *(.fini3)
 *(.fini2)
 *(.fini2)
 *(.fini1)
 *(.fini1)
 *(.fini0)
 .fini0         0x0000181c        0x4 c:/program files (x86)/atmel/atmel toolchain/avr8 gcc/native/3.4.1061/avr8-gnu-toolchain/bin/../lib/gcc/avr/4.8.1/avr5\libgcc.a(_exit.o)
 *(.fini0)
                0x00001820                _etext = .

.data           0x00800100        0x4 load address 0x00001820
                0x00800100                PROVIDE (__data_start, .)
 *(.data)
 *(.data*)
 .data.ticks    0x00800100        0x4 G:\Ingeniously\I_P-A-S-V-t-tenCI_\Atmel\Librari\MyLibs\Time\Debug\libTime.a(Time.o)
                0x00800100                ticks
 *(.rodata)
 *(.rodata*)
 *(.gnu.linkonce.d*)
                0x00800104                . = ALIGN (0x2)
                0x00800104                _edata = .
                0x00800104                PROVIDE (__data_end, .)

.bss            0x00800104      0x25c
                0x00800104                PROVIDE (__bss_start, .)
 *(.bss)
 *(.bss*)
 .bss.US_manual_start
                0x00800104        0x1 G:\Ingeniously\I_P-A-S-V-t-tenCI_\Atmel\Librari\MyLibs\Sensors\Debug\libSensors.a(Sensors.o)
                0x00800104                US_manual_start
 .bss.US_pos_in_buffer
                0x00800105        0x1 G:\Ingeniously\I_P-A-S-V-t-tenCI_\Atmel\Librari\MyLibs\Sensors\Debug\libSensors.a(Sensors.o)
                0x00800105                US_pos_in_buffer
 .bss.US_data_part_no
                0x00800106        0x1 G:\Ingeniously\I_P-A-S-V-t-tenCI_\Atmel\Librari\MyLibs\Sensors\Debug\libSensors.a(Sensors.o)
                0x00800106                US_data_part_no
 .bss.lastUSonicValue
                0x00800107        0x4 G:\Ingeniously\I_P-A-S-V-t-tenCI_\Atmel\Librari\MyLibs\Sensors\Debug\libSensors.a(Sensors.o)
                0x00800107                lastUSonicValue
 .bss.i         0x0080010b        0x2 G:\Ingeniously\I_P-A-S-V-t-tenCI_\Atmel\Librari\MyLibs\Sensors\Debug\libSensors.a(Sensors.o)
                0x0080010b                i
 .bss.txWritePos
                0x0080010d        0x1 G:\Ingeniously\I_P-A-S-V-t-tenCI_\Atmel\Librari\MyLibs\Communication\Debug\libCommunication.a(Communication.o)
                0x0080010d                txWritePos
 .bss.txReadPos
                0x0080010e        0x1 G:\Ingeniously\I_P-A-S-V-t-tenCI_\Atmel\Librari\MyLibs\Communication\Debug\libCommunication.a(Communication.o)
                0x0080010e                txReadPos
 .bss.lastPackPosInBuff
                0x0080010f        0x1 G:\Ingeniously\I_P-A-S-V-t-tenCI_\Atmel\Librari\MyLibs\Communication\Debug\libCommunication.a(Communication.o)
                0x0080010f                lastPackPosInBuff
 .bss.lastPackNo
                0x00800110        0x1 G:\Ingeniously\I_P-A-S-V-t-tenCI_\Atmel\Librari\MyLibs\Communication\Debug\libCommunication.a(Communication.o)
                0x00800110                lastPackNo
 .bss.packStarted
                0x00800111        0x1 G:\Ingeniously\I_P-A-S-V-t-tenCI_\Atmel\Librari\MyLibs\Communication\Debug\libCommunication.a(Communication.o)
                0x00800111                packStarted
 .bss.rxWritePos
                0x00800112        0x1 G:\Ingeniously\I_P-A-S-V-t-tenCI_\Atmel\Librari\MyLibs\Communication\Debug\libCommunication.a(Communication.o)
                0x00800112                rxWritePos
 .bss.rxReadPos
                0x00800113        0x1 G:\Ingeniously\I_P-A-S-V-t-tenCI_\Atmel\Librari\MyLibs\Communication\Debug\libCommunication.a(Communication.o)
                0x00800113                rxReadPos
 .bss.argc2     0x00800114        0x2 G:\Ingeniously\I_P-A-S-V-t-tenCI_\Atmel\Librari\MyLibs\Time\Debug\libTime.a(Time.o)
                0x00800114                argc2
 .bss.stopFunction
                0x00800116        0x2 G:\Ingeniously\I_P-A-S-V-t-tenCI_\Atmel\Librari\MyLibs\Time\Debug\libTime.a(Time.o)
                0x00800116                stopFunction
 *(COMMON)
 COMMON         0x00800118       0x38 G:\Ingeniously\I_P-A-S-V-t-tenCI_\Atmel\Librari\MyLibs\Sensors\Debug\libSensors.a(Sensors.o)
                0x00800118                UltraSonicValues
                0x00800140                ultrasonicDataPack
                0x00800144                dis
 COMMON         0x00800150      0x1fc G:\Ingeniously\I_P-A-S-V-t-tenCI_\Atmel\Librari\MyLibs\Communication\Debug\libCommunication.a(Communication.o)
                0x00800150                rxBuffer
                0x0080024e                txBuffer
 COMMON         0x0080034c       0x14 G:\Ingeniously\I_P-A-S-V-t-tenCI_\Atmel\Librari\MyLibs\Time\Debug\libTime.a(Time.o)
                0x0080034c                argv2
                0x00800360                PROVIDE (__bss_end, .)
                0x00001820                __data_load_start = LOADADDR (.data)
                0x00001824                __data_load_end = (__data_load_start + SIZEOF (.data))

.noinit         0x00800360        0x0
                0x00800360                PROVIDE (__noinit_start, .)
 *(.noinit*)
                0x00800360                PROVIDE (__noinit_end, .)
                0x00800360                _end = .
                0x00800360                PROVIDE (__heap_start, .)

.eeprom         0x00810000        0x0
 *(.eeprom*)
                0x00810000                __eeprom_end = .

.fuse
 *(.fuse)
 *(.lfuse)
 *(.hfuse)
 *(.efuse)

.lock
 *(.lock*)

.signature
 *(.signature*)

.user_signatures
 *(.user_signatures*)

.stab
 *(.stab)

.stabstr
 *(.stabstr)

.stab.excl
 *(.stab.excl)

.stab.exclstr
 *(.stab.exclstr)

.stab.index
 *(.stab.index)

.stab.indexstr
 *(.stab.indexstr)

.comment        0x00000000       0x30
 *(.comment)
 .comment       0x00000000       0x30 Test2_atmega324PA.o
                                 0x31 (size before relaxing)
 .comment       0x00000000       0x31 G:\Ingeniously\I_P-A-S-V-t-tenCI_\Atmel\Librari\MyLibs\PWM_lib\Debug\libPWM_lib.a(PWM_lib.o)
 .comment       0x00000000       0x31 G:\Ingeniously\I_P-A-S-V-t-tenCI_\Atmel\Librari\MyLibs\Sensors\Debug\libSensors.a(Sensors.o)
 .comment       0x00000000       0x31 G:\Ingeniously\I_P-A-S-V-t-tenCI_\Atmel\Librari\MyLibs\Communication\Debug\libCommunication.a(Communication.o)
 .comment       0x00000000       0x31 G:\Ingeniously\I_P-A-S-V-t-tenCI_\Atmel\Librari\MyLibs\Time\Debug\libTime.a(Time.o)

.note.gnu.build-id
 *(.note.gnu.build-id)

.debug
 *(.debug)

.line
 *(.line)

.debug_srcinfo
 *(.debug_srcinfo)

.debug_sfnames
 *(.debug_sfnames)

.debug_aranges  0x00000000      0x1e0
 *(.debug_aranges)
 .debug_aranges
                0x00000000       0x30 Test2_atmega324PA.o
 .debug_aranges
                0x00000030       0xb0 G:\Ingeniously\I_P-A-S-V-t-tenCI_\Atmel\Librari\MyLibs\PWM_lib\Debug\libPWM_lib.a(PWM_lib.o)
 .debug_aranges
                0x000000e0       0x68 G:\Ingeniously\I_P-A-S-V-t-tenCI_\Atmel\Librari\MyLibs\Sensors\Debug\libSensors.a(Sensors.o)
 .debug_aranges
                0x00000148       0x68 G:\Ingeniously\I_P-A-S-V-t-tenCI_\Atmel\Librari\MyLibs\Communication\Debug\libCommunication.a(Communication.o)
 .debug_aranges
                0x000001b0       0x30 G:\Ingeniously\I_P-A-S-V-t-tenCI_\Atmel\Librari\MyLibs\Time\Debug\libTime.a(Time.o)

.debug_pubnames
 *(.debug_pubnames)

.debug_info     0x00000000     0x153d
 *(.debug_info .gnu.linkonce.wi.*)
 .debug_info    0x00000000      0x333 Test2_atmega324PA.o
 .debug_info    0x00000333      0x647 G:\Ingeniously\I_P-A-S-V-t-tenCI_\Atmel\Librari\MyLibs\PWM_lib\Debug\libPWM_lib.a(PWM_lib.o)
 .debug_info    0x0000097a      0x3cf G:\Ingeniously\I_P-A-S-V-t-tenCI_\Atmel\Librari\MyLibs\Sensors\Debug\libSensors.a(Sensors.o)
 .debug_info    0x00000d49      0x5d1 G:\Ingeniously\I_P-A-S-V-t-tenCI_\Atmel\Librari\MyLibs\Communication\Debug\libCommunication.a(Communication.o)
 .debug_info    0x0000131a      0x223 G:\Ingeniously\I_P-A-S-V-t-tenCI_\Atmel\Librari\MyLibs\Time\Debug\libTime.a(Time.o)

.debug_abbrev   0x00000000      0x883
 *(.debug_abbrev)
 .debug_abbrev  0x00000000      0x1ab Test2_atmega324PA.o
 .debug_abbrev  0x000001ab      0x15e G:\Ingeniously\I_P-A-S-V-t-tenCI_\Atmel\Librari\MyLibs\PWM_lib\Debug\libPWM_lib.a(PWM_lib.o)
 .debug_abbrev  0x00000309      0x20f G:\Ingeniously\I_P-A-S-V-t-tenCI_\Atmel\Librari\MyLibs\Sensors\Debug\libSensors.a(Sensors.o)
 .debug_abbrev  0x00000518      0x275 G:\Ingeniously\I_P-A-S-V-t-tenCI_\Atmel\Librari\MyLibs\Communication\Debug\libCommunication.a(Communication.o)
 .debug_abbrev  0x0000078d       0xf6 G:\Ingeniously\I_P-A-S-V-t-tenCI_\Atmel\Librari\MyLibs\Time\Debug\libTime.a(Time.o)

.debug_line     0x00000000      0x9f0
 *(.debug_line .debug_line.* .debug_line_end)
 .debug_line    0x00000000      0x1b8 Test2_atmega324PA.o
 .debug_line    0x000001b8      0x279 G:\Ingeniously\I_P-A-S-V-t-tenCI_\Atmel\Librari\MyLibs\PWM_lib\Debug\libPWM_lib.a(PWM_lib.o)
 .debug_line    0x00000431      0x1dd G:\Ingeniously\I_P-A-S-V-t-tenCI_\Atmel\Librari\MyLibs\Sensors\Debug\libSensors.a(Sensors.o)
 .debug_line    0x0000060e      0x2ec G:\Ingeniously\I_P-A-S-V-t-tenCI_\Atmel\Librari\MyLibs\Communication\Debug\libCommunication.a(Communication.o)
 .debug_line    0x000008fa       0xf6 G:\Ingeniously\I_P-A-S-V-t-tenCI_\Atmel\Librari\MyLibs\Time\Debug\libTime.a(Time.o)

.debug_frame    0x00000000      0x654
 *(.debug_frame)
 .debug_frame   0x00000000       0x60 Test2_atmega324PA.o
 .debug_frame   0x00000060      0x1b4 G:\Ingeniously\I_P-A-S-V-t-tenCI_\Atmel\Librari\MyLibs\PWM_lib\Debug\libPWM_lib.a(PWM_lib.o)
 .debug_frame   0x00000214      0x1d0 G:\Ingeniously\I_P-A-S-V-t-tenCI_\Atmel\Librari\MyLibs\Sensors\Debug\libSensors.a(Sensors.o)
 .debug_frame   0x000003e4      0x1b0 G:\Ingeniously\I_P-A-S-V-t-tenCI_\Atmel\Librari\MyLibs\Communication\Debug\libCommunication.a(Communication.o)
 .debug_frame   0x00000594       0xc0 G:\Ingeniously\I_P-A-S-V-t-tenCI_\Atmel\Librari\MyLibs\Time\Debug\libTime.a(Time.o)

.debug_str      0x00000000      0x84d
 *(.debug_str)
 .debug_str     0x00000000      0x23e Test2_atmega324PA.o
                                0x279 (size before relaxing)
 .debug_str     0x0000023e      0x21c G:\Ingeniously\I_P-A-S-V-t-tenCI_\Atmel\Librari\MyLibs\PWM_lib\Debug\libPWM_lib.a(PWM_lib.o)
                                0x2d5 (size before relaxing)
 .debug_str     0x0000045a      0x1b4 G:\Ingeniously\I_P-A-S-V-t-tenCI_\Atmel\Librari\MyLibs\Sensors\Debug\libSensors.a(Sensors.o)
                                0x2dc (size before relaxing)
 .debug_str     0x0000060e      0x17a G:\Ingeniously\I_P-A-S-V-t-tenCI_\Atmel\Librari\MyLibs\Communication\Debug\libCommunication.a(Communication.o)
                                0x323 (size before relaxing)
 .debug_str     0x00000788       0xc5 G:\Ingeniously\I_P-A-S-V-t-tenCI_\Atmel\Librari\MyLibs\Time\Debug\libTime.a(Time.o)
                                0x20a (size before relaxing)

.debug_loc      0x00000000     0x14e7
 *(.debug_loc)
 .debug_loc     0x00000000       0xa9 Test2_atmega324PA.o
 .debug_loc     0x000000a9      0x26d G:\Ingeniously\I_P-A-S-V-t-tenCI_\Atmel\Librari\MyLibs\PWM_lib\Debug\libPWM_lib.a(PWM_lib.o)
 .debug_loc     0x00000316      0x674 G:\Ingeniously\I_P-A-S-V-t-tenCI_\Atmel\Librari\MyLibs\Sensors\Debug\libSensors.a(Sensors.o)
 .debug_loc     0x0000098a      0x88e G:\Ingeniously\I_P-A-S-V-t-tenCI_\Atmel\Librari\MyLibs\Communication\Debug\libCommunication.a(Communication.o)
 .debug_loc     0x00001218      0x2cf G:\Ingeniously\I_P-A-S-V-t-tenCI_\Atmel\Librari\MyLibs\Time\Debug\libTime.a(Time.o)

.debug_macinfo
 *(.debug_macinfo)

.debug_weaknames
 *(.debug_weaknames)

.debug_funcnames
 *(.debug_funcnames)

.debug_typenames
 *(.debug_typenames)

.debug_varnames
 *(.debug_varnames)

.debug_pubtypes
 *(.debug_pubtypes)

.debug_ranges   0x00000000      0x1a8
 *(.debug_ranges)
 .debug_ranges  0x00000000       0x20 Test2_atmega324PA.o
 .debug_ranges  0x00000020       0xa0 G:\Ingeniously\I_P-A-S-V-t-tenCI_\Atmel\Librari\MyLibs\PWM_lib\Debug\libPWM_lib.a(PWM_lib.o)
 .debug_ranges  0x000000c0       0x70 G:\Ingeniously\I_P-A-S-V-t-tenCI_\Atmel\Librari\MyLibs\Sensors\Debug\libSensors.a(Sensors.o)
 .debug_ranges  0x00000130       0x58 G:\Ingeniously\I_P-A-S-V-t-tenCI_\Atmel\Librari\MyLibs\Communication\Debug\libCommunication.a(Communication.o)
 .debug_ranges  0x00000188       0x20 G:\Ingeniously\I_P-A-S-V-t-tenCI_\Atmel\Librari\MyLibs\Time\Debug\libTime.a(Time.o)

.debug_macro
 *(.debug_macro)
OUTPUT(Test2_atmega324PA.elf elf32-avr)
LOAD linker stubs
